Archive member included to satisfy reference by file (symbol)

c:/mounriver/mounriver_studio2/resources/app/resources/win32/components/wch/toolchain/risc-v embedded gcc/bin/../lib/gcc/riscv-none-embed/8.2.0/../../../../riscv-none-embed/lib/rv32imacxw/ilp32\libm.a(lib_a-wf_fmod.o)
                              ./User/ws2812b/rainbow.o (fmodf)
c:/mounriver/mounriver_studio2/resources/app/resources/win32/components/wch/toolchain/risc-v embedded gcc/bin/../lib/gcc/riscv-none-embed/8.2.0/../../../../riscv-none-embed/lib/rv32imacxw/ilp32\libm.a(lib_a-ef_fmod.o)
                              c:/mounriver/mounriver_studio2/resources/app/resources/win32/components/wch/toolchain/risc-v embedded gcc/bin/../lib/gcc/riscv-none-embed/8.2.0/../../../../riscv-none-embed/lib/rv32imacxw/ilp32\libm.a(lib_a-wf_fmod.o) (__ieee754_fmodf)
c:/mounriver/mounriver_studio2/resources/app/resources/win32/components/wch/toolchain/risc-v embedded gcc/bin/../lib/gcc/riscv-none-embed/8.2.0/../../../../riscv-none-embed/lib/rv32imacxw/ilp32\libm.a(lib_a-s_lib_ver.o)
                              c:/mounriver/mounriver_studio2/resources/app/resources/win32/components/wch/toolchain/risc-v embedded gcc/bin/../lib/gcc/riscv-none-embed/8.2.0/../../../../riscv-none-embed/lib/rv32imacxw/ilp32\libm.a(lib_a-wf_fmod.o) (__fdlib_version)
c:/mounriver/mounriver_studio2/resources/app/resources/win32/components/wch/toolchain/risc-v embedded gcc/bin/../lib/gcc/riscv-none-embed/8.2.0/../../../../riscv-none-embed/lib/rv32imacxw/ilp32\libm.a(lib_a-s_matherr.o)
                              c:/mounriver/mounriver_studio2/resources/app/resources/win32/components/wch/toolchain/risc-v embedded gcc/bin/../lib/gcc/riscv-none-embed/8.2.0/../../../../riscv-none-embed/lib/rv32imacxw/ilp32\libm.a(lib_a-wf_fmod.o) (matherr)
c:/mounriver/mounriver_studio2/resources/app/resources/win32/components/wch/toolchain/risc-v embedded gcc/bin/../lib/gcc/riscv-none-embed/8.2.0/rv32imacxw/ilp32\libgcc.a(_divdi3.o)
                              ./Middlewares/FATFS/source/ff.o (__divdi3)
c:/mounriver/mounriver_studio2/resources/app/resources/win32/components/wch/toolchain/risc-v embedded gcc/bin/../lib/gcc/riscv-none-embed/8.2.0/rv32imacxw/ilp32\libgcc.a(_udivdi3.o)
                              ./Middlewares/FATFS/source/ff.o (__udivdi3)
c:/mounriver/mounriver_studio2/resources/app/resources/win32/components/wch/toolchain/risc-v embedded gcc/bin/../lib/gcc/riscv-none-embed/8.2.0/rv32imacxw/ilp32\libgcc.a(adddf3.o)
                              ./drivers/BSP/ADC/temp_adc.o (__adddf3)
c:/mounriver/mounriver_studio2/resources/app/resources/win32/components/wch/toolchain/risc-v embedded gcc/bin/../lib/gcc/riscv-none-embed/8.2.0/rv32imacxw/ilp32\libgcc.a(divdf3.o)
                              ./drivers/BSP/ADC/temp_adc.o (__divdf3)
c:/mounriver/mounriver_studio2/resources/app/resources/win32/components/wch/toolchain/risc-v embedded gcc/bin/../lib/gcc/riscv-none-embed/8.2.0/rv32imacxw/ilp32\libgcc.a(muldf3.o)
                              ./drivers/BSP/LCD/lcd.o (__muldf3)
c:/mounriver/mounriver_studio2/resources/app/resources/win32/components/wch/toolchain/risc-v embedded gcc/bin/../lib/gcc/riscv-none-embed/8.2.0/rv32imacxw/ilp32\libgcc.a(subdf3.o)
                              ./drivers/BSP/ADC/temp_adc.o (__subdf3)
c:/mounriver/mounriver_studio2/resources/app/resources/win32/components/wch/toolchain/risc-v embedded gcc/bin/../lib/gcc/riscv-none-embed/8.2.0/rv32imacxw/ilp32\libgcc.a(fixdfsi.o)
                              ./drivers/BSP/ADC/temp_adc.o (__fixdfsi)
c:/mounriver/mounriver_studio2/resources/app/resources/win32/components/wch/toolchain/risc-v embedded gcc/bin/../lib/gcc/riscv-none-embed/8.2.0/rv32imacxw/ilp32\libgcc.a(fixunsdfsi.o)
                              ./drivers/BSP/LCD/lcd.o (__fixunsdfsi)
c:/mounriver/mounriver_studio2/resources/app/resources/win32/components/wch/toolchain/risc-v embedded gcc/bin/../lib/gcc/riscv-none-embed/8.2.0/rv32imacxw/ilp32\libgcc.a(floatsidf.o)
                              ./drivers/BSP/LCD/lcd.o (__floatsidf)
c:/mounriver/mounriver_studio2/resources/app/resources/win32/components/wch/toolchain/risc-v embedded gcc/bin/../lib/gcc/riscv-none-embed/8.2.0/rv32imacxw/ilp32\libgcc.a(addsf3.o)
                              ./User/ws2812b/rainbow.o (__addsf3)
c:/mounriver/mounriver_studio2/resources/app/resources/win32/components/wch/toolchain/risc-v embedded gcc/bin/../lib/gcc/riscv-none-embed/8.2.0/rv32imacxw/ilp32\libgcc.a(divsf3.o)
                              ./User/ws2812b/rainbow.o (__divsf3)
c:/mounriver/mounriver_studio2/resources/app/resources/win32/components/wch/toolchain/risc-v embedded gcc/bin/../lib/gcc/riscv-none-embed/8.2.0/rv32imacxw/ilp32\libgcc.a(eqsf2.o)
                              c:/mounriver/mounriver_studio2/resources/app/resources/win32/components/wch/toolchain/risc-v embedded gcc/bin/../lib/gcc/riscv-none-embed/8.2.0/../../../../riscv-none-embed/lib/rv32imacxw/ilp32\libm.a(lib_a-wf_fmod.o) (__eqsf2)
[...]
Memory Configuration

Name             Origin             Length             Attributes
FLASH            0x0000000000000000 0x0000000000040000 xr
RAM              0x0000000020000000 0x0000000000010000 xrw
*default*        0x0000000000000000 0xffffffffffffffff

Linker script and memory map

LOAD ./rtthread/src/clock.o
LOAD ./rtthread/src/components.o
LOAD ./rtthread/src/cpu.o
LOAD ./rtthread/src/device.o
LOAD ./rtthread/src/idle.o
LOAD ./rtthread/src/ipc.o
LOAD ./rtthread/src/irq.o
LOAD ./rtthread/src/kservice.o
LOAD ./rtthread/src/mem.o
LOAD ./rtthread/src/memheap.o
LOAD ./rtthread/src/mempool.o
LOAD ./rtthread/src/object.o
LOAD ./rtthread/src/scheduler.o
LOAD ./rtthread/src/slab.o
LOAD ./rtthread/src/thread.o
LOAD ./rtthread/src/timer.o
LOAD ./rtthread/libcpu/risc-v/common/context_gcc.o
LOAD ./rtthread/libcpu/risc-v/common/cpuport.o
LOAD ./rtthread/libcpu/risc-v/common/interrupt_gcc.o
LOAD ./rtthread/components/finsh/cmd.o
LOAD ./rtthread/components/finsh/msh.o
LOAD ./rtthread/components/finsh/msh_cmd.o
LOAD ./rtthread/components/finsh/msh_file.o
LOAD ./rtthread/components/finsh/shell.o
LOAD ./rtthread/components/finsh/symbol.o
LOAD ./rtthread/components/drivers/serial/serial.o
LOAD ./rtthread/components/drivers/misc/pin.o
LOAD ./rtthread/board.o
LOAD ./drivers/SYSTEM/usart/usart.o
LOAD ./drivers/SYSTEM/sys/sys.o
LOAD ./drivers/SYSTEM/delay/delay.o
LOAD ./drivers/BSP/SPI/spi.o
LOAD ./drivers/BSP/SDIO/sdio_sdcard.o
LOAD ./drivers/BSP/NORFLASH/norflash.o
LOAD ./drivers/BSP/LED/led.o
LOAD ./drivers/BSP/LCD/lcd.o
LOAD ./drivers/BSP/LCD/lcd_ex.o
LOAD ./drivers/BSP/KEY/key.o
LOAD ./drivers/BSP/ADC/temp_adc.o
LOAD ./drivers/drv_gpio.o
LOAD ./drivers/drv_pwm.o
LOAD ./drivers/drv_usart.o
LOAD ./User/ws2812b/rainbow.o
LOAD ./User/ws2812b/ws2812.o
LOAD ./User/screen/screen.o
LOAD ./User/PWM.o
LOAD ./User/WIFI.o
LOAD ./User/ch32v30x_it.o
LOAD ./User/main.o
LOAD ./User/system_ch32v30x.o
LOAD ./Startup/startup_ch32v30x_D8C.o
LOAD ./Peripheral/src/ch32v30x_adc.o
LOAD ./Peripheral/src/ch32v30x_bkp.o
LOAD ./Peripheral/src/ch32v30x_can.o
LOAD ./Peripheral/src/ch32v30x_crc.o
LOAD ./Peripheral/src/ch32v30x_dac.o
LOAD ./Peripheral/src/ch32v30x_dbgmcu.o
LOAD ./Peripheral/src/ch32v30x_dma.o
LOAD ./Peripheral/src/ch32v30x_dvp.o
LOAD ./Peripheral/src/ch32v30x_eth.o
LOAD ./Peripheral/src/ch32v30x_exti.o
LOAD ./Peripheral/src/ch32v30x_flash.o
LOAD ./Peripheral/src/ch32v30x_fsmc.o
LOAD ./Peripheral/src/ch32v30x_gpio.o
LOAD ./Peripheral/src/ch32v30x_i2c.o
LOAD ./Peripheral/src/ch32v30x_iwdg.o
LOAD ./Peripheral/src/ch32v30x_misc.o
LOAD ./Peripheral/src/ch32v30x_opa.o
LOAD ./Peripheral/src/ch32v30x_pwr.o
LOAD ./Peripheral/src/ch32v30x_rcc.o
LOAD ./Peripheral/src/ch32v30x_rng.o
LOAD ./Peripheral/src/ch32v30x_rtc.o
LOAD ./Peripheral/src/ch32v30x_sdio.o
LOAD ./Peripheral/src/ch32v30x_spi.o
LOAD ./Peripheral/src/ch32v30x_tim.o
LOAD ./Peripheral/src/ch32v30x_usart.o
LOAD ./Peripheral/src/ch32v30x_wwdg.o
LOAD ./Middlewares/USMART/usmart.o
LOAD ./Middlewares/USMART/usmart_config.o
LOAD ./Middlewares/USMART/usmart_port.o
LOAD ./Middlewares/USMART/usmart_str.o
LOAD ./Middlewares/TEXT/fonts.o
LOAD ./Middlewares/TEXT/text.o
LOAD ./Middlewares/PICTURE/bmp.o
LOAD ./Middlewares/PICTURE/gif.o
LOAD ./Middlewares/PICTURE/piclib.o
LOAD ./Middlewares/PICTURE/tjpgd.o
LOAD ./Middlewares/MALLOC/malloc.o
LOAD ./Middlewares/FATFS/source/diskio.o
LOAD ./Middlewares/FATFS/source/ff.o
LOAD ./Middlewares/FATFS/source/ffsystem.o
LOAD ./Middlewares/FATFS/exfuns/exfuns.o
LOAD ./Middlewares/FATFS/exfuns/fattester.o
LOAD ./Middlewares/FATFS/exfuns/myffunicode.o
LOAD ./Debug/debug.o
LOAD ./Core/core_riscv.o
LOAD c:/mounriver/mounriver_studio2/resources/app/resources/win32/components/wch/toolchain/risc-v embedded gcc/bin/../lib/gcc/riscv-none-embed/8.2.0/../../../../riscv-none-embed/lib/rv32imacxw/ilp32\libm.a
LOAD c:/mounriver/mounriver_studio2/resources/app/resources/win32/components/wch/toolchain/risc-v embedded gcc/bin/../lib/gcc/riscv-none-embed/8.2.0/rv32imacxw/ilp32\libgcc.a
LOAD c:/mounriver/mounriver_studio2/resources/app/resources/win32/components/wch/toolchain/risc-v embedded gcc/bin/../lib/gcc/riscv-none-embed/8.2.0/../../../../riscv-none-embed/lib/rv32imacxw/ilp32\libg_nano.a
LOAD c:/mounriver/mounriver_studio2/resources/app/resources/win32/components/wch/toolchain/risc-v embedded gcc/bin/../lib/gcc/riscv-none-embed/8.2.0/../../../../riscv-none-embed/lib/rv32imacxw/ilp32\libc_nano.a
LOAD c:/mounriver/mounriver_studio2/resources/app/resources/win32/components/wch/toolchain/risc-v embedded gcc/bin/../lib/gcc/riscv-none-embed/8.2.0/rv32imacxw/ilp32\libgcc.a
START GROUP
LOAD c:/mounriver/mounriver_studio2/resources/app/resources/win32/components/wch/toolchain/risc-v embedded gcc/bin/../lib/gcc/riscv-none-embed/8.2.0/rv32imacxw/ilp32\libgcc.a
LOAD c:/mounriver/mounriver_studio2/resources/app/resources/win32/components/wch/toolchain/risc-v embedded gcc/bin/../lib/gcc/riscv-none-embed/8.2.0/../../../../riscv-none-embed/lib/rv32imacxw/ilp32\libc_nano.a
LOAD c:/mounriver/mounriver_studio2/resources/app/resources/win32/components/wch/toolchain/risc-v embedded gcc/bin/../lib/gcc/riscv-none-embed/8.2.0/../../../../riscv-none-embed/lib/rv32imacxw/ilp32\libnosys.a
END GROUP
START GROUP
LOAD c:/mounriver/mounriver_studio2/resources/app/resources/win32/components/wch/toolchain/risc-v embedded gcc/bin/../lib/gcc/riscv-none-embed/8.2.0/rv32imacxw/ilp32\libgcc.a
LOAD c:/mounriver/mounriver_studio2/resources/app/resources/win32/components/wch/toolchain/risc-v embedded gcc/bin/../lib/gcc/riscv-none-embed/8.2.0/../../../../riscv-none-embed/lib/rv32imacxw/ilp32\libc_nano.a
LOAD c:/mounriver/mounriver_studio2/resources/app/resources/win32/components/wch/toolchain/risc-v embedded gcc/bin/../lib/gcc/riscv-none-embed/8.2.0/../../../../riscv-none-embed/lib/rv32imacxw/ilp32\libnosys.a
END GROUP
                0x0000000000000800                __stack_size = 0x800
                [!provide]                        PROVIDE (_stack_size = __stack_size)

.init           0x0000000000000000        0x4
                0x0000000000000000                _sinit = .
                0x0000000000000000                . = ALIGN (0x4)
 *(SORT_NONE(.init))
 .init          0x0000000000000000        0x4 ./Startup/startup_ch32v30x_D8C.o
                0x0000000000000000                _start
                0x0000000000000004                . = ALIGN (0x4)
                0x0000000000000004                _einit = .

.vector         0x0000000000000004      0x1bc
 *(.vector)
 .vector        0x0000000000000004      0x1a0 ./Startup/startup_ch32v30x_D8C.o
                0x00000000000001c0                . = ALIGN (0x40)
 *fill*         0x00000000000001a4       0x1c 

.text           0x00000000000001c0    0x1b154
                0x00000000000001c0                . = ALIGN (0x4)
 *(.text)
 .text          0x00000000000001c0       0xce ./rtthread/libcpu/risc-v/common/context_gcc.o
                0x00000000000001c0                rt_hw_context_switch_to
                0x00000000000001dc                rt_hw_context_switch
                0x0000000000000236                rt_hw_context_switch_exit
 *fill*         0x000000000000028e        0x2 
 .text          0x0000000000000290       0xe2 ./rtthread/libcpu/risc-v/common/interrupt_gcc.o
                0x0000000000000290                SW_Handler
 .text          0x0000000000000372       0x60 c:/mounriver/mounriver_studio2/resources/app/resources/win32/components/wch/toolchain/risc-v embedded gcc/bin/../lib/gcc/riscv-none-embed/8.2.0/rv32imacxw/ilp32\libgcc.a(save-restore.o)
                0x0000000000000372                __riscv_save_12
                0x000000000000037a                __riscv_save_9
                0x000000000000037a                __riscv_save_11
                0x000000000000037a                __riscv_save_10
                0x000000000000037a                __riscv_save_8
                0x0000000000000388                __riscv_save_4
                0x0000000000000388                __riscv_save_6
                0x0000000000000388                __riscv_save_5
                0x0000000000000388                __riscv_save_7
                0x00000000000003a2                __riscv_save_3
                0x00000000000003a2                __riscv_save_2
                0x00000000000003a2                __riscv_save_1
                0x00000000000003a2                __riscv_save_0
                0x00000000000003ae                __riscv_restore_12
                0x00000000000003b2                __riscv_restore_11
                0x00000000000003b2                __riscv_restore_9
                0x00000000000003b2                __riscv_restore_10
                0x00000000000003b2                __riscv_restore_8
                0x00000000000003bc                __riscv_restore_5
                0x00000000000003bc                __riscv_restore_7
                0x00000000000003bc                __riscv_restore_6
                0x00000000000003bc                __riscv_restore_4
                0x00000000000003c6                __riscv_restore_3
                0x00000000000003c6                __riscv_restore_0
                0x00000000000003c6                __riscv_restore_2
                0x00000000000003c6                __riscv_restore_1
 .text          0x00000000000003d2       0xa8 c:/mounriver/mounriver_studio2/resources/app/resources/win32/components/wch/toolchain/risc-v embedded gcc/bin/../lib/gcc/riscv-none-embed/8.2.0/../../../../riscv-none-embed/lib/rv32imacxw/ilp32\libg_nano.a(lib_a-memset.o)
                0x00000000000003d2                memset
 .text          0x000000000000047a      0x11a c:/mounriver/mounriver_studio2/resources/app/resources/win32/components/wch/toolchain/risc-v embedded gcc/bin/../lib/gcc/riscv-none-embed/8.2.0/../../../../riscv-none-embed/lib/rv32imacxw/ilp32\libg_nano.a(lib_a-strcmp.o)
                0x000000000000047a                strcmp
 *(.text.*)
 .text.rt_tick_get
                0x0000000000000594        0x6 ./rtthread/src/clock.o
                0x0000000000000594                rt_tick_get
 .text.rt_tick_increase
                0x000000000000059a       0x28 ./rtthread/src/clock.o
                0x000000000000059a                rt_tick_increase
 .text.rt_tick_from_millisecond
                0x00000000000005c2       0x28 ./rtthread/src/clock.o
                0x00000000000005c2                rt_tick_from_millisecond
 .text.rti_start
                0x00000000000005ea        0x4 ./rtthread/src/components.o
 .text.rti_end  0x00000000000005ee        0x4 ./rtthread/src/components.o
 .text.rti_board_start
                0x00000000000005f2        0x4 ./rtthread/src/components.o
 .text.rti_board_end
                0x00000000000005f6        0x4 ./rtthread/src/components.o
 .text.rt_components_board_init
                0x00000000000005fa       0x3c ./rtthread/src/components.o
                0x00000000000005fa                rt_components_board_init
 .text.rt_components_init
                0x0000000000000636       0x48 ./rtthread/src/components.o
                0x0000000000000636                rt_components_init
 .text.main_thread_entry
                0x000000000000067e        0xc ./rtthread/src/components.o
                0x000000000000067e                main_thread_entry
 .text.rt_application_init
                0x000000000000068a       0x46 ./rtthread/src/components.o
                0x000000000000068a                rt_application_init
 .text.rtthread_startup
                0x00000000000006d0       0x28 ./rtthread/src/components.o
                0x00000000000006d0                rtthread_startup
 .text.entry    0x00000000000006f8        0xa ./rtthread/src/components.o
                0x00000000000006f8                entry
 .text.rt_device_find
                0x0000000000000702       0x62 ./rtthread/src/device.o
                0x0000000000000702                rt_device_find
 .text.rt_device_register
                0x0000000000000764       0x34 ./rtthread/src/device.o
                0x0000000000000764                rt_device_register
 .text.rt_device_open
                0x0000000000000798       0xd2 ./rtthread/src/device.o
                0x0000000000000798                rt_device_open
 .text.rt_device_close
                0x000000000000086a       0x6c ./rtthread/src/device.o
                0x000000000000086a                rt_device_close
 .text.rt_device_read
                0x00000000000008d6       0x66 ./rtthread/src/device.o
                0x00000000000008d6                rt_device_read
 .text.rt_device_write
                0x000000000000093c       0x64 ./rtthread/src/device.o
                0x000000000000093c                rt_device_write
 .text.rt_device_control
                0x00000000000009a0       0x54 ./rtthread/src/device.o
                0x00000000000009a0                rt_device_control
 .text.rt_device_set_rx_indicate
                0x00000000000009f4       0x4a ./rtthread/src/device.o
                0x00000000000009f4                rt_device_set_rx_indicate
 .text.rt_thread_idle_excute
                0x0000000000000a3e       0xae ./rtthread/src/idle.o
                0x0000000000000a3e                rt_thread_idle_excute
 .text.rt_thread_idle_entry
                0x0000000000000aec       0x1c ./rtthread/src/idle.o
 .text.rt_thread_idle_init
                0x0000000000000b08       0x38 ./rtthread/src/idle.o
                0x0000000000000b08                rt_thread_idle_init
 .text.rt_ipc_list_suspend
                0x0000000000000b40       0x5c ./rtthread/src/ipc.o
 .text.rt_sem_init
                0x0000000000000b9c       0x5e ./rtthread/src/ipc.o
                0x0000000000000b9c                rt_sem_init
 .text.rt_sem_take
                0x0000000000000bfa      0x12e ./rtthread/src/ipc.o
                0x0000000000000bfa                rt_sem_take
 .text.rt_sem_release
                0x0000000000000d28       0x7e ./rtthread/src/ipc.o
                0x0000000000000d28                rt_sem_release
 .text.rt_interrupt_enter
                0x0000000000000da6       0x2e ./rtthread/src/irq.o
                0x0000000000000da6                rt_interrupt_enter
 .text.rt_interrupt_leave
                0x0000000000000dd4       0x2e ./rtthread/src/irq.o
                0x0000000000000dd4                rt_interrupt_leave
 .text.rt_interrupt_get_nest
                0x0000000000000e02        0x6 ./rtthread/src/irq.o
                0x0000000000000e02                rt_interrupt_get_nest
 .text.print_number
                0x0000000000000e08      0x17e ./rtthread/src/kservice.o
 .text.rt_set_errno
                0x0000000000000f86       0x1c ./rtthread/src/kservice.o
                0x0000000000000f86                rt_set_errno
 .text.rt_memset
                0x0000000000000fa2       0x88 ./rtthread/src/kservice.o
                0x0000000000000fa2                rt_memset
 .text.rt_memmove
                0x000000000000102a       0x48 ./rtthread/src/kservice.o
                0x000000000000102a                rt_memmove
 .text.rt_strncpy
                0x0000000000001072       0x2c ./rtthread/src/kservice.o
                0x0000000000001072                rt_strncpy
 .text.rt_strncmp
                0x000000000000109e       0x2a ./rtthread/src/kservice.o
                0x000000000000109e                rt_strncmp
 .text.rt_strlen
                0x00000000000010c8       0x12 ./rtthread/src/kservice.o
                0x00000000000010c8                rt_strlen
 .text.rt_vsnprintf
                0x00000000000010da      0x354 ./rtthread/src/kservice.o
                0x00000000000010da                rt_vsnprintf
 .text.rt_snprintf
                0x000000000000142e       0x1a ./rtthread/src/kservice.o
                0x000000000000142e                rt_snprintf
 .text.rt_console_get_device
                0x0000000000001448        0x6 ./rtthread/src/kservice.o
                0x0000000000001448                rt_console_get_device
 .text.rt_console_set_device
                0x000000000000144e       0x2e ./rtthread/src/kservice.o
                0x000000000000144e                rt_console_set_device
 .text.rt_hw_console_output
                0x000000000000147c        0x2 ./rtthread/src/kservice.o
                0x000000000000147c                rt_hw_console_output
 .text.rt_kprintf
                0x000000000000147e       0x68 ./rtthread/src/kservice.o
                0x000000000000147e                rt_kprintf
 .text.rt_show_version
                0x00000000000014e6       0x3e ./rtthread/src/kservice.o
                0x00000000000014e6                rt_show_version
 .text.__rt_ffs
                0x0000000000001524       0x4e ./rtthread/src/kservice.o
                0x0000000000001524                __rt_ffs
 .text.rt_assert_handler
                0x0000000000001572       0x32 ./rtthread/src/kservice.o
                0x0000000000001572                rt_assert_handler
 .text.list_mem
                0x00000000000015a4       0x32 ./rtthread/src/mem.o
                0x00000000000015a4                list_mem
 .text.plug_holes
                0x00000000000015d6       0xb6 ./rtthread/src/mem.o
 .text.rt_system_heap_init
                0x000000000000168c       0xb6 ./rtthread/src/mem.o
                0x000000000000168c                rt_system_heap_init
 .text.rt_malloc
                0x0000000000001742      0x1c2 ./rtthread/src/mem.o
                0x0000000000001742                rt_malloc
 .text.rt_calloc
                0x0000000000001904       0x24 ./rtthread/src/mem.o
                0x0000000000001904                rt_calloc
 .text.rt_free  0x0000000000001928      0x162 ./rtthread/src/mem.o
                0x0000000000001928                rt_free
 .text.rt_object_get_information
                0x0000000000001a8a       0x2a ./rtthread/src/object.o
                0x0000000000001a8a                rt_object_get_information
 .text.rt_object_init
                0x0000000000001ab4       0x94 ./rtthread/src/object.o
                0x0000000000001ab4                rt_object_init
 .text.rt_object_detach
                0x0000000000001b48       0x48 ./rtthread/src/object.o
                0x0000000000001b48                rt_object_detach
 .text.rt_object_allocate
                0x0000000000001b90       0xaa ./rtthread/src/object.o
                0x0000000000001b90                rt_object_allocate
 .text.rt_object_delete
                0x0000000000001c3a       0x6c ./rtthread/src/object.o
                0x0000000000001c3a                rt_object_delete
 .text.rt_object_is_systemobject
                0x0000000000001ca6       0x28 ./rtthread/src/object.o
                0x0000000000001ca6                rt_object_is_systemobject
 .text.rt_object_get_type
                0x0000000000001cce       0x28 ./rtthread/src/object.o
                0x0000000000001cce                rt_object_get_type
 .text.rt_system_scheduler_init
                0x0000000000001cf6       0x2e ./rtthread/src/scheduler.o
                0x0000000000001cf6                rt_system_scheduler_init
 .text.rt_system_scheduler_start
                0x0000000000001d24       0x2c ./rtthread/src/scheduler.o
                0x0000000000001d24                rt_system_scheduler_start
 .text.rt_schedule
                0x0000000000001d50       0xd2 ./rtthread/src/scheduler.o
                0x0000000000001d50                rt_schedule
 .text.rt_schedule_insert_thread
                0x0000000000001e22       0x60 ./rtthread/src/scheduler.o
                0x0000000000001e22                rt_schedule_insert_thread
 .text.rt_schedule_remove_thread
                0x0000000000001e82       0x5e ./rtthread/src/scheduler.o
                0x0000000000001e82                rt_schedule_remove_thread
 .text.rt_enter_critical
                0x0000000000001ee0       0x1a ./rtthread/src/scheduler.o
                0x0000000000001ee0                rt_enter_critical
 .text.rt_exit_critical
                0x0000000000001efa       0x36 ./rtthread/src/scheduler.o
                0x0000000000001efa                rt_exit_critical
 .text.rt_thread_exit
                0x0000000000001f30       0x5a ./rtthread/src/thread.o
                0x0000000000001f30                rt_thread_exit
 .text._rt_thread_init.isra.0
                0x0000000000001f8a       0xa6 ./rtthread/src/thread.o
 .text.rt_thread_timeout
                0x0000000000002030       0x84 ./rtthread/src/thread.o
                0x0000000000002030                rt_thread_timeout
 .text.rt_thread_init
                0x00000000000020b4       0x64 ./rtthread/src/thread.o
                0x00000000000020b4                rt_thread_init
 .text.rt_thread_self
                0x0000000000002118        0x6 ./rtthread/src/thread.o
                0x0000000000002118                rt_thread_self
 .text.rt_thread_create
                0x000000000000211e       0x48 ./rtthread/src/thread.o
                0x000000000000211e                rt_thread_create
 .text.rt_thread_delete
                0x0000000000002166       0x9c ./rtthread/src/thread.o
                0x0000000000002166                rt_thread_delete
 .text.rt_thread_yield
                0x0000000000002202       0x52 ./rtthread/src/thread.o
                0x0000000000002202                rt_thread_yield
 .text.rt_thread_suspend
                0x0000000000002254       0x82 ./rtthread/src/thread.o
                0x0000000000002254                rt_thread_suspend
 .text.rt_thread_sleep
                0x00000000000022d6       0x7c ./rtthread/src/thread.o
                0x00000000000022d6                rt_thread_sleep
 .text.rt_thread_mdelay
                0x0000000000002352       0x10 ./rtthread/src/thread.o
                0x0000000000002352                rt_thread_mdelay
 .text.rt_thread_resume
                0x0000000000002362       0x84 ./rtthread/src/thread.o
                0x0000000000002362                rt_thread_resume
 .text.rt_thread_startup
                0x00000000000023e6       0x8a ./rtthread/src/thread.o
                0x00000000000023e6                rt_thread_startup
 .text._rt_timer_remove.part.1
                0x0000000000002470       0x12 ./rtthread/src/timer.o
 .text.rt_timer_init
                0x0000000000002482       0x52 ./rtthread/src/timer.o
                0x0000000000002482                rt_timer_init
 .text.rt_timer_detach
                0x00000000000024d4       0x78 ./rtthread/src/timer.o
                0x00000000000024d4                rt_timer_detach
 .text.rt_timer_start
                0x000000000000254c       0xe0 ./rtthread/src/timer.o
                0x000000000000254c                rt_timer_start
 .text.rt_timer_stop
                0x000000000000262c       0x6c ./rtthread/src/timer.o
                0x000000000000262c                rt_timer_stop
 .text.rt_timer_control
                0x0000000000002698       0x82 ./rtthread/src/timer.o
                0x0000000000002698                rt_timer_control
 .text.rt_timer_check
                0x000000000000271a       0x78 ./rtthread/src/timer.o
                0x000000000000271a                rt_timer_check
 .text.rt_system_timer_init
                0x0000000000002792        0xa ./rtthread/src/timer.o
                0x0000000000002792                rt_system_timer_init
 .text.rt_system_timer_thread_init
                0x000000000000279c        0x2 ./rtthread/src/timer.o
                0x000000000000279c                rt_system_timer_thread_init
 .text.rt_hw_stack_init
                0x000000000000279e       0x36 ./rtthread/libcpu/risc-v/common/cpuport.o
                0x000000000000279e                rt_hw_stack_init
 .text.sw_setpend
                0x00000000000027d4       0x10 ./rtthread/libcpu/risc-v/common/cpuport.o
                0x00000000000027d4                sw_setpend
 .text.sw_clearpend
                0x00000000000027e4        0xe ./rtthread/libcpu/risc-v/common/cpuport.o
                0x00000000000027e4                sw_clearpend
 .text.rt_hw_interrupt_disable
                0x00000000000027f2        0xc ./rtthread/libcpu/risc-v/common/cpuport.o
                0x00000000000027f2                rt_hw_interrupt_disable
 .text.rt_hw_interrupt_enable
                0x00000000000027fe        0x6 ./rtthread/libcpu/risc-v/common/cpuport.o
                0x00000000000027fe                rt_hw_interrupt_enable
 .text.rt_hw_context_switch_interrupt
                0x0000000000002804       0x24 ./rtthread/libcpu/risc-v/common/cpuport.o
                0x0000000000002804                rt_hw_context_switch_interrupt
 .text.rt_list_len
                0x0000000000002828       0x12 ./rtthread/components/finsh/cmd.o
 .text.reboot   0x000000000000283a       0x12 ./rtthread/components/finsh/cmd.o
                0x000000000000283a                reboot
 .text.clear    0x000000000000284c       0x16 ./rtthread/components/finsh/cmd.o
                0x000000000000284c                clear
 .text.object_split
                0x0000000000002862       0x20 ./rtthread/components/finsh/cmd.o
 .text.show_wait_queue
                0x0000000000002882       0x36 ./rtthread/components/finsh/cmd.o
 .text.object_name_maxlen
                0x00000000000028b8       0x3e ./rtthread/components/finsh/cmd.o
 .text.list_thread
                0x00000000000028f6       0xe4 ./rtthread/components/finsh/cmd.o
                0x00000000000028f6                list_thread
 .text.list_sem
                0x00000000000029da       0xb6 ./rtthread/components/finsh/cmd.o
                0x00000000000029da                list_sem
 .text.list_event
                0x0000000000002a90       0xac ./rtthread/components/finsh/cmd.o
                0x0000000000002a90                list_event
 .text.list_mutex
                0x0000000000002b3c       0x82 ./rtthread/components/finsh/cmd.o
                0x0000000000002b3c                list_mutex
 .text.list_mailbox
                0x0000000000002bbe       0xbe ./rtthread/components/finsh/cmd.o
                0x0000000000002bbe                list_mailbox
 .text.list_msgqueue
                0x0000000000002c7c       0xb6 ./rtthread/components/finsh/cmd.o
                0x0000000000002c7c                list_msgqueue
 .text.list_device
                0x0000000000002d32       0x94 ./rtthread/components/finsh/cmd.o
                0x0000000000002d32                list_device
 .text.list_timer
                0x0000000000002dc6       0x9a ./rtthread/components/finsh/cmd.o
                0x0000000000002dc6                list_timer
 .text.list     0x0000000000002e60       0x4a ./rtthread/components/finsh/cmd.o
                0x0000000000002e60                list
 .text.msh_help
                0x0000000000002eaa       0x58 ./rtthread/components/finsh/msh.o
                0x0000000000002eaa                msh_help
 .text.msh_is_used
                0x0000000000002f02        0x4 ./rtthread/components/finsh/msh.o
                0x0000000000002f02                msh_is_used
 .text.msh_exec
                0x0000000000002f06      0x1aa ./rtthread/components/finsh/msh.o
                0x0000000000002f06                msh_exec
 .text.msh_auto_complete
                0x00000000000030b0       0xa2 ./rtthread/components/finsh/msh.o
                0x00000000000030b0                msh_auto_complete
 .text.cmd_ps   0x0000000000003152        0xe ./rtthread/components/finsh/msh_cmd.o
                0x0000000000003152                cmd_ps
 .text.cmd_free
                0x0000000000003160        0xe ./rtthread/components/finsh/msh_cmd.o
                0x0000000000003160                cmd_free
 .text.finsh_rx_ind
                0x000000000000316e       0x30 ./rtthread/components/finsh/shell.o
 .text.finsh_system_init
                0x000000000000319e       0x98 ./rtthread/components/finsh/shell.o
                0x000000000000319e                finsh_system_init
 .text.finsh_get_prompt
                0x0000000000003236       0x3c ./rtthread/components/finsh/shell.o
                0x0000000000003236                finsh_get_prompt
 .text.shell_handle_history
                0x0000000000003272       0x2e ./rtthread/components/finsh/shell.o
 .text.finsh_set_device
                0x00000000000032a0       0x96 ./rtthread/components/finsh/shell.o
                0x00000000000032a0                finsh_set_device
 .text.finsh_thread_entry
                0x0000000000003336      0x42c ./rtthread/components/finsh/shell.o
                0x0000000000003336                finsh_thread_entry
 .text.rt_serial_write
                0x0000000000003762       0x74 ./rtthread/components/drivers/serial/serial.o
 .text.rt_serial_init
                0x00000000000037d6       0x3a ./rtthread/components/drivers/serial/serial.o
 .text.rt_serial_open
                0x0000000000003810       0xd4 ./rtthread/components/drivers/serial/serial.o
 .text.rt_serial_control
                0x00000000000038e4       0x8a ./rtthread/components/drivers/serial/serial.o
 .text.rt_serial_read
                0x000000000000396e       0xd2 ./rtthread/components/drivers/serial/serial.o
 .text.rt_serial_close
                0x0000000000003a40       0x6e ./rtthread/components/drivers/serial/serial.o
 .text.rt_hw_serial_register
                0x0000000000003aae       0x86 ./rtthread/components/drivers/serial/serial.o
                0x0000000000003aae                rt_hw_serial_register
 .text.rt_hw_serial_isr
                0x0000000000003b34       0xc2 ./rtthread/components/drivers/serial/serial.o
                0x0000000000003b34                rt_hw_serial_isr
 .text._pin_control
                0x0000000000003bf6       0x36 ./rtthread/components/drivers/misc/pin.o
 .text.rt_pin_mode
                0x0000000000003c2c       0x3e ./rtthread/components/drivers/misc/pin.o
                0x0000000000003c2c                rt_pin_mode
 .text.rt_pin_write
                0x0000000000003c6a       0x3e ./rtthread/components/drivers/misc/pin.o
                0x0000000000003c6a                rt_pin_write
 .text.rt_pin_read
                0x0000000000003ca8       0x3a ./rtthread/components/drivers/misc/pin.o
                0x0000000000003ca8                rt_pin_read
 .text._pin_write
                0x0000000000003ce2       0x46 ./rtthread/components/drivers/misc/pin.o
 .text._pin_read
                0x0000000000003d28       0x42 ./rtthread/components/drivers/misc/pin.o
 .text.rt_device_pin_register
                0x0000000000003d6a       0x54 ./rtthread/components/drivers/misc/pin.o
                0x0000000000003d6a                rt_device_pin_register
 .text.rt_heap_begin_get
                0x0000000000003dbe        0xa ./rtthread/board.o
                0x0000000000003dbe                rt_heap_begin_get
 .text.rt_heap_end_get
                0x0000000000003dc8        0xa ./rtthread/board.o
                0x0000000000003dc8                rt_heap_end_get
 .text.rt_hw_board_init
                0x0000000000003dd2       0x72 ./rtthread/board.o
                0x0000000000003dd2                rt_hw_board_init
 .text.SysTick_Handler
                0x0000000000003e44       0x20 ./rtthread/board.o
                0x0000000000003e44                SysTick_Handler
 .text._write   0x0000000000003e64       0x3e ./drivers/SYSTEM/usart/usart.o
                0x0000000000003e64                _write
 .text.delay_us
                0x0000000000003ea2       0x2c ./drivers/SYSTEM/delay/delay.o
                0x0000000000003ea2                delay_us
 .text.delay_ms
                0x0000000000003ece       0x36 ./drivers/SYSTEM/delay/delay.o
                0x0000000000003ece                delay_ms
 .text.spi2_set_speed
                0x0000000000003f04       0x44 ./drivers/BSP/SPI/spi.o
                0x0000000000003f04                spi2_set_speed
 .text.spi2_read_write_byte
                0x0000000000003f48       0x44 ./drivers/BSP/SPI/spi.o
                0x0000000000003f48                spi2_read_write_byte
 .text.spi2_init
                0x0000000000003f8c       0xa0 ./drivers/BSP/SPI/spi.o
                0x0000000000003f8c                spi2_init
 .text.cmd_resp3_error
                0x000000000000402c       0x30 ./drivers/BSP/SDIO/sdio_sdcard.o
 .text.sd_is_card_programming
                0x000000000000405c       0xa0 ./drivers/BSP/SDIO/sdio_sdcard.o
 .text.cmd_resp1_error
                0x00000000000040fc       0x52 ./drivers/BSP/SDIO/sdio_sdcard.o
 .text.cmd_resp2_error
                0x000000000000414e       0x4c ./drivers/BSP/SDIO/sdio_sdcard.o
 .text.sd_clock_set
                0x000000000000419a       0x10 ./drivers/BSP/SDIO/sdio_sdcard.o
                0x000000000000419a                sd_clock_set
 .text.sd_power_on
                0x00000000000041aa      0x208 ./drivers/BSP/SDIO/sdio_sdcard.o
                0x00000000000041aa                sd_power_on
 .text.sd_initialize_cards
                0x00000000000043b2      0x1ae ./drivers/BSP/SDIO/sdio_sdcard.o
                0x00000000000043b2                sd_initialize_cards
 .text.sd_get_info
                0x0000000000004560      0x2fe ./drivers/BSP/SDIO/sdio_sdcard.o
                0x0000000000004560                sd_get_info
 .text.sd_enable_wide_bus_operation
                0x000000000000485e      0x224 ./drivers/BSP/SDIO/sdio_sdcard.o
                0x000000000000485e                sd_enable_wide_bus_operation
 .text.sd_select_deselect
                0x0000000000004a82       0x34 ./drivers/BSP/SDIO/sdio_sdcard.o
                0x0000000000004a82                sd_select_deselect
 .text.sd_init  0x0000000000004ab6       0xc6 ./drivers/BSP/SDIO/sdio_sdcard.o
                0x0000000000004ab6                sd_init
 .text.sd_process_irq_src
                0x0000000000004b7c      0x138 ./drivers/BSP/SDIO/sdio_sdcard.o
                0x0000000000004b7c                sd_process_irq_src
 .text.SDIO_IRQHandler
                0x0000000000004cb4        0x8 ./drivers/BSP/SDIO/sdio_sdcard.o
                0x0000000000004cb4                SDIO_IRQHandler
 .text.sd_dma_config
                0x0000000000004cbc       0x76 ./drivers/BSP/SDIO/sdio_sdcard.o
                0x0000000000004cbc                sd_dma_config
 .text.sd_read_block
                0x0000000000004d32      0x250 ./drivers/BSP/SDIO/sdio_sdcard.o
                0x0000000000004d32                sd_read_block
 .text.sd_read_multi_blocks
                0x0000000000004f82      0x2da ./drivers/BSP/SDIO/sdio_sdcard.o
                0x0000000000004f82                sd_read_multi_blocks
 .text.sd_write_block
                0x000000000000525c      0x342 ./drivers/BSP/SDIO/sdio_sdcard.o
                0x000000000000525c                sd_write_block
 .text.sd_write_multi_blocks
                0x000000000000559e      0x378 ./drivers/BSP/SDIO/sdio_sdcard.o
                0x000000000000559e                sd_write_multi_blocks
 .text.sd_read_disk
                0x0000000000005916       0x7c ./drivers/BSP/SDIO/sdio_sdcard.o
                0x0000000000005916                sd_read_disk
 .text.sd_write_disk
                0x0000000000005992       0x7a ./drivers/BSP/SDIO/sdio_sdcard.o
                0x0000000000005992                sd_write_disk
 .text.norflash_write_enable
                0x0000000000005a0c       0x26 ./drivers/BSP/NORFLASH/norflash.o
                0x0000000000005a0c                norflash_write_enable
 .text.norflash_send_address
                0x0000000000005a32       0x42 ./drivers/BSP/NORFLASH/norflash.o
                0x0000000000005a32                norflash_send_address
 .text.norflash_read_sr
                0x0000000000005a74       0x46 ./drivers/BSP/NORFLASH/norflash.o
                0x0000000000005a74                norflash_read_sr
 .text.norflash_wait_busy
                0x0000000000005aba       0x12 ./drivers/BSP/NORFLASH/norflash.o
                0x0000000000005aba                norflash_wait_busy
 .text.norflash_write_sr
                0x0000000000005acc       0x42 ./drivers/BSP/NORFLASH/norflash.o
                0x0000000000005acc                norflash_write_sr
 .text.norflash_read_id
                0x0000000000005b0e       0x5a ./drivers/BSP/NORFLASH/norflash.o
                0x0000000000005b0e                norflash_read_id
 .text.norflash_init
                0x0000000000005b68       0x96 ./drivers/BSP/NORFLASH/norflash.o
                0x0000000000005b68                norflash_init
 .text.norflash_read
                0x0000000000005bfe       0x54 ./drivers/BSP/NORFLASH/norflash.o
                0x0000000000005bfe                norflash_read
 .text.norflash_write_page
                0x0000000000005c52       0x58 ./drivers/BSP/NORFLASH/norflash.o
                0x0000000000005c52                norflash_write_page
 .text.norflash_write_nocheck
                0x0000000000005caa       0x54 ./drivers/BSP/NORFLASH/norflash.o
                0x0000000000005caa                norflash_write_nocheck
 .text.norflash_erase_sector
                0x0000000000005cfe       0x3e ./drivers/BSP/NORFLASH/norflash.o
                0x0000000000005cfe                norflash_erase_sector
 .text.norflash_write
                0x0000000000005d3c       0xc6 ./drivers/BSP/NORFLASH/norflash.o
                0x0000000000005d3c                norflash_write
 .text.lcd_rd_data
                0x0000000000005e02       0x16 ./drivers/BSP/LCD/lcd.o
 .text.lcd_wr_data
                0x0000000000005e18       0x14 ./drivers/BSP/LCD/lcd.o
                0x0000000000005e18                lcd_wr_data
 .text.lcd_wr_regno
                0x0000000000005e2c       0x16 ./drivers/BSP/LCD/lcd.o
                0x0000000000005e2c                lcd_wr_regno
 .text.lcd_write_reg
                0x0000000000005e42        0xc ./drivers/BSP/LCD/lcd.o
                0x0000000000005e42                lcd_write_reg
 .text.lcd_write_ram_prepare
                0x0000000000005e4e       0x12 ./drivers/BSP/LCD/lcd.o
                0x0000000000005e4e                lcd_write_ram_prepare
 .text.lcd_set_cursor
                0x0000000000005e60       0xfa ./drivers/BSP/LCD/lcd.o
                0x0000000000005e60                lcd_set_cursor
 .text.lcd_read_point
                0x0000000000005f5a       0x96 ./drivers/BSP/LCD/lcd.o
                0x0000000000005f5a                lcd_read_point
 .text.lcd_scan_dir
                0x0000000000005ff0      0x206 ./drivers/BSP/LCD/lcd.o
                0x0000000000005ff0                lcd_scan_dir
 .text.lcd_draw_point
                0x00000000000061f6       0x22 ./drivers/BSP/LCD/lcd.o
                0x00000000000061f6                lcd_draw_point
 .text.lcd_ssd_backlight_set
                0x0000000000006218       0x4c ./drivers/BSP/LCD/lcd.o
                0x0000000000006218                lcd_ssd_backlight_set
 .text.lcd_display_dir
                0x0000000000006264      0x142 ./drivers/BSP/LCD/lcd.o
                0x0000000000006264                lcd_display_dir
 .text.lcd_clear
                0x00000000000063a6       0x36 ./drivers/BSP/LCD/lcd.o
                0x00000000000063a6                lcd_clear
 .text.lcd_init
                0x00000000000063dc      0x3c6 ./drivers/BSP/LCD/lcd.o
                0x00000000000063dc                lcd_init
 .text.lcd_fill
                0x00000000000067a2       0x54 ./drivers/BSP/LCD/lcd.o
                0x00000000000067a2                lcd_fill
 .text.lcd_color_fill
                0x00000000000067f6       0x6c ./drivers/BSP/LCD/lcd.o
                0x00000000000067f6                lcd_color_fill
 .text.lcd_draw_line
                0x0000000000006862       0x86 ./drivers/BSP/LCD/lcd.o
                0x0000000000006862                lcd_draw_line
 .text.lcd_draw_hline
                0x00000000000068e8       0x36 ./drivers/BSP/LCD/lcd.o
                0x00000000000068e8                lcd_draw_hline
 .text.lcd_show_char
                0x000000000000691e       0xf8 ./drivers/BSP/LCD/lcd.o
                0x000000000000691e                lcd_show_char
 .text.lcd_show_string
                0x0000000000006a16       0x70 ./drivers/BSP/LCD/lcd.o
                0x0000000000006a16                lcd_show_string
 .text.lcd_ex_st7789_reginit
                0x0000000000006a86      0x1f4 ./drivers/BSP/LCD/lcd_ex.o
                0x0000000000006a86                lcd_ex_st7789_reginit
 .text.lcd_ex_ili9341_reginit
                0x0000000000006c7a      0x294 ./drivers/BSP/LCD/lcd_ex.o
                0x0000000000006c7a                lcd_ex_ili9341_reginit
 .text.lcd_ex_nt35310_reginit
                0x0000000000006f0e     0x1108 ./drivers/BSP/LCD/lcd_ex.o
                0x0000000000006f0e                lcd_ex_nt35310_reginit
 .text.lcd_ex_st7796_reginit
                0x0000000000008016      0x230 ./drivers/BSP/LCD/lcd_ex.o
                0x0000000000008016                lcd_ex_st7796_reginit
 .text.lcd_ex_nt35510_reginit
                0x0000000000008246     0x105a ./drivers/BSP/LCD/lcd_ex.o
                0x0000000000008246                lcd_ex_nt35510_reginit
 .text.lcd_ex_ili9806_reginit
                0x00000000000092a0      0x3c4 ./drivers/BSP/LCD/lcd_ex.o
                0x00000000000092a0                lcd_ex_ili9806_reginit
 .text.lcd_ex_ssd1963_reginit
                0x0000000000009664      0x19a ./drivers/BSP/LCD/lcd_ex.o
                0x0000000000009664                lcd_ex_ssd1963_reginit
 .text.adc_temperature_init
                0x00000000000097fe       0x7a ./drivers/BSP/ADC/temp_adc.o
                0x00000000000097fe                adc_temperature_init
 .text.adc_get_result
                0x0000000000009878       0x3c ./drivers/BSP/ADC/temp_adc.o
                0x0000000000009878                adc_get_result
 .text.adc_get_result_average
                0x00000000000098b4       0x34 ./drivers/BSP/ADC/temp_adc.o
                0x00000000000098b4                adc_get_result_average
 .text.adc_get_temperature
                0x00000000000098e8       0x70 ./drivers/BSP/ADC/temp_adc.o
                0x00000000000098e8                adc_get_temperature
 .text.bit2bitno
                0x0000000000009958       0x1c ./drivers/drv_gpio.o
 .text.GPIOD_CLK_ENABLE
                0x0000000000009974       0x12 ./drivers/drv_gpio.o
 .text.GPIOB_CLK_ENABLE
                0x0000000000009986       0x10 ./drivers/drv_gpio.o
 .text.GPIOA_CLK_ENABLE
                0x0000000000009996       0x10 ./drivers/drv_gpio.o
 .text.GPIOC_CLK_ENABLE
                0x00000000000099a6       0x10 ./drivers/drv_gpio.o
 .text.GPIOE_CLK_ENABLE
                0x00000000000099b6       0x12 ./drivers/drv_gpio.o
 .text.rt_hw_pin_init
                0x00000000000099c8       0x1c ./drivers/drv_gpio.o
                0x00000000000099c8                rt_hw_pin_init
 .text.get_pin  0x00000000000099e4       0x20 ./drivers/drv_gpio.o
                0x00000000000099e4                get_pin
 .text.ch32_pin_write
                0x0000000000009a04       0x22 ./drivers/drv_gpio.o
                0x0000000000009a04                ch32_pin_write
 .text.ch32_pin_read
                0x0000000000009a26       0x1e ./drivers/drv_gpio.o
                0x0000000000009a26                ch32_pin_read
 .text.ch32_pin_mode
                0x0000000000009a44       0x7e ./drivers/drv_gpio.o
                0x0000000000009a44                ch32_pin_mode
 .text.ch32_pin_attach_irq
                0x0000000000009ac2       0x92 ./drivers/drv_gpio.o
                0x0000000000009ac2                ch32_pin_attach_irq
 .text.ch32_pin_dettach_irq
                0x0000000000009b54       0x5a ./drivers/drv_gpio.o
                0x0000000000009b54                ch32_pin_dettach_irq
 .text.ch32_pin_irq_enable
                0x0000000000009bae      0x160 ./drivers/drv_gpio.o
                0x0000000000009bae                ch32_pin_irq_enable
 .text.HAL_GPIO_EXTI_Callback
                0x0000000000009d0e       0x24 ./drivers/drv_gpio.o
                0x0000000000009d0e                HAL_GPIO_EXTI_Callback
 .text.EXTI0_IRQHandler
                0x0000000000009d32       0x28 ./drivers/drv_gpio.o
                0x0000000000009d32                EXTI0_IRQHandler
 .text.EXTI1_IRQHandler
                0x0000000000009d5a       0x28 ./drivers/drv_gpio.o
                0x0000000000009d5a                EXTI1_IRQHandler
 .text.EXTI2_IRQHandler
                0x0000000000009d82       0x28 ./drivers/drv_gpio.o
                0x0000000000009d82                EXTI2_IRQHandler
 .text.EXTI3_IRQHandler
                0x0000000000009daa       0x28 ./drivers/drv_gpio.o
                0x0000000000009daa                EXTI3_IRQHandler
 .text.EXTI4_IRQHandler
                0x0000000000009dd2       0x28 ./drivers/drv_gpio.o
                0x0000000000009dd2                EXTI4_IRQHandler
 .text.EXTI9_5_IRQHandler
                0x0000000000009dfa       0x78 ./drivers/drv_gpio.o
                0x0000000000009dfa                EXTI9_5_IRQHandler
 .text.EXTI15_10_IRQHandler
                0x0000000000009e72       0x80 ./drivers/drv_gpio.o
                0x0000000000009e72                EXTI15_10_IRQHandler
 .text.pwm_gpio_init_10
                0x0000000000009ef2       0x34 ./drivers/drv_pwm.o
                0x0000000000009ef2                pwm_gpio_init_10
 .text.pwm_tim10_init
                0x0000000000009f26       0x66 ./drivers/drv_pwm.o
                0x0000000000009f26                pwm_tim10_init
 .text.ch32dma_transmit
                0x0000000000009f8c        0x4 ./drivers/drv_usart.o
                0x0000000000009f8c                ch32dma_transmit
 .text.uart_isr
                0x0000000000009f90       0x42 ./drivers/drv_usart.o
 .text.rt_hw_usart_init
                0x0000000000009fd2      0x16e ./drivers/drv_usart.o
                0x0000000000009fd2                rt_hw_usart_init
 .text.ch32_configure
                0x000000000000a140      0x160 ./drivers/drv_usart.o
 .text.ch32_getc
                0x000000000000a2a0       0x3c ./drivers/drv_usart.o
 .text.ch32_putc
                0x000000000000a2dc       0x3c ./drivers/drv_usart.o
 .text.ch32_control
                0x000000000000a318       0x7c ./drivers/drv_usart.o
 .text.USART1_IRQHandler
                0x000000000000a394       0x20 ./drivers/drv_usart.o
                0x000000000000a394                USART1_IRQHandler
 .text.USART2_IRQHandler
                0x000000000000a3b4       0x20 ./drivers/drv_usart.o
                0x000000000000a3b4                USART2_IRQHandler
 .text.str_to_int
                0x000000000000a3d4       0x44 ./User/ws2812b/rainbow.o
 .text.rainbow_thread_entry
                0x000000000000a418       0xb6 ./User/ws2812b/rainbow.o
 .text.white_thread_entry
                0x000000000000a4ce       0x28 ./User/ws2812b/rainbow.o
 .text.rainbow_init
                0x000000000000a4f6       0x34 ./User/ws2812b/rainbow.o
                0x000000000000a4f6                rainbow_init
 .text.rainbow_stop
                0x000000000000a52a       0x46 ./User/ws2812b/rainbow.o
                0x000000000000a52a                rainbow_stop
 .text.cmd_rainbow_stop
                0x000000000000a570        0xe ./User/ws2812b/rainbow.o
 .text.rainbow_set_brightness
                0x000000000000a57e       0x2c ./User/ws2812b/rainbow.o
                0x000000000000a57e                rainbow_set_brightness
 .text.cmd_brightness
                0x000000000000a5aa       0x36 ./User/ws2812b/rainbow.o
 .text.white_mode_start
                0x000000000000a5e0       0x5a ./User/ws2812b/rainbow.o
                0x000000000000a5e0                white_mode_start
 .text.cmd_white
                0x000000000000a63a        0xe ./User/ws2812b/rainbow.o
 .text.white_mode_stop
                0x000000000000a648       0x24 ./User/ws2812b/rainbow.o
                0x000000000000a648                white_mode_stop
 .text.rainbow_start
                0x000000000000a66c       0x98 ./User/ws2812b/rainbow.o
                0x000000000000a66c                rainbow_start
 .text.cmd_rainbow
                0x000000000000a704       0x22 ./User/ws2812b/rainbow.o
 .text.cmd_white_stop
                0x000000000000a726        0xe ./User/ws2812b/rainbow.o
 .text.ws2812_hsv_to_rgb
                0x000000000000a734      0x17c ./User/ws2812b/ws2812.o
                0x000000000000a734                ws2812_hsv_to_rgb
 .text.ws2812_update
                0x000000000000a8b0       0xea ./User/ws2812b/ws2812.o
                0x000000000000a8b0                ws2812_update
 .text.ws2812_init
                0x000000000000a99a      0x142 ./User/ws2812b/ws2812.o
                0x000000000000a99a                ws2812_init
 .text.display_aquarium_ui
                0x000000000000aadc       0xf4 ./User/screen/screen.o
                0x000000000000aadc                display_aquarium_ui
 .text.update_time_display
                0x000000000000abd0       0x5a ./User/screen/screen.o
                0x000000000000abd0                update_time_display
 .text.update_temperature_display
                0x000000000000ac2a       0x68 ./User/screen/screen.o
                0x000000000000ac2a                update_temperature_display
 .text.pic_show_thread_entry
                0x000000000000ac92       0x4c ./User/screen/screen.o
                0x000000000000ac92                pic_show_thread_entry
 .text.screen_init
                0x000000000000acde       0x32 ./User/screen/screen.o
                0x000000000000acde                screen_init
 .text.servo_speed_to_pulse
                0x000000000000ad10       0x34 ./User/PWM.o
 .text.servo_stop_cmd
                0x000000000000ad44       0x30 ./User/PWM.o
 .text.servo_thread_entry
                0x000000000000ad74       0xce ./User/PWM.o
 .text.servo_run_cmd
                0x000000000000ae42       0x6e ./User/PWM.o
 .text.pwm_module_init
                0x000000000000aeb0       0x74 ./User/PWM.o
                0x000000000000aeb0                pwm_module_init
 .text.wifi_recv_thread_entry
                0x000000000000af24      0x206 ./User/WIFI.o
 .text.wifi_uart_rx_callback
                0x000000000000b12a       0x16 ./User/WIFI.o
 .text.wifi_power_ctrl
                0x000000000000b140       0x34 ./User/WIFI.o
                0x000000000000b140                wifi_power_ctrl
 .text.wifi_module_init
                0x000000000000b174       0xc6 ./User/WIFI.o
                0x000000000000b174                wifi_module_init
 .text.wifi_power_cmd
                0x000000000000b23a       0x4e ./User/WIFI.o
 .text.NMI_Handler
                0x000000000000b288       0x20 ./User/ch32v30x_it.o
                0x000000000000b288                NMI_Handler
 .text.HardFault_Handler
                0x000000000000b2a8       0x20 ./User/ch32v30x_it.o
                0x000000000000b2a8                HardFault_Handler
 .text.startup.main
                0x000000000000b2c8       0xb4 ./User/main.o
                0x000000000000b2c8                main
 .text.SystemInit
                0x000000000000b37c       0xfa ./User/system_ch32v30x.o
                0x000000000000b37c                SystemInit
 .text.SystemCoreClockUpdate
                0x000000000000b476      0x12a ./User/system_ch32v30x.o
                0x000000000000b476                SystemCoreClockUpdate
 .text.vector_handler
                0x000000000000b5a0        0x2 ./Startup/startup_ch32v30x_D8C.o
                0x000000000000b5a0                TIM8_TRG_COM_IRQHandler
                0x000000000000b5a0                TIM8_CC_IRQHandler
                0x000000000000b5a0                UART8_IRQHandler
                0x000000000000b5a0                TIM1_CC_IRQHandler
                0x000000000000b5a0                TIM6_IRQHandler
                0x000000000000b5a0                PVD_IRQHandler
                0x000000000000b5a0                TIM9_BRK_IRQHandler
                0x000000000000b5a0                DMA2_Channel8_IRQHandler
                0x000000000000b5a0                CAN2_RX1_IRQHandler
                0x000000000000b5a0                USBHS_IRQHandler
                0x000000000000b5a0                DMA2_Channel9_IRQHandler
                0x000000000000b5a0                TIM10_CC_IRQHandler
                0x000000000000b5a0                USBFS_IRQHandler
                0x000000000000b5a0                I2C2_EV_IRQHandler
                0x000000000000b5a0                TIM10_TRG_COM_IRQHandler
                0x000000000000b5a0                CAN2_SCE_IRQHandler
                0x000000000000b5a0                ADC1_2_IRQHandler
                0x000000000000b5a0                Break_Point_Handler
                0x000000000000b5a0                SPI1_IRQHandler
                0x000000000000b5a0                TAMPER_IRQHandler
                0x000000000000b5a0                CAN2_RX0_IRQHandler
                0x000000000000b5a0                TIM8_UP_IRQHandler
                0x000000000000b5a0                Ecall_M_Mode_Handler
                0x000000000000b5a0                DMA2_Channel2_IRQHandler
                0x000000000000b5a0                DMA1_Channel4_IRQHandler
                0x000000000000b5a0                TIM9_UP_IRQHandler
                0x000000000000b5a0                USART3_IRQHandler
                0x000000000000b5a0                RTC_IRQHandler
                0x000000000000b5a0                DMA1_Channel7_IRQHandler
                0x000000000000b5a0                CAN1_RX1_IRQHandler
                0x000000000000b5a0                DVP_IRQHandler
                0x000000000000b5a0                UART5_IRQHandler
                0x000000000000b5a0                DMA2_Channel1_IRQHandler
                0x000000000000b5a0                I2C1_EV_IRQHandler
                0x000000000000b5a0                DMA1_Channel6_IRQHandler
                0x000000000000b5a0                UART4_IRQHandler
                0x000000000000b5a0                DMA2_Channel4_IRQHandler
                0x000000000000b5a0                TIM3_IRQHandler
                0x000000000000b5a0                RCC_IRQHandler
                0x000000000000b5a0                TIM1_TRG_COM_IRQHandler
                0x000000000000b5a0                DMA1_Channel1_IRQHandler
                0x000000000000b5a0                DMA2_Channel7_IRQHandler
                0x000000000000b5a0                TIM7_IRQHandler
                0x000000000000b5a0                CAN2_TX_IRQHandler
                0x000000000000b5a0                TIM5_IRQHandler
                0x000000000000b5a0                ETH_WKUP_IRQHandler
                0x000000000000b5a0                SPI2_IRQHandler
                0x000000000000b5a0                TIM10_BRK_IRQHandler
                0x000000000000b5a0                TIM9_CC_IRQHandler
                0x000000000000b5a0                DMA2_Channel5_IRQHandler
                0x000000000000b5a0                DMA1_Channel5_IRQHandler
                0x000000000000b5a0                USB_LP_CAN1_RX0_IRQHandler
                0x000000000000b5a0                RNG_IRQHandler
                0x000000000000b5a0                USB_HP_CAN1_TX_IRQHandler
                0x000000000000b5a0                DMA1_Channel3_IRQHandler
                0x000000000000b5a0                ETH_IRQHandler
                0x000000000000b5a0                TIM1_UP_IRQHandler
                0x000000000000b5a0                WWDG_IRQHandler
                0x000000000000b5a0                USBHSWakeup_IRQHandler
                0x000000000000b5a0                DMA2_Channel11_IRQHandler
                0x000000000000b5a0                Ecall_U_Mode_Handler
                0x000000000000b5a0                DMA2_Channel6_IRQHandler
                0x000000000000b5a0                TIM2_IRQHandler
                0x000000000000b5a0                TIM1_BRK_IRQHandler
                0x000000000000b5a0                DMA2_Channel10_IRQHandler
                0x000000000000b5a0                RTCAlarm_IRQHandler
                0x000000000000b5a0                TIM10_UP_IRQHandler
                0x000000000000b5a0                TIM9_TRG_COM_IRQHandler
                0x000000000000b5a0                UART7_IRQHandler
                0x000000000000b5a0                UART6_IRQHandler
                0x000000000000b5a0                I2C2_ER_IRQHandler
                0x000000000000b5a0                DMA1_Channel2_IRQHandler
                0x000000000000b5a0                TIM8_BRK_IRQHandler
                0x000000000000b5a0                CAN1_SCE_IRQHandler
                0x000000000000b5a0                FLASH_IRQHandler
                0x000000000000b5a0                SPI3_IRQHandler
                0x000000000000b5a0                I2C1_ER_IRQHandler
                0x000000000000b5a0                USBWakeUp_IRQHandler
                0x000000000000b5a0                DMA2_Channel3_IRQHandler
 .text.handle_reset
                0x000000000000b5a2       0x92 ./Startup/startup_ch32v30x_D8C.o
                0x000000000000b5a2                handle_reset
 .text.ADC_Init
                0x000000000000b634       0x56 ./Peripheral/src/ch32v30x_adc.o
                0x000000000000b634                ADC_Init
 .text.ADC_Cmd  0x000000000000b68a       0x10 ./Peripheral/src/ch32v30x_adc.o
                0x000000000000b68a                ADC_Cmd
 .text.ADC_ResetCalibration
                0x000000000000b69a        0xa ./Peripheral/src/ch32v30x_adc.o
                0x000000000000b69a                ADC_ResetCalibration
 .text.ADC_GetResetCalibrationStatus
                0x000000000000b6a4        0x8 ./Peripheral/src/ch32v30x_adc.o
                0x000000000000b6a4                ADC_GetResetCalibrationStatus
 .text.ADC_StartCalibration
                0x000000000000b6ac        0xa ./Peripheral/src/ch32v30x_adc.o
                0x000000000000b6ac                ADC_StartCalibration
 .text.ADC_GetCalibrationStatus
                0x000000000000b6b6        0x8 ./Peripheral/src/ch32v30x_adc.o
                0x000000000000b6b6                ADC_GetCalibrationStatus
 .text.ADC_SoftwareStartConvCmd
                0x000000000000b6be       0x18 ./Peripheral/src/ch32v30x_adc.o
                0x000000000000b6be                ADC_SoftwareStartConvCmd
 .text.ADC_RegularChannelConfig
                0x000000000000b6d6       0xb8 ./Peripheral/src/ch32v30x_adc.o
                0x000000000000b6d6                ADC_RegularChannelConfig
 .text.ADC_GetConversionValue
                0x000000000000b78e        0x8 ./Peripheral/src/ch32v30x_adc.o
                0x000000000000b78e                ADC_GetConversionValue
 .text.ADC_TempSensorVrefintCmd
                0x000000000000b796       0x20 ./Peripheral/src/ch32v30x_adc.o
                0x000000000000b796                ADC_TempSensorVrefintCmd
 .text.ADC_GetFlagStatus
                0x000000000000b7b6        0xa ./Peripheral/src/ch32v30x_adc.o
                0x000000000000b7b6                ADC_GetFlagStatus
 .text.DMA_DeInit
                0x000000000000b7c0      0x16c ./Peripheral/src/ch32v30x_dma.o
                0x000000000000b7c0                DMA_DeInit
 .text.DMA_Init
                0x000000000000b92c       0x38 ./Peripheral/src/ch32v30x_dma.o
                0x000000000000b92c                DMA_Init
 .text.DMA_Cmd  0x000000000000b964       0x14 ./Peripheral/src/ch32v30x_dma.o
                0x000000000000b964                DMA_Cmd
 .text.DMA_SetCurrDataCounter
                0x000000000000b978        0x4 ./Peripheral/src/ch32v30x_dma.o
                0x000000000000b978                DMA_SetCurrDataCounter
 .text.DMA_GetFlagStatus
                0x000000000000b97c       0x32 ./Peripheral/src/ch32v30x_dma.o
                0x000000000000b97c                DMA_GetFlagStatus
 .text.DMA_ClearFlag
                0x000000000000b9ae       0x2c ./Peripheral/src/ch32v30x_dma.o
                0x000000000000b9ae                DMA_ClearFlag
 .text.EXTI_Init
                0x000000000000b9da       0x6a ./Peripheral/src/ch32v30x_exti.o
                0x000000000000b9da                EXTI_Init
 .text.EXTI_GetITStatus
                0x000000000000ba44       0x1e ./Peripheral/src/ch32v30x_exti.o
                0x000000000000ba44                EXTI_GetITStatus
 .text.EXTI_ClearITPendingBit
                0x000000000000ba62        0xa ./Peripheral/src/ch32v30x_exti.o
                0x000000000000ba62                EXTI_ClearITPendingBit
 .text.FSMC_NORSRAMInit
                0x000000000000ba6c       0xaa ./Peripheral/src/ch32v30x_fsmc.o
                0x000000000000ba6c                FSMC_NORSRAMInit
 .text.FSMC_NORSRAMCmd
                0x000000000000bb16       0x1e ./Peripheral/src/ch32v30x_fsmc.o
                0x000000000000bb16                FSMC_NORSRAMCmd
 .text.GPIO_Init
                0x000000000000bb34       0xc0 ./Peripheral/src/ch32v30x_gpio.o
                0x000000000000bb34                GPIO_Init
 .text.GPIO_ReadInputDataBit
                0x000000000000bbf4        0xa ./Peripheral/src/ch32v30x_gpio.o
                0x000000000000bbf4                GPIO_ReadInputDataBit
 .text.GPIO_SetBits
                0x000000000000bbfe        0x4 ./Peripheral/src/ch32v30x_gpio.o
                0x000000000000bbfe                GPIO_SetBits
 .text.GPIO_ResetBits
                0x000000000000bc02        0x4 ./Peripheral/src/ch32v30x_gpio.o
                0x000000000000bc02                GPIO_ResetBits
 .text.GPIO_WriteBit
                0x000000000000bc06        0xa ./Peripheral/src/ch32v30x_gpio.o
                0x000000000000bc06                GPIO_WriteBit
 .text.GPIO_EXTILineConfig
                0x000000000000bc10       0x2c ./Peripheral/src/ch32v30x_gpio.o
                0x000000000000bc10                GPIO_EXTILineConfig
 .text.NVIC_Init
                0x000000000000bc3c       0x5c ./Peripheral/src/ch32v30x_misc.o
                0x000000000000bc3c                NVIC_Init
 .text.RCC_ADCCLKConfig
                0x000000000000bc98       0x12 ./Peripheral/src/ch32v30x_rcc.o
                0x000000000000bc98                RCC_ADCCLKConfig
 .text.RCC_GetClocksFreq
                0x000000000000bcaa      0x176 ./Peripheral/src/ch32v30x_rcc.o
                0x000000000000bcaa                RCC_GetClocksFreq
 .text.RCC_AHBPeriphClockCmd
                0x000000000000be20       0x1e ./Peripheral/src/ch32v30x_rcc.o
                0x000000000000be20                RCC_AHBPeriphClockCmd
 .text.RCC_APB2PeriphClockCmd
                0x000000000000be3e       0x1e ./Peripheral/src/ch32v30x_rcc.o
                0x000000000000be3e                RCC_APB2PeriphClockCmd
 .text.RCC_APB1PeriphClockCmd
                0x000000000000be5c       0x1e ./Peripheral/src/ch32v30x_rcc.o
                0x000000000000be5c                RCC_APB1PeriphClockCmd
 .text.SDIO_DeInit
                0x000000000000be7a       0x30 ./Peripheral/src/ch32v30x_sdio.o
                0x000000000000be7a                SDIO_DeInit
 .text.SDIO_Init
                0x000000000000beaa       0x2a ./Peripheral/src/ch32v30x_sdio.o
                0x000000000000beaa                SDIO_Init
 .text.SDIO_ClockCmd
                0x000000000000bed4       0x16 ./Peripheral/src/ch32v30x_sdio.o
                0x000000000000bed4                SDIO_ClockCmd
 .text.SDIO_SetPowerState
                0x000000000000beea       0x12 ./Peripheral/src/ch32v30x_sdio.o
                0x000000000000beea                SDIO_SetPowerState
 .text.SDIO_GetPowerState
                0x000000000000befc        0xa ./Peripheral/src/ch32v30x_sdio.o
                0x000000000000befc                SDIO_GetPowerState
 .text.SDIO_DMACmd
                0x000000000000bf06       0x14 ./Peripheral/src/ch32v30x_sdio.o
                0x000000000000bf06                SDIO_DMACmd
 .text.SDIO_SendCommand
                0x000000000000bf1a       0x22 ./Peripheral/src/ch32v30x_sdio.o
                0x000000000000bf1a                SDIO_SendCommand
 .text.SDIO_DataConfig
                0x000000000000bf3c       0x26 ./Peripheral/src/ch32v30x_sdio.o
                0x000000000000bf3c                SDIO_DataConfig
 .text.SDIO_ReadData
                0x000000000000bf62        0xa ./Peripheral/src/ch32v30x_sdio.o
                0x000000000000bf62                SDIO_ReadData
 .text.SDIO_WriteData
                0x000000000000bf6c        0xa ./Peripheral/src/ch32v30x_sdio.o
                0x000000000000bf6c                SDIO_WriteData
 .text.SDIO_GetFlagStatus
                0x000000000000bf76        0xe ./Peripheral/src/ch32v30x_sdio.o
                0x000000000000bf76                SDIO_GetFlagStatus
 .text.SDIO_ClearFlag
                0x000000000000bf84        0x8 ./Peripheral/src/ch32v30x_sdio.o
                0x000000000000bf84                SDIO_ClearFlag
 .text.SPI_Init
                0x000000000000bf8c       0x3e ./Peripheral/src/ch32v30x_spi.o
                0x000000000000bf8c                SPI_Init
 .text.SPI_Cmd  0x000000000000bfca       0x1a ./Peripheral/src/ch32v30x_spi.o
                0x000000000000bfca                SPI_Cmd
 .text.SPI_I2S_SendData
                0x000000000000bfe4        0x4 ./Peripheral/src/ch32v30x_spi.o
                0x000000000000bfe4                SPI_I2S_SendData
 .text.SPI_I2S_ReceiveData
                0x000000000000bfe8        0x4 ./Peripheral/src/ch32v30x_spi.o
                0x000000000000bfe8                SPI_I2S_ReceiveData
 .text.SPI_I2S_GetFlagStatus
                0x000000000000bfec        0xa ./Peripheral/src/ch32v30x_spi.o
                0x000000000000bfec                SPI_I2S_GetFlagStatus
 .text.TIM_TimeBaseInit
                0x000000000000bff6       0xaa ./Peripheral/src/ch32v30x_tim.o
                0x000000000000bff6                TIM_TimeBaseInit
 .text.TIM_OC1Init
                0x000000000000c0a0       0x82 ./Peripheral/src/ch32v30x_tim.o
                0x000000000000c0a0                TIM_OC1Init
 .text.TIM_Cmd  0x000000000000c122       0x18 ./Peripheral/src/ch32v30x_tim.o
                0x000000000000c122                TIM_Cmd
 .text.TIM_CtrlPWMOutputs
                0x000000000000c13a       0x16 ./Peripheral/src/ch32v30x_tim.o
                0x000000000000c13a                TIM_CtrlPWMOutputs
 .text.TIM_ITConfig
                0x000000000000c150       0x12 ./Peripheral/src/ch32v30x_tim.o
                0x000000000000c150                TIM_ITConfig
 .text.TIM_DMACmd
                0x000000000000c162        0xc ./Peripheral/src/ch32v30x_tim.o
                0x000000000000c162                TIM_DMACmd
 .text.TIM_ARRPreloadConfig
                0x000000000000c16e       0x1a ./Peripheral/src/ch32v30x_tim.o
                0x000000000000c16e                TIM_ARRPreloadConfig
 .text.TIM_OC1PreloadConfig
                0x000000000000c188        0xe ./Peripheral/src/ch32v30x_tim.o
                0x000000000000c188                TIM_OC1PreloadConfig
 .text.TIM_SetCounter
                0x000000000000c196        0x4 ./Peripheral/src/ch32v30x_tim.o
                0x000000000000c196                TIM_SetCounter
 .text.TIM_SetAutoreload
                0x000000000000c19a        0x4 ./Peripheral/src/ch32v30x_tim.o
                0x000000000000c19a                TIM_SetAutoreload
 .text.TIM_SetCompare1
                0x000000000000c19e        0x4 ./Peripheral/src/ch32v30x_tim.o
                0x000000000000c19e                TIM_SetCompare1
 .text.TIM_GetCounter
                0x000000000000c1a2        0x4 ./Peripheral/src/ch32v30x_tim.o
                0x000000000000c1a2                TIM_GetCounter
 .text.TIM_GetFlagStatus
                0x000000000000c1a6        0xa ./Peripheral/src/ch32v30x_tim.o
                0x000000000000c1a6                TIM_GetFlagStatus
 .text.TIM_ClearFlag
                0x000000000000c1b0        0xc ./Peripheral/src/ch32v30x_tim.o
                0x000000000000c1b0                TIM_ClearFlag
 .text.TIM_GetITStatus
                0x000000000000c1bc       0x18 ./Peripheral/src/ch32v30x_tim.o
                0x000000000000c1bc                TIM_GetITStatus
 .text.TIM_ClearITPendingBit
                0x000000000000c1d4        0xc ./Peripheral/src/ch32v30x_tim.o
                0x000000000000c1d4                TIM_ClearITPendingBit
 .text.USART_Init
                0x000000000000c1e0       0x90 ./Peripheral/src/ch32v30x_usart.o
                0x000000000000c1e0                USART_Init
 .text.USART_Cmd
                0x000000000000c270       0x16 ./Peripheral/src/ch32v30x_usart.o
                0x000000000000c270                USART_Cmd
 .text.USART_ITConfig
                0x000000000000c286       0x36 ./Peripheral/src/ch32v30x_usart.o
                0x000000000000c286                USART_ITConfig
 .text.USART_SendData
                0x000000000000c2bc        0x8 ./Peripheral/src/ch32v30x_usart.o
                0x000000000000c2bc                USART_SendData
 .text.USART_GetFlagStatus
                0x000000000000c2c4        0xa ./Peripheral/src/ch32v30x_usart.o
                0x000000000000c2c4                USART_GetFlagStatus
 .text.USART_GetITStatus
                0x000000000000c2ce       0x3c ./Peripheral/src/ch32v30x_usart.o
                0x000000000000c2ce                USART_GetITStatus
 .text.USART_ClearITPendingBit
                0x000000000000c30a       0x14 ./Peripheral/src/ch32v30x_usart.o
                0x000000000000c30a                USART_ClearITPendingBit
 .text.usmart_sys_cmd_exe
                0x000000000000c31e      0x2c6 ./Middlewares/USMART/usmart.o
                0x000000000000c31e                usmart_sys_cmd_exe
 .text.usmart_init
                0x000000000000c5e4       0x26 ./Middlewares/USMART/usmart.o
                0x000000000000c5e4                usmart_init
 .text.usmart_cmd_rec
                0x000000000000c60a       0x7e ./Middlewares/USMART/usmart.o
                0x000000000000c60a                usmart_cmd_rec
 .text.usmart_exe
                0x000000000000c688      0x26a ./Middlewares/USMART/usmart.o
                0x000000000000c688                usmart_exe
 .text.usmart_scan
                0x000000000000c8f2       0x7a ./Middlewares/USMART/usmart.o
                0x000000000000c8f2                usmart_scan
 .text.read_addr
                0x000000000000c96c        0x4 ./Middlewares/USMART/usmart.o
                0x000000000000c96c                read_addr
 .text.write_addr
                0x000000000000c970        0x4 ./Middlewares/USMART/usmart.o
                0x000000000000c970                write_addr
 .text.usmart_get_input_string
                0x000000000000c974       0x2c ./Middlewares/USMART/usmart_port.o
                0x000000000000c974                usmart_get_input_string
 .text.usmart_timx_reset_time
                0x000000000000c9a0       0x34 ./Middlewares/USMART/usmart_port.o
                0x000000000000c9a0                usmart_timx_reset_time
 .text.usmart_timx_get_time
                0x000000000000c9d4       0x48 ./Middlewares/USMART/usmart_port.o
                0x000000000000c9d4                usmart_timx_get_time
 .text.usmart_timx_init
                0x000000000000ca1c       0x5c ./Middlewares/USMART/usmart_port.o
                0x000000000000ca1c                usmart_timx_init
 .text.TIM4_IRQHandler
                0x000000000000ca78       0x4e ./Middlewares/USMART/usmart_port.o
                0x000000000000ca78                TIM4_IRQHandler
 .text.usmart_strcmp
                0x000000000000cac6       0x1c ./Middlewares/USMART/usmart_str.o
                0x000000000000cac6                usmart_strcmp
 .text.usmart_strcopy
                0x000000000000cae2       0x10 ./Middlewares/USMART/usmart_str.o
                0x000000000000cae2                usmart_strcopy
 .text.usmart_strlen
                0x000000000000caf2       0x16 ./Middlewares/USMART/usmart_str.o
                0x000000000000caf2                usmart_strlen
 .text.usmart_str2num
                0x000000000000cb08      0x114 ./Middlewares/USMART/usmart_str.o
                0x000000000000cb08                usmart_str2num
 .text.usmart_get_cmdname
                0x000000000000cc1c       0x2e ./Middlewares/USMART/usmart_str.o
                0x000000000000cc1c                usmart_get_cmdname
 .text.usmart_search_nextc
                0x000000000000cc4a       0x1a ./Middlewares/USMART/usmart_str.o
                0x000000000000cc4a                usmart_search_nextc
 .text.usmart_get_fname
                0x000000000000cc64      0x1b4 ./Middlewares/USMART/usmart_str.o
                0x000000000000cc64                usmart_get_fname
 .text.usmart_get_aparm
                0x000000000000ce18       0xfc ./Middlewares/USMART/usmart_str.o
                0x000000000000ce18                usmart_get_aparm
 .text.usmart_get_parmpos
                0x000000000000cf14       0x26 ./Middlewares/USMART/usmart_str.o
                0x000000000000cf14                usmart_get_parmpos
 .text.usmart_get_fparam
                0x000000000000cf3a      0x10c ./Middlewares/USMART/usmart_str.o
                0x000000000000cf3a                usmart_get_fparam
 .text.fonts_init
                0x000000000000d046       0x48 ./Middlewares/TEXT/fonts.o
                0x000000000000d046                fonts_init
 .text.text_show_font
                0x000000000000d08e      0x186 ./Middlewares/TEXT/text.o
                0x000000000000d08e                text_show_font
 .text.text_show_string
                0x000000000000d214       0xbc ./Middlewares/TEXT/text.o
                0x000000000000d214                text_show_string
 .text.text_show_string_middle
                0x000000000000d2d0       0x66 ./Middlewares/TEXT/text.o
                0x000000000000d2d0                text_show_string_middle
 .text.piclib_fill_color
                0x000000000000d336       0x1c ./Middlewares/PICTURE/piclib.o
 .text.piclib_init
                0x000000000000d352       0x7a ./Middlewares/PICTURE/piclib.o
                0x000000000000d352                piclib_init
 .text.my_mem_perused
                0x000000000000d3cc       0x3c ./Middlewares/MALLOC/malloc.o
                0x000000000000d3cc                my_mem_perused
 .text.my_mem_malloc
                0x000000000000d408       0x74 ./Middlewares/MALLOC/malloc.o
 .text.my_mem_set
                0x000000000000d47c       0x10 ./Middlewares/MALLOC/malloc.o
                0x000000000000d47c                my_mem_set
 .text.my_mem_init
                0x000000000000d48c       0x2a ./Middlewares/MALLOC/malloc.o
                0x000000000000d48c                my_mem_init
 .text.myfree   0x000000000000d4b6       0x50 ./Middlewares/MALLOC/malloc.o
                0x000000000000d4b6                myfree
 .text.mymalloc
                0x000000000000d506       0x28 ./Middlewares/MALLOC/malloc.o
                0x000000000000d506                mymalloc
 .text.disk_status
                0x000000000000d52e        0x4 ./Middlewares/FATFS/source/diskio.o
                0x000000000000d52e                disk_status
 .text.disk_initialize
                0x000000000000d532       0x28 ./Middlewares/FATFS/source/diskio.o
                0x000000000000d532                disk_initialize
 .text.disk_read
                0x000000000000d55a       0x54 ./Middlewares/FATFS/source/diskio.o
                0x000000000000d55a                disk_read
 .text.disk_write
                0x000000000000d5ae       0x54 ./Middlewares/FATFS/source/diskio.o
                0x000000000000d5ae                disk_write
 .text.ld_dword
                0x000000000000d602       0x16 ./Middlewares/FATFS/source/ff.o
 .text.ld_qword
                0x000000000000d618       0x4e ./Middlewares/FATFS/source/ff.o
 .text.clst2sect
                0x000000000000d666       0x1a ./Middlewares/FATFS/source/ff.o
 .text.get_ldnumber
                0x000000000000d680       0x50 ./Middlewares/FATFS/source/ff.o
 .text.sync_window.part.3
                0x000000000000d6d0       0x48 ./Middlewares/FATFS/source/ff.o
 .text.move_window
                0x000000000000d718       0x40 ./Middlewares/FATFS/source/ff.o
 .text.check_fs
                0x000000000000d758      0x110 ./Middlewares/FATFS/source/ff.o
 .text.mount_volume
                0x000000000000d868      0x446 ./Middlewares/FATFS/source/ff.o
 .text.f_mount  0x000000000000dcae       0x52 ./Middlewares/FATFS/source/ff.o
                0x000000000000dcae                f_mount
 .text.exfuns_init
                0x000000000000dd00       0x3e ./Middlewares/FATFS/exfuns/exfuns.o
                0x000000000000dd00                exfuns_init
 .text.mf_free  0x000000000000dd3e       0x22 ./Middlewares/FATFS/exfuns/fattester.o
                0x000000000000dd3e                mf_free
 .text.mf_init  0x000000000000dd60       0x3a ./Middlewares/FATFS/exfuns/fattester.o
                0x000000000000dd60                mf_init
 .text._sbrk    0x000000000000dd9a       0x2a ./Debug/debug.o
                0x000000000000dd9a                _sbrk
 .text.fmodf    0x000000000000ddc4       0xcc c:/mounriver/mounriver_studio2/resources/app/resources/win32/components/wch/toolchain/risc-v embedded gcc/bin/../lib/gcc/riscv-none-embed/8.2.0/../../../../riscv-none-embed/lib/rv32imacxw/ilp32\libm.a(lib_a-wf_fmod.o)
                0x000000000000ddc4                fmodf
 .text.__ieee754_fmodf
                0x000000000000de90      0x13a c:/mounriver/mounriver_studio2/resources/app/resources/win32/components/wch/toolchain/risc-v embedded gcc/bin/../lib/gcc/riscv-none-embed/8.2.0/../../../../riscv-none-embed/lib/rv32imacxw/ilp32\libm.a(lib_a-ef_fmod.o)
                0x000000000000de90                __ieee754_fmodf
 .text.matherr  0x000000000000dfca        0x4 c:/mounriver/mounriver_studio2/resources/app/resources/win32/components/wch/toolchain/risc-v embedded gcc/bin/../lib/gcc/riscv-none-embed/8.2.0/../../../../riscv-none-embed/lib/rv32imacxw/ilp32\libm.a(lib_a-s_matherr.o)
                0x000000000000dfca                matherr
 .text.__adddf3
                0x000000000000dfce      0x730 c:/mounriver/mounriver_studio2/resources/app/resources/win32/components/wch/toolchain/risc-v embedded gcc/bin/../lib/gcc/riscv-none-embed/8.2.0/rv32imacxw/ilp32\libgcc.a(adddf3.o)
                0x000000000000dfce                __adddf3
 .text.__divdf3
                0x000000000000e6fe      0x5b4 c:/mounriver/mounriver_studio2/resources/app/resources/win32/components/wch/toolchain/risc-v embedded gcc/bin/../lib/gcc/riscv-none-embed/8.2.0/rv32imacxw/ilp32\libgcc.a(divdf3.o)
                0x000000000000e6fe                __divdf3
 .text.__muldf3
                0x000000000000ecb2      0x4b8 c:/mounriver/mounriver_studio2/resources/app/resources/win32/components/wch/toolchain/risc-v embedded gcc/bin/../lib/gcc/riscv-none-embed/8.2.0/rv32imacxw/ilp32\libgcc.a(muldf3.o)
                0x000000000000ecb2                __muldf3
 .text.__subdf3
                0x000000000000f16a      0x73e c:/mounriver/mounriver_studio2/resources/app/resources/win32/components/wch/toolchain/risc-v embedded gcc/bin/../lib/gcc/riscv-none-embed/8.2.0/rv32imacxw/ilp32\libgcc.a(subdf3.o)
                0x000000000000f16a                __subdf3
 .text.__fixdfsi
                0x000000000000f8a8       0x68 c:/mounriver/mounriver_studio2/resources/app/resources/win32/components/wch/toolchain/risc-v embedded gcc/bin/../lib/gcc/riscv-none-embed/8.2.0/rv32imacxw/ilp32\libgcc.a(fixdfsi.o)
                0x000000000000f8a8                __fixdfsi
 .text.__fixunsdfsi
                0x000000000000f910       0x5c c:/mounriver/mounriver_studio2/resources/app/resources/win32/components/wch/toolchain/risc-v embedded gcc/bin/../lib/gcc/riscv-none-embed/8.2.0/rv32imacxw/ilp32\libgcc.a(fixunsdfsi.o)
                0x000000000000f910                __fixunsdfsi
 .text.__floatsidf
                0x000000000000f96c       0x72 c:/mounriver/mounriver_studio2/resources/app/resources/win32/components/wch/toolchain/risc-v embedded gcc/bin/../lib/gcc/riscv-none-embed/8.2.0/rv32imacxw/ilp32\libgcc.a(floatsidf.o)
                0x000000000000f96c                __floatsidf
 .text.__addsf3
                0x000000000000f9de      0x36a c:/mounriver/mounriver_studio2/resources/app/resources/win32/components/wch/toolchain/risc-v embedded gcc/bin/../lib/gcc/riscv-none-embed/8.2.0/rv32imacxw/ilp32\libgcc.a(addsf3.o)
                0x000000000000f9de                __addsf3
 .text.__divsf3
                0x000000000000fd48      0x2b2 c:/mounriver/mounriver_studio2/resources/app/resources/win32/components/wch/toolchain/risc-v embedded gcc/bin/../lib/gcc/riscv-none-embed/8.2.0/rv32imacxw/ilp32\libgcc.a(divsf3.o)
                0x000000000000fd48                __divsf3
 .text.__eqsf2  0x000000000000fffa       0x5c c:/mounriver/mounriver_studio2/resources/app/resources/win32/components/wch/toolchain/risc-v embedded gcc/bin/../lib/gcc/riscv-none-embed/8.2.0/rv32imacxw/ilp32\libgcc.a(eqsf2.o)
                0x000000000000fffa                __eqsf2
                0x000000000000fffa                __nesf2
 .text.__gesf2  0x0000000000010056       0x86 c:/mounriver/mounriver_studio2/resources/app/resources/win32/components/wch/toolchain/risc-v embedded gcc/bin/../lib/gcc/riscv-none-embed/8.2.0/rv32imacxw/ilp32\libgcc.a(gesf2.o)
                0x0000000000010056                __gesf2
                0x0000000000010056                __gtsf2
 .text.__lesf2  0x00000000000100dc       0x8c c:/mounriver/mounriver_studio2/resources/app/resources/win32/components/wch/toolchain/risc-v embedded gcc/bin/../lib/gcc/riscv-none-embed/8.2.0/rv32imacxw/ilp32\libgcc.a(lesf2.o)
                0x00000000000100dc                __ltsf2
                0x00000000000100dc                __lesf2
 .text.__mulsf3
                0x0000000000010168      0x294 c:/mounriver/mounriver_studio2/resources/app/resources/win32/components/wch/toolchain/risc-v embedded gcc/bin/../lib/gcc/riscv-none-embed/8.2.0/rv32imacxw/ilp32\libgcc.a(mulsf3.o)
                0x0000000000010168                __mulsf3
 .text.__subsf3
                0x00000000000103fc      0x388 c:/mounriver/mounriver_studio2/resources/app/resources/win32/components/wch/toolchain/risc-v embedded gcc/bin/../lib/gcc/riscv-none-embed/8.2.0/rv32imacxw/ilp32\libgcc.a(subsf3.o)
                0x00000000000103fc                __subsf3
 .text.__unordsf2
                0x0000000000010784       0x3c c:/mounriver/mounriver_studio2/resources/app/resources/win32/components/wch/toolchain/risc-v embedded gcc/bin/../lib/gcc/riscv-none-embed/8.2.0/rv32imacxw/ilp32\libgcc.a(unordsf2.o)
                0x0000000000010784                __unordsf2
 .text.__fixsfsi
                0x00000000000107c0       0x62 c:/mounriver/mounriver_studio2/resources/app/resources/win32/components/wch/toolchain/risc-v embedded gcc/bin/../lib/gcc/riscv-none-embed/8.2.0/rv32imacxw/ilp32\libgcc.a(fixsfsi.o)
                0x00000000000107c0                __fixsfsi
 .text.__fixunssfsi
                0x0000000000010822       0x56 c:/mounriver/mounriver_studio2/resources/app/resources/win32/components/wch/toolchain/risc-v embedded gcc/bin/../lib/gcc/riscv-none-embed/8.2.0/rv32imacxw/ilp32\libgcc.a(fixunssfsi.o)
                0x0000000000010822                __fixunssfsi
 .text.__floatsisf
                0x0000000000010878       0xc6 c:/mounriver/mounriver_studio2/resources/app/resources/win32/components/wch/toolchain/risc-v embedded gcc/bin/../lib/gcc/riscv-none-embed/8.2.0/rv32imacxw/ilp32\libgcc.a(floatsisf.o)
                0x0000000000010878                __floatsisf
 .text.__floatunsisf
                0x000000000001093e       0xce c:/mounriver/mounriver_studio2/resources/app/resources/win32/components/wch/toolchain/risc-v embedded gcc/bin/../lib/gcc/riscv-none-embed/8.2.0/rv32imacxw/ilp32\libgcc.a(floatunsisf.o)
                0x000000000001093e                __floatunsisf
 .text.__extendsfdf2
                0x0000000000010a0c       0xac c:/mounriver/mounriver_studio2/resources/app/resources/win32/components/wch/toolchain/risc-v embedded gcc/bin/../lib/gcc/riscv-none-embed/8.2.0/rv32imacxw/ilp32\libgcc.a(extendsfdf2.o)
                0x0000000000010a0c                __extendsfdf2
 .text.__truncdfsf2
                0x0000000000010ab8      0x16a c:/mounriver/mounriver_studio2/resources/app/resources/win32/components/wch/toolchain/risc-v embedded gcc/bin/../lib/gcc/riscv-none-embed/8.2.0/rv32imacxw/ilp32\libgcc.a(truncdfsf2.o)
                0x0000000000010ab8                __truncdfsf2
 .text.__clzsi2
                0x0000000000010c22       0x6e c:/mounriver/mounriver_studio2/resources/app/resources/win32/components/wch/toolchain/risc-v embedded gcc/bin/../lib/gcc/riscv-none-embed/8.2.0/rv32imacxw/ilp32\libgcc.a(_clzsi2.o)
                0x0000000000010c22                __clzsi2
 .text.atof     0x0000000000010c90        0x6 c:/mounriver/mounriver_studio2/resources/app/resources/win32/components/wch/toolchain/risc-v embedded gcc/bin/../lib/gcc/riscv-none-embed/8.2.0/../../../../riscv-none-embed/lib/rv32imacxw/ilp32\libg_nano.a(lib_a-atof.o)
                0x0000000000010c90                atof
 .text.atoi     0x0000000000010c96        0x8 c:/mounriver/mounriver_studio2/resources/app/resources/win32/components/wch/toolchain/risc-v embedded gcc/bin/../lib/gcc/riscv-none-embed/8.2.0/../../../../riscv-none-embed/lib/rv32imacxw/ilp32\libg_nano.a(lib_a-atoi.o)
                0x0000000000010c96                atoi
 .text.__errno  0x0000000000010c9e        0x8 c:/mounriver/mounriver_studio2/resources/app/resources/win32/components/wch/toolchain/risc-v embedded gcc/bin/../lib/gcc/riscv-none-embed/8.2.0/../../../../riscv-none-embed/lib/rv32imacxw/ilp32\libg_nano.a(lib_a-errno.o)
                0x0000000000010c9e                __errno
 .text.memcmp   0x0000000000010ca6       0x24 c:/mounriver/mounriver_studio2/resources/app/resources/win32/components/wch/toolchain/risc-v embedded gcc/bin/../lib/gcc/riscv-none-embed/8.2.0/../../../../riscv-none-embed/lib/rv32imacxw/ilp32\libg_nano.a(lib_a-memcmp.o)
                0x0000000000010ca6                memcmp
 .text.memcpy   0x0000000000010cca       0xb2 c:/mounriver/mounriver_studio2/resources/app/resources/win32/components/wch/toolchain/risc-v embedded gcc/bin/../lib/gcc/riscv-none-embed/8.2.0/../../../../riscv-none-embed/lib/rv32imacxw/ilp32\libg_nano.a(lib_a-memcpy.o)
                0x0000000000010cca                memcpy
 .text.printf   0x0000000000010d7c       0x42 c:/mounriver/mounriver_studio2/resources/app/resources/win32/components/wch/toolchain/risc-v embedded gcc/bin/../lib/gcc/riscv-none-embed/8.2.0/../../../../riscv-none-embed/lib/rv32imacxw/ilp32\libg_nano.a(lib_a-printf.o)
                0x0000000000010d7c                iprintf
                0x0000000000010d7c                printf
 .text.putchar  0x0000000000010dbe       0x2c c:/mounriver/mounriver_studio2/resources/app/resources/win32/components/wch/toolchain/risc-v embedded gcc/bin/../lib/gcc/riscv-none-embed/8.2.0/../../../../riscv-none-embed/lib/rv32imacxw/ilp32\libg_nano.a(lib_a-putchar.o)
                0x0000000000010dbe                putchar
 .text._puts_r  0x0000000000010dea       0xde c:/mounriver/mounriver_studio2/resources/app/resources/win32/components/wch/toolchain/risc-v embedded gcc/bin/../lib/gcc/riscv-none-embed/8.2.0/../../../../riscv-none-embed/lib/rv32imacxw/ilp32\libg_nano.a(lib_a-puts.o)
                0x0000000000010dea                _puts_r
 .text.puts     0x0000000000010ec8        0xc c:/mounriver/mounriver_studio2/resources/app/resources/win32/components/wch/toolchain/risc-v embedded gcc/bin/../lib/gcc/riscv-none-embed/8.2.0/../../../../riscv-none-embed/lib/rv32imacxw/ilp32\libg_nano.a(lib_a-puts.o)
                0x0000000000010ec8                puts
 .text.sscanf   0x0000000000010ed4       0x52 c:/mounriver/mounriver_studio2/resources/app/resources/win32/components/wch/toolchain/risc-v embedded gcc/bin/../lib/gcc/riscv-none-embed/8.2.0/../../../../riscv-none-embed/lib/rv32imacxw/ilp32\libg_nano.a(lib_a-sscanf.o)
                0x0000000000010ed4                siscanf
                0x0000000000010ed4                sscanf
 .text.__sread  0x0000000000010f26       0x2e c:/mounriver/mounriver_studio2/resources/app/resources/win32/components/wch/toolchain/risc-v embedded gcc/bin/../lib/gcc/riscv-none-embed/8.2.0/../../../../riscv-none-embed/lib/rv32imacxw/ilp32\libg_nano.a(lib_a-stdio.o)
                0x0000000000010f26                __sread
 .text.__seofread
                0x0000000000010f54        0x4 c:/mounriver/mounriver_studio2/resources/app/resources/win32/components/wch/toolchain/risc-v embedded gcc/bin/../lib/gcc/riscv-none-embed/8.2.0/../../../../riscv-none-embed/lib/rv32imacxw/ilp32\libg_nano.a(lib_a-stdio.o)
                0x0000000000010f54                __seofread
 .text.__swrite
                0x0000000000010f58       0x4c c:/mounriver/mounriver_studio2/resources/app/resources/win32/components/wch/toolchain/risc-v embedded gcc/bin/../lib/gcc/riscv-none-embed/8.2.0/../../../../riscv-none-embed/lib/rv32imacxw/ilp32\libg_nano.a(lib_a-stdio.o)
                0x0000000000010f58                __swrite
 .text.__sseek  0x0000000000010fa4       0x32 c:/mounriver/mounriver_studio2/resources/app/resources/win32/components/wch/toolchain/risc-v embedded gcc/bin/../lib/gcc/riscv-none-embed/8.2.0/../../../../riscv-none-embed/lib/rv32imacxw/ilp32\libg_nano.a(lib_a-stdio.o)
                0x0000000000010fa4                __sseek
 .text.__sclose
                0x0000000000010fd6        0x8 c:/mounriver/mounriver_studio2/resources/app/resources/win32/components/wch/toolchain/risc-v embedded gcc/bin/../lib/gcc/riscv-none-embed/8.2.0/../../../../riscv-none-embed/lib/rv32imacxw/ilp32\libg_nano.a(lib_a-stdio.o)
                0x0000000000010fd6                __sclose
 .text.strcat   0x0000000000010fde       0x1e c:/mounriver/mounriver_studio2/resources/app/resources/win32/components/wch/toolchain/risc-v embedded gcc/bin/../lib/gcc/riscv-none-embed/8.2.0/../../../../riscv-none-embed/lib/rv32imacxw/ilp32\libg_nano.a(lib_a-strcat.o)
                0x0000000000010fde                strcat
 .text.strchr   0x0000000000010ffc       0x18 c:/mounriver/mounriver_studio2/resources/app/resources/win32/components/wch/toolchain/risc-v embedded gcc/bin/../lib/gcc/riscv-none-embed/8.2.0/../../../../riscv-none-embed/lib/rv32imacxw/ilp32\libg_nano.a(lib_a-strchr.o)
                0x0000000000010ffc                strchr
 .text.strcpy   0x0000000000011014       0x10 c:/mounriver/mounriver_studio2/resources/app/resources/win32/components/wch/toolchain/risc-v embedded gcc/bin/../lib/gcc/riscv-none-embed/8.2.0/../../../../riscv-none-embed/lib/rv32imacxw/ilp32\libg_nano.a(lib_a-strcpy.o)
                0x0000000000011014                strcpy
 .text.strlen   0x0000000000011024       0x12 c:/mounriver/mounriver_studio2/resources/app/resources/win32/components/wch/toolchain/risc-v embedded gcc/bin/../lib/gcc/riscv-none-embed/8.2.0/../../../../riscv-none-embed/lib/rv32imacxw/ilp32\libg_nano.a(lib_a-strlen.o)
                0x0000000000011024                strlen
 .text.strncmp  0x0000000000011036       0x28 c:/mounriver/mounriver_studio2/resources/app/resources/win32/components/wch/toolchain/risc-v embedded gcc/bin/../lib/gcc/riscv-none-embed/8.2.0/../../../../riscv-none-embed/lib/rv32imacxw/ilp32\libg_nano.a(lib_a-strncmp.o)
                0x0000000000011036                strncmp
 .text.strstr   0x000000000001105e       0x34 c:/mounriver/mounriver_studio2/resources/app/resources/win32/components/wch/toolchain/risc-v embedded gcc/bin/../lib/gcc/riscv-none-embed/8.2.0/../../../../riscv-none-embed/lib/rv32imacxw/ilp32\libg_nano.a(lib_a-strstr.o)
                0x000000000001105e                strstr
 .text.sulp     0x0000000000011092       0x4e c:/mounriver/mounriver_studio2/resources/app/resources/win32/components/wch/toolchain/risc-v embedded gcc/bin/../lib/gcc/riscv-none-embed/8.2.0/../../../../riscv-none-embed/lib/rv32imacxw/ilp32\libg_nano.a(lib_a-strtod.o)
 .text._strtod_l
                0x00000000000110e0      0xc6c c:/mounriver/mounriver_studio2/resources/app/resources/win32/components/wch/toolchain/risc-v embedded gcc/bin/../lib/gcc/riscv-none-embed/8.2.0/../../../../riscv-none-embed/lib/rv32imacxw/ilp32\libg_nano.a(lib_a-strtod.o)
                0x00000000000110e0                _strtod_l
 .text.strtod   0x0000000000011d4c       0x1c c:/mounriver/mounriver_studio2/resources/app/resources/win32/components/wch/toolchain/risc-v embedded gcc/bin/../lib/gcc/riscv-none-embed/8.2.0/../../../../riscv-none-embed/lib/rv32imacxw/ilp32\libg_nano.a(lib_a-strtod.o)
                0x0000000000011d4c                strtod
 .text._strtol_l.isra.0
                0x0000000000011d68      0x13a c:/mounriver/mounriver_studio2/resources/app/resources/win32/components/wch/toolchain/risc-v embedded gcc/bin/../lib/gcc/riscv-none-embed/8.2.0/../../../../riscv-none-embed/lib/rv32imacxw/ilp32\libg_nano.a(lib_a-strtol.o)
 .text._strtol_r
                0x0000000000011ea2       0x16 c:/mounriver/mounriver_studio2/resources/app/resources/win32/components/wch/toolchain/risc-v embedded gcc/bin/../lib/gcc/riscv-none-embed/8.2.0/../../../../riscv-none-embed/lib/rv32imacxw/ilp32\libg_nano.a(lib_a-strtol.o)
                0x0000000000011ea2                _strtol_r
 .text.strtol   0x0000000000011eb8       0x1e c:/mounriver/mounriver_studio2/resources/app/resources/win32/components/wch/toolchain/risc-v embedded gcc/bin/../lib/gcc/riscv-none-embed/8.2.0/../../../../riscv-none-embed/lib/rv32imacxw/ilp32\libg_nano.a(lib_a-strtol.o)
                0x0000000000011eb8                strtol
 .text.__swbuf_r
                0x0000000000011ed6       0xbc c:/mounriver/mounriver_studio2/resources/app/resources/win32/components/wch/toolchain/risc-v embedded gcc/bin/../lib/gcc/riscv-none-embed/8.2.0/../../../../riscv-none-embed/lib/rv32imacxw/ilp32\libg_nano.a(lib_a-wbuf.o)
                0x0000000000011ed6                __swbuf_r
 .text._write_r
                0x0000000000011f92       0x36 c:/mounriver/mounriver_studio2/resources/app/resources/win32/components/wch/toolchain/risc-v embedded gcc/bin/../lib/gcc/riscv-none-embed/8.2.0/../../../../riscv-none-embed/lib/rv32imacxw/ilp32\libg_nano.a(lib_a-writer.o)
                0x0000000000011f92                _write_r
 .text.__swsetup_r