Archive member included to satisfy reference by file (symbol)

c:/mounriver/mounriver_studio2/resources/app/resources/win32/components/wch/toolchain/risc-v embedded gcc/bin/../lib/gcc/riscv-none-embed/8.2.0/../../../../riscv-none-embed/lib/rv32imacxw/ilp32\libm.a(lib_a-wf_fmod.o)
                              ./User/ws2812b/rainbow.o (fmodf)
c:/mounriver/mounriver_studio2/resources/app/resources/win32/components/wch/toolchain/risc-v embedded gcc/bin/../lib/gcc/riscv-none-embed/8.2.0/../../../../riscv-none-embed/lib/rv32imacxw/ilp32\libm.a(lib_a-ef_fmod.o)
                              c:/mounriver/mounriver_studio2/resources/app/resources/win32/components/wch/toolchain/risc-v embedded gcc/bin/../lib/gcc/riscv-none-embed/8.2.0/../../../../riscv-none-embed/lib/rv32imacxw/ilp32\libm.a(lib_a-wf_fmod.o) (__ieee754_fmodf)
c:/mounriver/mounriver_studio2/resources/app/resources/win32/components/wch/toolchain/risc-v embedded gcc/bin/../lib/gcc/riscv-none-embed/8.2.0/../../../../riscv-none-embed/lib/rv32imacxw/ilp32\libm.a(lib_a-s_lib_ver.o)
                              c:/mounriver/mounriver_studio2/resources/app/resources/win32/components/wch/toolchain/risc-v embedded gcc/bin/../lib/gcc/riscv-none-embed/8.2.0/../../../../riscv-none-embed/lib/rv32imacxw/ilp32\libm.a(lib_a-wf_fmod.o) (__fdlib_version)
c:/mounriver/mounriver_studio2/resources/app/resources/win32/components/wch/toolchain/risc-v embedded gcc/bin/../lib/gcc/riscv-none-embed/8.2.0/../../../../riscv-none-embed/lib/rv32imacxw/ilp32\libm.a(lib_a-s_matherr.o)
                              c:/mounriver/mounriver_studio2/resources/app/resources/win32/components/wch/toolchain/risc-v embedded gcc/bin/../lib/gcc/riscv-none-embed/8.2.0/../../../../riscv-none-embed/lib/rv32imacxw/ilp32\libm.a(lib_a-wf_fmod.o) (matherr)
c:/mounriver/mounriver_studio2/resources/app/resources/win32/components/wch/toolchain/risc-v embedded gcc/bin/../lib/gcc/riscv-none-embed/8.2.0/rv32imacxw/ilp32\libgcc.a(_divdi3.o)
                              ./Middlewares/FATFS/source/ff.o (__divdi3)
c:/mounriver/mounriver_studio2/resources/app/resources/win32/components/wch/toolchain/risc-v embedded gcc/bin/../lib/gcc/riscv-none-embed/8.2.0/rv32imacxw/ilp32\libgcc.a(_udivdi3.o)
                              ./Middlewares/FATFS/source/ff.o (__udivdi3)
c:/mounriver/mounriver_studio2/resources/app/resources/win32/components/wch/toolchain/risc-v embedded gcc/bin/../lib/gcc/riscv-none-embed/8.2.0/rv32imacxw/ilp32\libgcc.a(divdf3.o)
                              c:/mounriver/mounriver_studio2/resources/app/resources/win32/components/wch/toolchain/risc-v embedded gcc/bin/../lib/gcc/riscv-none-embed/8.2.0/../../../../riscv-none-embed/lib/rv32imacxw/ilp32\libm.a(lib_a-wf_fmod.o) (__divdf3)
c:/mounriver/mounriver_studio2/resources/app/resources/win32/components/wch/toolchain/risc-v embedded gcc/bin/../lib/gcc/riscv-none-embed/8.2.0/rv32imacxw/ilp32\libgcc.a(muldf3.o)
                              ./drivers/BSP/LCD/lcd.o (__muldf3)
c:/mounriver/mounriver_studio2/resources/app/resources/win32/components/wch/toolchain/risc-v embedded gcc/bin/../lib/gcc/riscv-none-embed/8.2.0/rv32imacxw/ilp32\libgcc.a(subdf3.o)
                              ./User/ws2812b/ws2812.o (__subdf3)
c:/mounriver/mounriver_studio2/resources/app/resources/win32/components/wch/toolchain/risc-v embedded gcc/bin/../lib/gcc/riscv-none-embed/8.2.0/rv32imacxw/ilp32\libgcc.a(fixunsdfsi.o)
                              ./drivers/BSP/LCD/lcd.o (__fixunsdfsi)
c:/mounriver/mounriver_studio2/resources/app/resources/win32/components/wch/toolchain/risc-v embedded gcc/bin/../lib/gcc/riscv-none-embed/8.2.0/rv32imacxw/ilp32\libgcc.a(floatsidf.o)
                              ./drivers/BSP/LCD/lcd.o (__floatsidf)
c:/mounriver/mounriver_studio2/resources/app/resources/win32/components/wch/toolchain/risc-v embedded gcc/bin/../lib/gcc/riscv-none-embed/8.2.0/rv32imacxw/ilp32\libgcc.a(addsf3.o)
                              ./User/ws2812b/rainbow.o (__addsf3)
c:/mounriver/mounriver_studio2/resources/app/resources/win32/components/wch/toolchain/risc-v embedded gcc/bin/../lib/gcc/riscv-none-embed/8.2.0/rv32imacxw/ilp32\libgcc.a(divsf3.o)
                              ./User/ws2812b/rainbow.o (__divsf3)
c:/mounriver/mounriver_studio2/resources/app/resources/win32/components/wch/toolchain/risc-v embedded gcc/bin/../lib/gcc/riscv-none-embed/8.2.0/rv32imacxw/ilp32\libgcc.a(eqsf2.o)
                              c:/mounriver/mounriver_studio2/resources/app/resources/win32/components/wch/toolchain/risc-v embedded gcc/bin/../lib/gcc/riscv-none-embed/8.2.0/../../../../riscv-none-embed/lib/rv32imacxw/ilp32\libm.a(lib_a-wf_fmod.o) (__eqsf2)
c:/mounriver/mounriver_studio2/resources/app/resources/win32/components/wch/toolchain/risc-v embedded gcc/bin/../lib/gcc/riscv-none-embed/8.2.0/rv32imacxw/ilp32\libgcc.a(gesf2.o)
                              ./User/ws2812b/rainbow.o (__gesf2)
[...]
Memory Configuration

Name             Origin             Length             Attributes
FLASH            0x0000000000000000 0x0000000000040000 xr
RAM              0x0000000020000000 0x0000000000010000 xrw
*default*        0x0000000000000000 0xffffffffffffffff

Linker script and memory map

LOAD ./rtthread/src/clock.o
LOAD ./rtthread/src/components.o
LOAD ./rtthread/src/cpu.o
LOAD ./rtthread/src/device.o
LOAD ./rtthread/src/idle.o
LOAD ./rtthread/src/ipc.o
LOAD ./rtthread/src/irq.o
LOAD ./rtthread/src/kservice.o
LOAD ./rtthread/src/mem.o
LOAD ./rtthread/src/memheap.o
LOAD ./rtthread/src/mempool.o
LOAD ./rtthread/src/object.o
LOAD ./rtthread/src/scheduler.o
LOAD ./rtthread/src/slab.o
LOAD ./rtthread/src/thread.o
LOAD ./rtthread/src/timer.o
LOAD ./rtthread/libcpu/risc-v/common/context_gcc.o
LOAD ./rtthread/libcpu/risc-v/common/cpuport.o
LOAD ./rtthread/libcpu/risc-v/common/interrupt_gcc.o
LOAD ./rtthread/components/finsh/cmd.o
LOAD ./rtthread/components/finsh/msh.o
LOAD ./rtthread/components/finsh/msh_cmd.o
LOAD ./rtthread/components/finsh/msh_file.o
LOAD ./rtthread/components/finsh/shell.o
LOAD ./rtthread/components/finsh/symbol.o
LOAD ./rtthread/components/drivers/serial/serial.o
LOAD ./rtthread/components/drivers/misc/pin.o
LOAD ./rtthread/board.o
LOAD ./drivers/SYSTEM/usart/usart.o
LOAD ./drivers/SYSTEM/sys/sys.o
LOAD ./drivers/SYSTEM/delay/delay.o
LOAD ./drivers/BSP/SPI/spi.o
LOAD ./drivers/BSP/SDIO/sdio_sdcard.o
LOAD ./drivers/BSP/NORFLASH/norflash.o
LOAD ./drivers/BSP/LED/led.o
LOAD ./drivers/BSP/LCD/lcd.o
LOAD ./drivers/BSP/LCD/lcd_ex.o
LOAD ./drivers/BSP/KEY/key.o
LOAD ./drivers/drv_gpio.o
LOAD ./drivers/drv_pwm.o
LOAD ./drivers/drv_usart.o
LOAD ./User/ws2812b/rainbow.o
LOAD ./User/ws2812b/ws2812.o
LOAD ./User/PWM.o
LOAD ./User/WIFI.o
LOAD ./User/ch32v30x_it.o
LOAD ./User/main.o
LOAD ./User/system_ch32v30x.o
LOAD ./Startup/startup_ch32v30x_D8C.o
LOAD ./Peripheral/src/ch32v30x_adc.o
LOAD ./Peripheral/src/ch32v30x_bkp.o
LOAD ./Peripheral/src/ch32v30x_can.o
LOAD ./Peripheral/src/ch32v30x_crc.o
LOAD ./Peripheral/src/ch32v30x_dac.o
LOAD ./Peripheral/src/ch32v30x_dbgmcu.o
LOAD ./Peripheral/src/ch32v30x_dma.o
LOAD ./Peripheral/src/ch32v30x_dvp.o
LOAD ./Peripheral/src/ch32v30x_eth.o
LOAD ./Peripheral/src/ch32v30x_exti.o
LOAD ./Peripheral/src/ch32v30x_flash.o
LOAD ./Peripheral/src/ch32v30x_fsmc.o
LOAD ./Peripheral/src/ch32v30x_gpio.o
LOAD ./Peripheral/src/ch32v30x_i2c.o
LOAD ./Peripheral/src/ch32v30x_iwdg.o
LOAD ./Peripheral/src/ch32v30x_misc.o
LOAD ./Peripheral/src/ch32v30x_opa.o
LOAD ./Peripheral/src/ch32v30x_pwr.o
LOAD ./Peripheral/src/ch32v30x_rcc.o
LOAD ./Peripheral/src/ch32v30x_rng.o
LOAD ./Peripheral/src/ch32v30x_rtc.o
LOAD ./Peripheral/src/ch32v30x_sdio.o
LOAD ./Peripheral/src/ch32v30x_spi.o
LOAD ./Peripheral/src/ch32v30x_tim.o
LOAD ./Peripheral/src/ch32v30x_usart.o
LOAD ./Peripheral/src/ch32v30x_wwdg.o
LOAD ./Middlewares/USMART/usmart.o
LOAD ./Middlewares/USMART/usmart_config.o
LOAD ./Middlewares/USMART/usmart_port.o
LOAD ./Middlewares/USMART/usmart_str.o
LOAD ./Middlewares/TEXT/fonts.o
LOAD ./Middlewares/TEXT/text.o
LOAD ./Middlewares/PICTURE/bmp.o
LOAD ./Middlewares/PICTURE/gif.o
LOAD ./Middlewares/PICTURE/piclib.o
LOAD ./Middlewares/PICTURE/tjpgd.o
LOAD ./Middlewares/MALLOC/malloc.o
LOAD ./Middlewares/FATFS/source/diskio.o
LOAD ./Middlewares/FATFS/source/ff.o
LOAD ./Middlewares/FATFS/source/ffsystem.o
LOAD ./Middlewares/FATFS/exfuns/exfuns.o
LOAD ./Middlewares/FATFS/exfuns/fattester.o
LOAD ./Middlewares/FATFS/exfuns/myffunicode.o
LOAD ./Debug/debug.o
LOAD ./Core/core_riscv.o
LOAD c:/mounriver/mounriver_studio2/resources/app/resources/win32/components/wch/toolchain/risc-v embedded gcc/bin/../lib/gcc/riscv-none-embed/8.2.0/../../../../riscv-none-embed/lib/rv32imacxw/ilp32\libm.a
LOAD c:/mounriver/mounriver_studio2/resources/app/resources/win32/components/wch/toolchain/risc-v embedded gcc/bin/../lib/gcc/riscv-none-embed/8.2.0/rv32imacxw/ilp32\libgcc.a
LOAD c:/mounriver/mounriver_studio2/resources/app/resources/win32/components/wch/toolchain/risc-v embedded gcc/bin/../lib/gcc/riscv-none-embed/8.2.0/../../../../riscv-none-embed/lib/rv32imacxw/ilp32\libg_nano.a
LOAD c:/mounriver/mounriver_studio2/resources/app/resources/win32/components/wch/toolchain/risc-v embedded gcc/bin/../lib/gcc/riscv-none-embed/8.2.0/../../../../riscv-none-embed/lib/rv32imacxw/ilp32\libc_nano.a
LOAD c:/mounriver/mounriver_studio2/resources/app/resources/win32/components/wch/toolchain/risc-v embedded gcc/bin/../lib/gcc/riscv-none-embed/8.2.0/rv32imacxw/ilp32\libgcc.a
START GROUP
LOAD c:/mounriver/mounriver_studio2/resources/app/resources/win32/components/wch/toolchain/risc-v embedded gcc/bin/../lib/gcc/riscv-none-embed/8.2.0/rv32imacxw/ilp32\libgcc.a
LOAD c:/mounriver/mounriver_studio2/resources/app/resources/win32/components/wch/toolchain/risc-v embedded gcc/bin/../lib/gcc/riscv-none-embed/8.2.0/../../../../riscv-none-embed/lib/rv32imacxw/ilp32\libc_nano.a
LOAD c:/mounriver/mounriver_studio2/resources/app/resources/win32/components/wch/toolchain/risc-v embedded gcc/bin/../lib/gcc/riscv-none-embed/8.2.0/../../../../riscv-none-embed/lib/rv32imacxw/ilp32\libnosys.a
END GROUP
START GROUP
LOAD c:/mounriver/mounriver_studio2/resources/app/resources/win32/components/wch/toolchain/risc-v embedded gcc/bin/../lib/gcc/riscv-none-embed/8.2.0/rv32imacxw/ilp32\libgcc.a
LOAD c:/mounriver/mounriver_studio2/resources/app/resources/win32/components/wch/toolchain/risc-v embedded gcc/bin/../lib/gcc/riscv-none-embed/8.2.0/../../../../riscv-none-embed/lib/rv32imacxw/ilp32\libc_nano.a
LOAD c:/mounriver/mounriver_studio2/resources/app/resources/win32/components/wch/toolchain/risc-v embedded gcc/bin/../lib/gcc/riscv-none-embed/8.2.0/../../../../riscv-none-embed/lib/rv32imacxw/ilp32\libnosys.a
END GROUP
                0x0000000000000800                __stack_size = 0x800
                [!provide]                        PROVIDE (_stack_size = __stack_size)

.init           0x0000000000000000        0x4
                0x0000000000000000                _sinit = .
                0x0000000000000000                . = ALIGN (0x4)
 *(SORT_NONE(.init))
 .init          0x0000000000000000        0x4 ./Startup/startup_ch32v30x_D8C.o
                0x0000000000000000                _start
                0x0000000000000004                . = ALIGN (0x4)
                0x0000000000000004                _einit = .

.vector         0x0000000000000004      0x1bc
 *(.vector)
 .vector        0x0000000000000004      0x1a0 ./Startup/startup_ch32v30x_D8C.o
                0x00000000000001c0                . = ALIGN (0x40)
 *fill*         0x00000000000001a4       0x1c 

.text           0x00000000000001c0    0x205e4
                0x00000000000001c0                . = ALIGN (0x4)
 *(.text)
 .text          0x00000000000001c0       0xce ./rtthread/libcpu/risc-v/common/context_gcc.o
                0x00000000000001c0                rt_hw_context_switch_to
                0x00000000000001dc                rt_hw_context_switch
                0x0000000000000236                rt_hw_context_switch_exit
 *fill*         0x000000000000028e        0x2 
 .text          0x0000000000000290       0xe2 ./rtthread/libcpu/risc-v/common/interrupt_gcc.o
                0x0000000000000290                SW_Handler
 .text          0x0000000000000372       0x60 c:/mounriver/mounriver_studio2/resources/app/resources/win32/components/wch/toolchain/risc-v embedded gcc/bin/../lib/gcc/riscv-none-embed/8.2.0/rv32imacxw/ilp32\libgcc.a(save-restore.o)
                0x0000000000000372                __riscv_save_12
                0x000000000000037a                __riscv_save_9
                0x000000000000037a                __riscv_save_11
                0x000000000000037a                __riscv_save_10
                0x000000000000037a                __riscv_save_8
                0x0000000000000388                __riscv_save_4
                0x0000000000000388                __riscv_save_6
                0x0000000000000388                __riscv_save_5
                0x0000000000000388                __riscv_save_7
                0x00000000000003a2                __riscv_save_3
                0x00000000000003a2                __riscv_save_2
                0x00000000000003a2                __riscv_save_1
                0x00000000000003a2                __riscv_save_0
                0x00000000000003ae                __riscv_restore_12
                0x00000000000003b2                __riscv_restore_11
                0x00000000000003b2                __riscv_restore_9
                0x00000000000003b2                __riscv_restore_10
                0x00000000000003b2                __riscv_restore_8
                0x00000000000003bc                __riscv_restore_5
                0x00000000000003bc                __riscv_restore_7
                0x00000000000003bc                __riscv_restore_6
                0x00000000000003bc                __riscv_restore_4
                0x00000000000003c6                __riscv_restore_3
                0x00000000000003c6                __riscv_restore_0
                0x00000000000003c6                __riscv_restore_2
                0x00000000000003c6                __riscv_restore_1
 .text          0x00000000000003d2       0xa8 c:/mounriver/mounriver_studio2/resources/app/resources/win32/components/wch/toolchain/risc-v embedded gcc/bin/../lib/gcc/riscv-none-embed/8.2.0/../../../../riscv-none-embed/lib/rv32imacxw/ilp32\libg_nano.a(lib_a-memset.o)
                0x00000000000003d2                memset
 .text          0x000000000000047a      0x11a c:/mounriver/mounriver_studio2/resources/app/resources/win32/components/wch/toolchain/risc-v embedded gcc/bin/../lib/gcc/riscv-none-embed/8.2.0/../../../../riscv-none-embed/lib/rv32imacxw/ilp32\libg_nano.a(lib_a-strcmp.o)
                0x000000000000047a                strcmp
 *(.text.*)
 .text.rt_tick_get
                0x0000000000000594        0x6 ./rtthread/src/clock.o
                0x0000000000000594                rt_tick_get
 .text.rt_tick_increase
                0x000000000000059a       0x28 ./rtthread/src/clock.o
                0x000000000000059a                rt_tick_increase
 .text.rt_tick_from_millisecond
                0x00000000000005c2       0x28 ./rtthread/src/clock.o
                0x00000000000005c2                rt_tick_from_millisecond
 .text.rti_start
                0x00000000000005ea        0x4 ./rtthread/src/components.o
 .text.rti_end  0x00000000000005ee        0x4 ./rtthread/src/components.o
 .text.rti_board_start
                0x00000000000005f2        0x4 ./rtthread/src/components.o
 .text.rti_board_end
                0x00000000000005f6        0x4 ./rtthread/src/components.o
 .text.rt_components_board_init
                0x00000000000005fa       0x40 ./rtthread/src/components.o
                0x00000000000005fa                rt_components_board_init
 .text.rt_components_init
                0x000000000000063a       0x4c ./rtthread/src/components.o
                0x000000000000063a                rt_components_init
 .text.main_thread_entry
                0x0000000000000686        0xc ./rtthread/src/components.o
                0x0000000000000686                main_thread_entry
 .text.rt_application_init
                0x0000000000000692       0x46 ./rtthread/src/components.o
                0x0000000000000692                rt_application_init
 .text.rtthread_startup
                0x00000000000006d8       0x28 ./rtthread/src/components.o
                0x00000000000006d8                rtthread_startup
 .text.entry    0x0000000000000700        0xa ./rtthread/src/components.o
                0x0000000000000700                entry
 .text.rt_device_find
                0x000000000000070a       0x62 ./rtthread/src/device.o
                0x000000000000070a                rt_device_find
 .text.rt_device_register
                0x000000000000076c       0x34 ./rtthread/src/device.o
                0x000000000000076c                rt_device_register
 .text.rt_device_open
                0x00000000000007a0       0xd2 ./rtthread/src/device.o
                0x00000000000007a0                rt_device_open
 .text.rt_device_close
                0x0000000000000872       0x6c ./rtthread/src/device.o
                0x0000000000000872                rt_device_close
 .text.rt_device_read
                0x00000000000008de       0x66 ./rtthread/src/device.o
                0x00000000000008de                rt_device_read
 .text.rt_device_write
                0x0000000000000944       0x64 ./rtthread/src/device.o
                0x0000000000000944                rt_device_write
 .text.rt_device_control
                0x00000000000009a8       0x54 ./rtthread/src/device.o
                0x00000000000009a8                rt_device_control
 .text.rt_device_set_rx_indicate
                0x00000000000009fc       0x4a ./rtthread/src/device.o
                0x00000000000009fc                rt_device_set_rx_indicate
 .text.rt_thread_idle_excute
                0x0000000000000a46       0xae ./rtthread/src/idle.o
                0x0000000000000a46                rt_thread_idle_excute
 .text.rt_thread_idle_entry
                0x0000000000000af4       0x1c ./rtthread/src/idle.o
 .text.rt_thread_idle_init
                0x0000000000000b10       0x38 ./rtthread/src/idle.o
                0x0000000000000b10                rt_thread_idle_init
 .text.rt_ipc_list_suspend
                0x0000000000000b48       0x5c ./rtthread/src/ipc.o
 .text.rt_sem_init
                0x0000000000000ba4       0x5e ./rtthread/src/ipc.o
                0x0000000000000ba4                rt_sem_init
 .text.rt_sem_take
                0x0000000000000c02      0x12e ./rtthread/src/ipc.o
                0x0000000000000c02                rt_sem_take
 .text.rt_sem_release
                0x0000000000000d30       0x7e ./rtthread/src/ipc.o
                0x0000000000000d30                rt_sem_release
 .text.rt_interrupt_enter
                0x0000000000000dae       0x2e ./rtthread/src/irq.o
                0x0000000000000dae                rt_interrupt_enter
 .text.rt_interrupt_leave
                0x0000000000000ddc       0x2e ./rtthread/src/irq.o
                0x0000000000000ddc                rt_interrupt_leave
 .text.rt_interrupt_get_nest
                0x0000000000000e0a        0x6 ./rtthread/src/irq.o
                0x0000000000000e0a                rt_interrupt_get_nest
 .text.print_number
                0x0000000000000e10      0x17e ./rtthread/src/kservice.o
 .text.rt_set_errno
                0x0000000000000f8e       0x1c ./rtthread/src/kservice.o
                0x0000000000000f8e                rt_set_errno
 .text.rt_memset
                0x0000000000000faa       0x88 ./rtthread/src/kservice.o
                0x0000000000000faa                rt_memset
 .text.rt_memmove
                0x0000000000001032       0x48 ./rtthread/src/kservice.o
                0x0000000000001032                rt_memmove
 .text.rt_strncpy
                0x000000000000107a       0x2c ./rtthread/src/kservice.o
                0x000000000000107a                rt_strncpy
 .text.rt_strncmp
                0x00000000000010a6       0x2a ./rtthread/src/kservice.o
                0x00000000000010a6                rt_strncmp
 .text.rt_strlen
                0x00000000000010d0       0x12 ./rtthread/src/kservice.o
                0x00000000000010d0                rt_strlen
 .text.rt_vsnprintf
                0x00000000000010e2      0x354 ./rtthread/src/kservice.o
                0x00000000000010e2                rt_vsnprintf
 .text.rt_console_get_device
                0x0000000000001436        0x6 ./rtthread/src/kservice.o
                0x0000000000001436                rt_console_get_device
 .text.rt_console_set_device
                0x000000000000143c       0x2e ./rtthread/src/kservice.o
                0x000000000000143c                rt_console_set_device
 .text.rt_hw_console_output
                0x000000000000146a        0x2 ./rtthread/src/kservice.o
                0x000000000000146a                rt_hw_console_output
 .text.rt_kprintf
                0x000000000000146c       0x68 ./rtthread/src/kservice.o
                0x000000000000146c                rt_kprintf
 .text.rt_show_version
                0x00000000000014d4       0x3e ./rtthread/src/kservice.o
                0x00000000000014d4                rt_show_version
 .text.__rt_ffs
                0x0000000000001512       0x4e ./rtthread/src/kservice.o
                0x0000000000001512                __rt_ffs
 .text.rt_assert_handler
                0x0000000000001560       0x32 ./rtthread/src/kservice.o
                0x0000000000001560                rt_assert_handler
 .text.list_mem
                0x0000000000001592       0x32 ./rtthread/src/mem.o
                0x0000000000001592                list_mem
 .text.plug_holes
                0x00000000000015c4       0xb6 ./rtthread/src/mem.o
 .text.rt_system_heap_init
                0x000000000000167a       0xb6 ./rtthread/src/mem.o
                0x000000000000167a                rt_system_heap_init
 .text.rt_malloc
                0x0000000000001730      0x1c2 ./rtthread/src/mem.o
                0x0000000000001730                rt_malloc
 .text.rt_calloc
                0x00000000000018f2       0x24 ./rtthread/src/mem.o
                0x00000000000018f2                rt_calloc
 .text.rt_free  0x0000000000001916      0x162 ./rtthread/src/mem.o
                0x0000000000001916                rt_free
 .text.rt_object_get_information
                0x0000000000001a78       0x2a ./rtthread/src/object.o
                0x0000000000001a78                rt_object_get_information
 .text.rt_object_init
                0x0000000000001aa2       0x94 ./rtthread/src/object.o
                0x0000000000001aa2                rt_object_init
 .text.rt_object_detach
                0x0000000000001b36       0x48 ./rtthread/src/object.o
                0x0000000000001b36                rt_object_detach
 .text.rt_object_allocate
                0x0000000000001b7e       0xaa ./rtthread/src/object.o
                0x0000000000001b7e                rt_object_allocate
 .text.rt_object_delete
                0x0000000000001c28       0x6c ./rtthread/src/object.o
                0x0000000000001c28                rt_object_delete
 .text.rt_object_is_systemobject
                0x0000000000001c94       0x28 ./rtthread/src/object.o
                0x0000000000001c94                rt_object_is_systemobject
 .text.rt_object_get_type
                0x0000000000001cbc       0x28 ./rtthread/src/object.o
                0x0000000000001cbc                rt_object_get_type
 .text.rt_system_scheduler_init
                0x0000000000001ce4       0x2e ./rtthread/src/scheduler.o
                0x0000000000001ce4                rt_system_scheduler_init
 .text.rt_system_scheduler_start
                0x0000000000001d12       0x2c ./rtthread/src/scheduler.o
                0x0000000000001d12                rt_system_scheduler_start
 .text.rt_schedule
                0x0000000000001d3e       0xd2 ./rtthread/src/scheduler.o
                0x0000000000001d3e                rt_schedule
 .text.rt_schedule_insert_thread
                0x0000000000001e10       0x60 ./rtthread/src/scheduler.o
                0x0000000000001e10                rt_schedule_insert_thread
 .text.rt_schedule_remove_thread
                0x0000000000001e70       0x5e ./rtthread/src/scheduler.o
                0x0000000000001e70                rt_schedule_remove_thread
 .text.rt_enter_critical
                0x0000000000001ece       0x1a ./rtthread/src/scheduler.o
                0x0000000000001ece                rt_enter_critical
 .text.rt_exit_critical
                0x0000000000001ee8       0x36 ./rtthread/src/scheduler.o
                0x0000000000001ee8                rt_exit_critical
 .text.rt_thread_exit
                0x0000000000001f1e       0x5a ./rtthread/src/thread.o
                0x0000000000001f1e                rt_thread_exit
 .text._rt_thread_init.isra.0
                0x0000000000001f78       0xa6 ./rtthread/src/thread.o
 .text.rt_thread_timeout
                0x000000000000201e       0x84 ./rtthread/src/thread.o
                0x000000000000201e                rt_thread_timeout
 .text.rt_thread_init
                0x00000000000020a2       0x64 ./rtthread/src/thread.o
                0x00000000000020a2                rt_thread_init
 .text.rt_thread_self
                0x0000000000002106        0x6 ./rtthread/src/thread.o
                0x0000000000002106                rt_thread_self
 .text.rt_thread_create
                0x000000000000210c       0x48 ./rtthread/src/thread.o
                0x000000000000210c                rt_thread_create
 .text.rt_thread_yield
                0x0000000000002154       0x52 ./rtthread/src/thread.o
                0x0000000000002154                rt_thread_yield
 .text.rt_thread_suspend
                0x00000000000021a6       0x82 ./rtthread/src/thread.o
                0x00000000000021a6                rt_thread_suspend
 .text.rt_thread_sleep
                0x0000000000002228       0x7c ./rtthread/src/thread.o
                0x0000000000002228                rt_thread_sleep
 .text.rt_thread_mdelay
                0x00000000000022a4       0x10 ./rtthread/src/thread.o
                0x00000000000022a4                rt_thread_mdelay
 .text.rt_thread_resume
                0x00000000000022b4       0x84 ./rtthread/src/thread.o
                0x00000000000022b4                rt_thread_resume
 .text.rt_thread_startup
                0x0000000000002338       0x8a ./rtthread/src/thread.o
                0x0000000000002338                rt_thread_startup
 .text._rt_timer_remove.part.1
                0x00000000000023c2       0x12 ./rtthread/src/timer.o
 .text.rt_timer_init
                0x00000000000023d4       0x52 ./rtthread/src/timer.o
                0x00000000000023d4                rt_timer_init
 .text.rt_timer_detach
                0x0000000000002426       0x78 ./rtthread/src/timer.o
                0x0000000000002426                rt_timer_detach
 .text.rt_timer_start
                0x000000000000249e       0xe0 ./rtthread/src/timer.o
                0x000000000000249e                rt_timer_start
 .text.rt_timer_stop
                0x000000000000257e       0x6c ./rtthread/src/timer.o
                0x000000000000257e                rt_timer_stop
 .text.rt_timer_control
                0x00000000000025ea       0x82 ./rtthread/src/timer.o
                0x00000000000025ea                rt_timer_control
 .text.rt_timer_check
                0x000000000000266c       0x78 ./rtthread/src/timer.o
                0x000000000000266c                rt_timer_check
 .text.rt_system_timer_init
                0x00000000000026e4        0xa ./rtthread/src/timer.o
                0x00000000000026e4                rt_system_timer_init
 .text.rt_system_timer_thread_init
                0x00000000000026ee        0x2 ./rtthread/src/timer.o
                0x00000000000026ee                rt_system_timer_thread_init
 .text.rt_hw_stack_init
                0x00000000000026f0       0x36 ./rtthread/libcpu/risc-v/common/cpuport.o
                0x00000000000026f0                rt_hw_stack_init
 .text.sw_setpend
                0x0000000000002726       0x10 ./rtthread/libcpu/risc-v/common/cpuport.o
                0x0000000000002726                sw_setpend
 .text.sw_clearpend
                0x0000000000002736        0xe ./rtthread/libcpu/risc-v/common/cpuport.o
                0x0000000000002736                sw_clearpend
 .text.rt_hw_interrupt_disable
                0x0000000000002744        0xc ./rtthread/libcpu/risc-v/common/cpuport.o
                0x0000000000002744                rt_hw_interrupt_disable
 .text.rt_hw_interrupt_enable
                0x0000000000002750        0x6 ./rtthread/libcpu/risc-v/common/cpuport.o
                0x0000000000002750                rt_hw_interrupt_enable
 .text.rt_hw_context_switch_interrupt
                0x0000000000002756       0x24 ./rtthread/libcpu/risc-v/common/cpuport.o
                0x0000000000002756                rt_hw_context_switch_interrupt
 .text.rt_list_len
                0x000000000000277a       0x12 ./rtthread/components/finsh/cmd.o
 .text.reboot   0x000000000000278c       0x12 ./rtthread/components/finsh/cmd.o
                0x000000000000278c                reboot
 .text.clear    0x000000000000279e       0x16 ./rtthread/components/finsh/cmd.o
                0x000000000000279e                clear
 .text.object_split
                0x00000000000027b4       0x20 ./rtthread/components/finsh/cmd.o
 .text.show_wait_queue
                0x00000000000027d4       0x36 ./rtthread/components/finsh/cmd.o
 .text.object_name_maxlen
                0x000000000000280a       0x3e ./rtthread/components/finsh/cmd.o
 .text.list_thread
                0x0000000000002848       0xe4 ./rtthread/components/finsh/cmd.o
                0x0000000000002848                list_thread
 .text.list_sem
                0x000000000000292c       0xb6 ./rtthread/components/finsh/cmd.o
                0x000000000000292c                list_sem
 .text.list_event
                0x00000000000029e2       0xac ./rtthread/components/finsh/cmd.o
                0x00000000000029e2                list_event
 .text.list_mutex
                0x0000000000002a8e       0x82 ./rtthread/components/finsh/cmd.o
                0x0000000000002a8e                list_mutex
 .text.list_mailbox
                0x0000000000002b10       0xbe ./rtthread/components/finsh/cmd.o
                0x0000000000002b10                list_mailbox
 .text.list_msgqueue
                0x0000000000002bce       0xb6 ./rtthread/components/finsh/cmd.o
                0x0000000000002bce                list_msgqueue
 .text.list_device
                0x0000000000002c84       0x94 ./rtthread/components/finsh/cmd.o
                0x0000000000002c84                list_device
 .text.list_timer
                0x0000000000002d18       0x9a ./rtthread/components/finsh/cmd.o
                0x0000000000002d18                list_timer
 .text.list     0x0000000000002db2       0x4a ./rtthread/components/finsh/cmd.o
                0x0000000000002db2                list
 .text.msh_help
                0x0000000000002dfc       0x58 ./rtthread/components/finsh/msh.o
                0x0000000000002dfc                msh_help
 .text.msh_is_used
                0x0000000000002e54        0x4 ./rtthread/components/finsh/msh.o
                0x0000000000002e54                msh_is_used
 .text.msh_exec
                0x0000000000002e58      0x1aa ./rtthread/components/finsh/msh.o
                0x0000000000002e58                msh_exec
 .text.msh_auto_complete
                0x0000000000003002       0xa2 ./rtthread/components/finsh/msh.o
                0x0000000000003002                msh_auto_complete
 .text.cmd_ps   0x00000000000030a4        0xe ./rtthread/components/finsh/msh_cmd.o
                0x00000000000030a4                cmd_ps
 .text.cmd_free
                0x00000000000030b2        0xe ./rtthread/components/finsh/msh_cmd.o
                0x00000000000030b2                cmd_free
 .text.finsh_rx_ind
                0x00000000000030c0       0x30 ./rtthread/components/finsh/shell.o
 .text.finsh_system_init
                0x00000000000030f0       0x98 ./rtthread/components/finsh/shell.o
                0x00000000000030f0                finsh_system_init
 .text.finsh_get_prompt
                0x0000000000003188       0x3c ./rtthread/components/finsh/shell.o
                0x0000000000003188                finsh_get_prompt
 .text.shell_handle_history
                0x00000000000031c4       0x2e ./rtthread/components/finsh/shell.o
 .text.finsh_set_device
                0x00000000000031f2       0x96 ./rtthread/components/finsh/shell.o
                0x00000000000031f2                finsh_set_device
 .text.finsh_thread_entry
                0x0000000000003288      0x42c ./rtthread/components/finsh/shell.o
                0x0000000000003288                finsh_thread_entry
 .text.rt_serial_write
                0x00000000000036b4       0x74 ./rtthread/components/drivers/serial/serial.o
 .text.rt_serial_init
                0x0000000000003728       0x3a ./rtthread/components/drivers/serial/serial.o
 .text.rt_serial_open
                0x0000000000003762       0xd4 ./rtthread/components/drivers/serial/serial.o
 .text.rt_serial_control
                0x0000000000003836       0x8a ./rtthread/components/drivers/serial/serial.o
 .text.rt_serial_read
                0x00000000000038c0       0xd2 ./rtthread/components/drivers/serial/serial.o
 .text.rt_serial_close
                0x0000000000003992       0x6e ./rtthread/components/drivers/serial/serial.o
 .text.rt_hw_serial_register
                0x0000000000003a00       0x86 ./rtthread/components/drivers/serial/serial.o
                0x0000000000003a00                rt_hw_serial_register
 .text.rt_hw_serial_isr
                0x0000000000003a86       0xc2 ./rtthread/components/drivers/serial/serial.o
                0x0000000000003a86                rt_hw_serial_isr
 .text._pin_control
                0x0000000000003b48       0x36 ./rtthread/components/drivers/misc/pin.o
 .text.rt_pin_mode
                0x0000000000003b7e       0x3e ./rtthread/components/drivers/misc/pin.o
                0x0000000000003b7e                rt_pin_mode
 .text.rt_pin_write
                0x0000000000003bbc       0x3e ./rtthread/components/drivers/misc/pin.o
                0x0000000000003bbc                rt_pin_write
 .text.rt_pin_read
                0x0000000000003bfa       0x3a ./rtthread/components/drivers/misc/pin.o
                0x0000000000003bfa                rt_pin_read
 .text._pin_write
                0x0000000000003c34       0x46 ./rtthread/components/drivers/misc/pin.o
 .text._pin_read
                0x0000000000003c7a       0x42 ./rtthread/components/drivers/misc/pin.o
 .text.rt_device_pin_register
                0x0000000000003cbc       0x54 ./rtthread/components/drivers/misc/pin.o
                0x0000000000003cbc                rt_device_pin_register
 .text.rt_heap_begin_get
                0x0000000000003d10        0xa ./rtthread/board.o
                0x0000000000003d10                rt_heap_begin_get
 .text.rt_heap_end_get
                0x0000000000003d1a        0xa ./rtthread/board.o
                0x0000000000003d1a                rt_heap_end_get
 .text.rt_hw_board_init
                0x0000000000003d24       0x72 ./rtthread/board.o
                0x0000000000003d24                rt_hw_board_init
 .text.SysTick_Handler
                0x0000000000003d96       0x20 ./rtthread/board.o
                0x0000000000003d96                SysTick_Handler
 .text._write   0x0000000000003db6       0x3e ./drivers/SYSTEM/usart/usart.o
                0x0000000000003db6                _write
 .text.gpio_toggle_pin
                0x0000000000003df4       0x14 ./drivers/SYSTEM/sys/sys.o
                0x0000000000003df4                gpio_toggle_pin
 .text.delay_us
                0x0000000000003e08       0x2c ./drivers/SYSTEM/delay/delay.o
                0x0000000000003e08                delay_us
 .text.delay_ms
                0x0000000000003e34       0x36 ./drivers/SYSTEM/delay/delay.o
                0x0000000000003e34                delay_ms
 .text.spi2_set_speed
                0x0000000000003e6a       0x44 ./drivers/BSP/SPI/spi.o
                0x0000000000003e6a                spi2_set_speed
 .text.spi2_read_write_byte
                0x0000000000003eae       0x44 ./drivers/BSP/SPI/spi.o
                0x0000000000003eae                spi2_read_write_byte
 .text.spi2_init
                0x0000000000003ef2       0xa0 ./drivers/BSP/SPI/spi.o
                0x0000000000003ef2                spi2_init
 .text.cmd_resp3_error
                0x0000000000003f92       0x30 ./drivers/BSP/SDIO/sdio_sdcard.o
 .text.sd_is_card_programming
                0x0000000000003fc2       0xa0 ./drivers/BSP/SDIO/sdio_sdcard.o
 .text.cmd_resp1_error
                0x0000000000004062       0x52 ./drivers/BSP/SDIO/sdio_sdcard.o
 .text.cmd_resp2_error
                0x00000000000040b4       0x4c ./drivers/BSP/SDIO/sdio_sdcard.o
 .text.sd_clock_set
                0x0000000000004100       0x10 ./drivers/BSP/SDIO/sdio_sdcard.o
                0x0000000000004100                sd_clock_set
 .text.sd_power_on
                0x0000000000004110      0x208 ./drivers/BSP/SDIO/sdio_sdcard.o
                0x0000000000004110                sd_power_on
 .text.sd_initialize_cards
                0x0000000000004318      0x1ae ./drivers/BSP/SDIO/sdio_sdcard.o
                0x0000000000004318                sd_initialize_cards
 .text.sd_get_info
                0x00000000000044c6      0x2fe ./drivers/BSP/SDIO/sdio_sdcard.o
                0x00000000000044c6                sd_get_info
 .text.sd_enable_wide_bus_operation
                0x00000000000047c4      0x224 ./drivers/BSP/SDIO/sdio_sdcard.o
                0x00000000000047c4                sd_enable_wide_bus_operation
 .text.sd_select_deselect
                0x00000000000049e8       0x34 ./drivers/BSP/SDIO/sdio_sdcard.o
                0x00000000000049e8                sd_select_deselect
 .text.sd_init  0x0000000000004a1c       0xc6 ./drivers/BSP/SDIO/sdio_sdcard.o
                0x0000000000004a1c                sd_init
 .text.sd_process_irq_src
                0x0000000000004ae2      0x138 ./drivers/BSP/SDIO/sdio_sdcard.o
                0x0000000000004ae2                sd_process_irq_src
 .text.SDIO_IRQHandler
                0x0000000000004c1a        0x8 ./drivers/BSP/SDIO/sdio_sdcard.o
                0x0000000000004c1a                SDIO_IRQHandler
 .text.sd_dma_config
                0x0000000000004c22       0x76 ./drivers/BSP/SDIO/sdio_sdcard.o
                0x0000000000004c22                sd_dma_config
 .text.sd_read_block
                0x0000000000004c98      0x250 ./drivers/BSP/SDIO/sdio_sdcard.o
                0x0000000000004c98                sd_read_block
 .text.sd_read_multi_blocks
                0x0000000000004ee8      0x2da ./drivers/BSP/SDIO/sdio_sdcard.o
                0x0000000000004ee8                sd_read_multi_blocks
 .text.sd_write_block
                0x00000000000051c2      0x342 ./drivers/BSP/SDIO/sdio_sdcard.o
                0x00000000000051c2                sd_write_block
 .text.sd_write_multi_blocks
                0x0000000000005504      0x378 ./drivers/BSP/SDIO/sdio_sdcard.o
                0x0000000000005504                sd_write_multi_blocks
 .text.sd_read_disk
                0x000000000000587c       0x7c ./drivers/BSP/SDIO/sdio_sdcard.o
                0x000000000000587c                sd_read_disk
 .text.sd_write_disk
                0x00000000000058f8       0x7a ./drivers/BSP/SDIO/sdio_sdcard.o
                0x00000000000058f8                sd_write_disk
 .text.norflash_write_enable
                0x0000000000005972       0x26 ./drivers/BSP/NORFLASH/norflash.o
                0x0000000000005972                norflash_write_enable
 .text.norflash_send_address
                0x0000000000005998       0x42 ./drivers/BSP/NORFLASH/norflash.o
                0x0000000000005998                norflash_send_address
 .text.norflash_read_sr
                0x00000000000059da       0x46 ./drivers/BSP/NORFLASH/norflash.o
                0x00000000000059da                norflash_read_sr
 .text.norflash_wait_busy
                0x0000000000005a20       0x12 ./drivers/BSP/NORFLASH/norflash.o
                0x0000000000005a20                norflash_wait_busy
 .text.norflash_write_sr
                0x0000000000005a32       0x42 ./drivers/BSP/NORFLASH/norflash.o
                0x0000000000005a32                norflash_write_sr
 .text.norflash_read_id
                0x0000000000005a74       0x5a ./drivers/BSP/NORFLASH/norflash.o
                0x0000000000005a74                norflash_read_id
 .text.norflash_init
                0x0000000000005ace       0x96 ./drivers/BSP/NORFLASH/norflash.o
                0x0000000000005ace                norflash_init
 .text.norflash_read
                0x0000000000005b64       0x54 ./drivers/BSP/NORFLASH/norflash.o
                0x0000000000005b64                norflash_read
 .text.norflash_write_page
                0x0000000000005bb8       0x58 ./drivers/BSP/NORFLASH/norflash.o
                0x0000000000005bb8                norflash_write_page
 .text.norflash_write_nocheck
                0x0000000000005c10       0x54 ./drivers/BSP/NORFLASH/norflash.o
                0x0000000000005c10                norflash_write_nocheck
 .text.norflash_erase_sector
                0x0000000000005c64       0x3e ./drivers/BSP/NORFLASH/norflash.o
                0x0000000000005c64                norflash_erase_sector
 .text.norflash_write
                0x0000000000005ca2       0xc6 ./drivers/BSP/NORFLASH/norflash.o
                0x0000000000005ca2                norflash_write
 .text.lcd_rd_data
                0x0000000000005d68       0x16 ./drivers/BSP/LCD/lcd.o
 .text.lcd_wr_data
                0x0000000000005d7e       0x14 ./drivers/BSP/LCD/lcd.o
                0x0000000000005d7e                lcd_wr_data
 .text.lcd_wr_regno
                0x0000000000005d92       0x16 ./drivers/BSP/LCD/lcd.o
                0x0000000000005d92                lcd_wr_regno
 .text.lcd_write_reg
                0x0000000000005da8        0xc ./drivers/BSP/LCD/lcd.o
                0x0000000000005da8                lcd_write_reg
 .text.lcd_write_ram_prepare
                0x0000000000005db4       0x12 ./drivers/BSP/LCD/lcd.o
                0x0000000000005db4                lcd_write_ram_prepare
 .text.lcd_set_cursor
                0x0000000000005dc6       0xfa ./drivers/BSP/LCD/lcd.o
                0x0000000000005dc6                lcd_set_cursor
 .text.lcd_read_point
                0x0000000000005ec0       0x96 ./drivers/BSP/LCD/lcd.o
                0x0000000000005ec0                lcd_read_point
 .text.lcd_scan_dir
                0x0000000000005f56      0x206 ./drivers/BSP/LCD/lcd.o
                0x0000000000005f56                lcd_scan_dir
 .text.lcd_draw_point
                0x000000000000615c       0x22 ./drivers/BSP/LCD/lcd.o
                0x000000000000615c                lcd_draw_point
 .text.lcd_ssd_backlight_set
                0x000000000000617e       0x4c ./drivers/BSP/LCD/lcd.o
                0x000000000000617e                lcd_ssd_backlight_set
 .text.lcd_display_dir
                0x00000000000061ca      0x142 ./drivers/BSP/LCD/lcd.o
                0x00000000000061ca                lcd_display_dir
 .text.lcd_clear
                0x000000000000630c       0x36 ./drivers/BSP/LCD/lcd.o
                0x000000000000630c                lcd_clear
 .text.lcd_init
                0x0000000000006342      0x3c6 ./drivers/BSP/LCD/lcd.o
                0x0000000000006342                lcd_init
 .text.lcd_fill
                0x0000000000006708       0x54 ./drivers/BSP/LCD/lcd.o
                0x0000000000006708                lcd_fill
 .text.lcd_color_fill
                0x000000000000675c       0x6c ./drivers/BSP/LCD/lcd.o
                0x000000000000675c                lcd_color_fill
 .text.lcd_draw_hline
                0x00000000000067c8       0x36 ./drivers/BSP/LCD/lcd.o
                0x00000000000067c8                lcd_draw_hline
 .text.lcd_show_char
                0x00000000000067fe       0xf8 ./drivers/BSP/LCD/lcd.o
                0x00000000000067fe                lcd_show_char
 .text.lcd_show_string
                0x00000000000068f6       0x70 ./drivers/BSP/LCD/lcd.o
                0x00000000000068f6                lcd_show_string
 .text.lcd_ex_st7789_reginit
                0x0000000000006966      0x1f4 ./drivers/BSP/LCD/lcd_ex.o
                0x0000000000006966                lcd_ex_st7789_reginit
 .text.lcd_ex_ili9341_reginit
                0x0000000000006b5a      0x294 ./drivers/BSP/LCD/lcd_ex.o
                0x0000000000006b5a                lcd_ex_ili9341_reginit
 .text.lcd_ex_nt35310_reginit
                0x0000000000006dee     0x1108 ./drivers/BSP/LCD/lcd_ex.o
                0x0000000000006dee                lcd_ex_nt35310_reginit
 .text.lcd_ex_st7796_reginit
                0x0000000000007ef6      0x230 ./drivers/BSP/LCD/lcd_ex.o
                0x0000000000007ef6                lcd_ex_st7796_reginit
 .text.lcd_ex_nt35510_reginit
                0x0000000000008126     0x105a ./drivers/BSP/LCD/lcd_ex.o
                0x0000000000008126                lcd_ex_nt35510_reginit
 .text.lcd_ex_ili9806_reginit
                0x0000000000009180      0x3c4 ./drivers/BSP/LCD/lcd_ex.o
                0x0000000000009180                lcd_ex_ili9806_reginit
 .text.lcd_ex_ssd1963_reginit
                0x0000000000009544      0x19a ./drivers/BSP/LCD/lcd_ex.o
                0x0000000000009544                lcd_ex_ssd1963_reginit
 .text.key_scan
                0x00000000000096de       0xcc ./drivers/BSP/KEY/key.o
                0x00000000000096de                key_scan
 .text.bit2bitno
                0x00000000000097aa       0x1c ./drivers/drv_gpio.o
 .text.GPIOD_CLK_ENABLE
                0x00000000000097c6       0x12 ./drivers/drv_gpio.o
 .text.GPIOB_CLK_ENABLE
                0x00000000000097d8       0x10 ./drivers/drv_gpio.o
 .text.GPIOA_CLK_ENABLE
                0x00000000000097e8       0x10 ./drivers/drv_gpio.o
 .text.GPIOC_CLK_ENABLE
                0x00000000000097f8       0x10 ./drivers/drv_gpio.o
 .text.GPIOE_CLK_ENABLE
                0x0000000000009808       0x12 ./drivers/drv_gpio.o
 .text.rt_hw_pin_init
                0x000000000000981a       0x1c ./drivers/drv_gpio.o
                0x000000000000981a                rt_hw_pin_init
 .text.get_pin  0x0000000000009836       0x20 ./drivers/drv_gpio.o
                0x0000000000009836                get_pin
 .text.ch32_pin_write
                0x0000000000009856       0x22 ./drivers/drv_gpio.o
                0x0000000000009856                ch32_pin_write
 .text.ch32_pin_read
                0x0000000000009878       0x1e ./drivers/drv_gpio.o
                0x0000000000009878                ch32_pin_read
 .text.ch32_pin_mode
                0x0000000000009896       0x7e ./drivers/drv_gpio.o
                0x0000000000009896                ch32_pin_mode
 .text.ch32_pin_attach_irq
                0x0000000000009914       0x92 ./drivers/drv_gpio.o
                0x0000000000009914                ch32_pin_attach_irq
 .text.ch32_pin_dettach_irq
                0x00000000000099a6       0x5a ./drivers/drv_gpio.o
                0x00000000000099a6                ch32_pin_dettach_irq
 .text.ch32_pin_irq_enable
                0x0000000000009a00      0x160 ./drivers/drv_gpio.o
                0x0000000000009a00                ch32_pin_irq_enable
 .text.HAL_GPIO_EXTI_Callback
                0x0000000000009b60       0x24 ./drivers/drv_gpio.o
                0x0000000000009b60                HAL_GPIO_EXTI_Callback
 .text.EXTI0_IRQHandler
                0x0000000000009b84       0x28 ./drivers/drv_gpio.o
                0x0000000000009b84                EXTI0_IRQHandler
 .text.EXTI1_IRQHandler
                0x0000000000009bac       0x28 ./drivers/drv_gpio.o
                0x0000000000009bac                EXTI1_IRQHandler
 .text.EXTI2_IRQHandler
                0x0000000000009bd4       0x28 ./drivers/drv_gpio.o
                0x0000000000009bd4                EXTI2_IRQHandler
 .text.EXTI3_IRQHandler
                0x0000000000009bfc       0x28 ./drivers/drv_gpio.o
                0x0000000000009bfc                EXTI3_IRQHandler
 .text.EXTI4_IRQHandler
                0x0000000000009c24       0x28 ./drivers/drv_gpio.o
                0x0000000000009c24                EXTI4_IRQHandler
 .text.EXTI9_5_IRQHandler
                0x0000000000009c4c       0x78 ./drivers/drv_gpio.o
                0x0000000000009c4c                EXTI9_5_IRQHandler
 .text.EXTI15_10_IRQHandler
                0x0000000000009cc4       0x80 ./drivers/drv_gpio.o
                0x0000000000009cc4                EXTI15_10_IRQHandler
 .text.pwm_gpio_init_10
                0x0000000000009d44       0x34 ./drivers/drv_pwm.o
                0x0000000000009d44                pwm_gpio_init_10
 .text.pwm_tim10_init
                0x0000000000009d78       0x66 ./drivers/drv_pwm.o
                0x0000000000009d78                pwm_tim10_init
 .text.ch32dma_transmit
                0x0000000000009dde        0x4 ./drivers/drv_usart.o
                0x0000000000009dde                ch32dma_transmit
 .text.uart_isr
                0x0000000000009de2       0x44 ./drivers/drv_usart.o
 .text.rt_hw_usart_init
                0x0000000000009e26      0x170 ./drivers/drv_usart.o
                0x0000000000009e26                rt_hw_usart_init
 .text.ch32_configure
                0x0000000000009f96      0x160 ./drivers/drv_usart.o
 .text.ch32_getc
                0x000000000000a0f6       0x3e ./drivers/drv_usart.o
 .text.ch32_putc
                0x000000000000a134       0x3e ./drivers/drv_usart.o
 .text.ch32_control
                0x000000000000a172       0x7c ./drivers/drv_usart.o
 .text.USART1_IRQHandler
                0x000000000000a1ee       0x20 ./drivers/drv_usart.o
                0x000000000000a1ee                USART1_IRQHandler
 .text.USART2_IRQHandler
                0x000000000000a20e       0x20 ./drivers/drv_usart.o
                0x000000000000a20e                USART2_IRQHandler
 .text.rainbow_thread_entry
                0x000000000000a22e       0xca ./User/ws2812b/rainbow.o
 .text.rainbow_init
                0x000000000000a2f8       0x66 ./User/ws2812b/rainbow.o
                0x000000000000a2f8                rainbow_init
 .text.rainbow_start
                0x000000000000a35e       0x4a ./User/ws2812b/rainbow.o
                0x000000000000a35e                rainbow_start
 .text.rainbow_stop
                0x000000000000a3a8       0x1c ./User/ws2812b/rainbow.o
                0x000000000000a3a8                rainbow_stop
 .text.rainbow_set_brightness
                0x000000000000a3c4       0x2c ./User/ws2812b/rainbow.o
                0x000000000000a3c4                rainbow_set_brightness
 .text.ws2812_hsv_to_rgb
                0x000000000000a3f0      0x17e ./User/ws2812b/ws2812.o
                0x000000000000a3f0                ws2812_hsv_to_rgb
 .text.ws2812_update
                0x000000000000a56e       0xea ./User/ws2812b/ws2812.o
                0x000000000000a56e                ws2812_update
 .text.ws2812_init
                0x000000000000a658      0x142 ./User/ws2812b/ws2812.o
                0x000000000000a658                ws2812_init
 .text.servo_speed_to_pulse
                0x000000000000a79a       0x34 ./User/PWM.o
 .text.servo_stop_cmd
                0x000000000000a7ce       0x30 ./User/PWM.o
 .text.servo_thread_entry
                0x000000000000a7fe       0xce ./User/PWM.o
 .text.servo_run_cmd
                0x000000000000a8cc       0x6e ./User/PWM.o
 .text.pwm_module_init
                0x000000000000a93a       0x76 ./User/PWM.o
                0x000000000000a93a                pwm_module_init
 .text.wifi_recv_thread_entry
                0x000000000000a9b0      0x202 ./User/WIFI.o
 .text.wifi_uart_rx_callback
                0x000000000000abb2       0x16 ./User/WIFI.o
 .text.wifi_power_ctrl
                0x000000000000abc8       0x34 ./User/WIFI.o
                0x000000000000abc8                wifi_power_ctrl
 .text.wifi_module_init
                0x000000000000abfc       0xc6 ./User/WIFI.o
                0x000000000000abfc                wifi_module_init
 .text.wifi_power_cmd
                0x000000000000acc2       0x4e ./User/WIFI.o
 .text.NMI_Handler
                0x000000000000ad10       0x20 ./User/ch32v30x_it.o
                0x000000000000ad10                NMI_Handler
 .text.HardFault_Handler
                0x000000000000ad30       0x20 ./User/ch32v30x_it.o
                0x000000000000ad30                HardFault_Handler
 .text.str_to_int
                0x000000000000ad50       0x44 ./User/main.o
 .text.cmd_rainbow
                0x000000000000ad94       0x22 ./User/main.o
 .text.cmd_rainbow_stop
                0x000000000000adb6        0xe ./User/main.o
 .text.cmd_brightness
                0x000000000000adc4       0x36 ./User/main.o
 .text.pic_get_tnum
                0x000000000000adfa       0x6a ./User/main.o
                0x000000000000adfa                pic_get_tnum
 .text.pic_show_thread_entry
                0x000000000000ae64      0x2d4 ./User/main.o
 .text.startup.main
                0x000000000000b138      0x1da ./User/main.o
                0x000000000000b138                main
 .text.SystemInit
                0x000000000000b312       0xfa ./User/system_ch32v30x.o
                0x000000000000b312                SystemInit
 .text.SystemCoreClockUpdate
                0x000000000000b40c      0x12a ./User/system_ch32v30x.o
                0x000000000000b40c                SystemCoreClockUpdate
 .text.vector_handler
                0x000000000000b536        0x2 ./Startup/startup_ch32v30x_D8C.o
                0x000000000000b536                TIM8_TRG_COM_IRQHandler
                0x000000000000b536                TIM8_CC_IRQHandler
                0x000000000000b536                UART8_IRQHandler
                0x000000000000b536                TIM1_CC_IRQHandler
                0x000000000000b536                TIM6_IRQHandler
                0x000000000000b536                PVD_IRQHandler
                0x000000000000b536                TIM9_BRK_IRQHandler
                0x000000000000b536                DMA2_Channel8_IRQHandler
                0x000000000000b536                CAN2_RX1_IRQHandler
                0x000000000000b536                USBHS_IRQHandler
                0x000000000000b536                DMA2_Channel9_IRQHandler
                0x000000000000b536                TIM10_CC_IRQHandler
                0x000000000000b536                USBFS_IRQHandler
                0x000000000000b536                I2C2_EV_IRQHandler
                0x000000000000b536                TIM10_TRG_COM_IRQHandler
                0x000000000000b536                CAN2_SCE_IRQHandler
                0x000000000000b536                ADC1_2_IRQHandler
                0x000000000000b536                Break_Point_Handler
                0x000000000000b536                SPI1_IRQHandler
                0x000000000000b536                TAMPER_IRQHandler
                0x000000000000b536                CAN2_RX0_IRQHandler
                0x000000000000b536                TIM8_UP_IRQHandler
                0x000000000000b536                Ecall_M_Mode_Handler
                0x000000000000b536                DMA2_Channel2_IRQHandler
                0x000000000000b536                DMA1_Channel4_IRQHandler
                0x000000000000b536                TIM9_UP_IRQHandler
                0x000000000000b536                USART3_IRQHandler
                0x000000000000b536                RTC_IRQHandler
                0x000000000000b536                DMA1_Channel7_IRQHandler
                0x000000000000b536                CAN1_RX1_IRQHandler
                0x000000000000b536                DVP_IRQHandler
                0x000000000000b536                UART5_IRQHandler
                0x000000000000b536                DMA2_Channel1_IRQHandler
                0x000000000000b536                I2C1_EV_IRQHandler
                0x000000000000b536                DMA1_Channel6_IRQHandler
                0x000000000000b536                UART4_IRQHandler
                0x000000000000b536                DMA2_Channel4_IRQHandler
                0x000000000000b536                TIM3_IRQHandler
                0x000000000000b536                RCC_IRQHandler
                0x000000000000b536                TIM1_TRG_COM_IRQHandler
                0x000000000000b536                DMA1_Channel1_IRQHandler
                0x000000000000b536                DMA2_Channel7_IRQHandler
                0x000000000000b536                TIM7_IRQHandler
                0x000000000000b536                CAN2_TX_IRQHandler
                0x000000000000b536                TIM5_IRQHandler
                0x000000000000b536                ETH_WKUP_IRQHandler
                0x000000000000b536                SPI2_IRQHandler
                0x000000000000b536                TIM10_BRK_IRQHandler
                0x000000000000b536                TIM9_CC_IRQHandler
                0x000000000000b536                DMA2_Channel5_IRQHandler
                0x000000000000b536                DMA1_Channel5_IRQHandler
                0x000000000000b536                USB_LP_CAN1_RX0_IRQHandler
                0x000000000000b536                RNG_IRQHandler
                0x000000000000b536                USB_HP_CAN1_TX_IRQHandler
                0x000000000000b536                DMA1_Channel3_IRQHandler
                0x000000000000b536                ETH_IRQHandler
                0x000000000000b536                TIM1_UP_IRQHandler
                0x000000000000b536                WWDG_IRQHandler
                0x000000000000b536                USBHSWakeup_IRQHandler
                0x000000000000b536                DMA2_Channel11_IRQHandler
                0x000000000000b536                Ecall_U_Mode_Handler
                0x000000000000b536                DMA2_Channel6_IRQHandler
                0x000000000000b536                TIM2_IRQHandler
                0x000000000000b536                TIM1_BRK_IRQHandler
                0x000000000000b536                DMA2_Channel10_IRQHandler
                0x000000000000b536                RTCAlarm_IRQHandler
                0x000000000000b536                TIM10_UP_IRQHandler
                0x000000000000b536                TIM9_TRG_COM_IRQHandler
                0x000000000000b536                UART7_IRQHandler
                0x000000000000b536                UART6_IRQHandler
                0x000000000000b536                I2C2_ER_IRQHandler
                0x000000000000b536                DMA1_Channel2_IRQHandler
                0x000000000000b536                TIM8_BRK_IRQHandler
                0x000000000000b536                CAN1_SCE_IRQHandler
                0x000000000000b536                FLASH_IRQHandler
                0x000000000000b536                SPI3_IRQHandler
                0x000000000000b536                I2C1_ER_IRQHandler
                0x000000000000b536                USBWakeUp_IRQHandler
                0x000000000000b536                DMA2_Channel3_IRQHandler
 .text.handle_reset
                0x000000000000b538       0x92 ./Startup/startup_ch32v30x_D8C.o
                0x000000000000b538                handle_reset
 .text.DBGMCU_GetCHIPID
                0x000000000000b5ca        0xa ./Peripheral/src/ch32v30x_dbgmcu.o
                0x000000000000b5ca                DBGMCU_GetCHIPID
 .text.DMA_DeInit
                0x000000000000b5d4      0x16c ./Peripheral/src/ch32v30x_dma.o
                0x000000000000b5d4                DMA_DeInit
 .text.DMA_Init
                0x000000000000b740       0x38 ./Peripheral/src/ch32v30x_dma.o
                0x000000000000b740                DMA_Init
 .text.DMA_Cmd  0x000000000000b778       0x14 ./Peripheral/src/ch32v30x_dma.o
                0x000000000000b778                DMA_Cmd
 .text.DMA_SetCurrDataCounter
                0x000000000000b78c        0x4 ./Peripheral/src/ch32v30x_dma.o
                0x000000000000b78c                DMA_SetCurrDataCounter
 .text.DMA_GetFlagStatus
                0x000000000000b790       0x32 ./Peripheral/src/ch32v30x_dma.o
                0x000000000000b790                DMA_GetFlagStatus
 .text.DMA_ClearFlag
                0x000000000000b7c2       0x2c ./Peripheral/src/ch32v30x_dma.o
                0x000000000000b7c2                DMA_ClearFlag
 .text.EXTI_Init
                0x000000000000b7ee       0x6a ./Peripheral/src/ch32v30x_exti.o
                0x000000000000b7ee                EXTI_Init
 .text.EXTI_GetITStatus
                0x000000000000b858       0x1e ./Peripheral/src/ch32v30x_exti.o
                0x000000000000b858                EXTI_GetITStatus
 .text.EXTI_ClearITPendingBit
                0x000000000000b876        0xa ./Peripheral/src/ch32v30x_exti.o
                0x000000000000b876                EXTI_ClearITPendingBit
 .text.FSMC_NORSRAMInit
                0x000000000000b880       0xaa ./Peripheral/src/ch32v30x_fsmc.o
                0x000000000000b880                FSMC_NORSRAMInit
 .text.FSMC_NORSRAMCmd
                0x000000000000b92a       0x1e ./Peripheral/src/ch32v30x_fsmc.o
                0x000000000000b92a                FSMC_NORSRAMCmd
 .text.GPIO_Init
                0x000000000000b948       0xc0 ./Peripheral/src/ch32v30x_gpio.o
                0x000000000000b948                GPIO_Init
 .text.GPIO_ReadInputDataBit
                0x000000000000ba08        0xa ./Peripheral/src/ch32v30x_gpio.o
                0x000000000000ba08                GPIO_ReadInputDataBit
 .text.GPIO_SetBits
                0x000000000000ba12        0x4 ./Peripheral/src/ch32v30x_gpio.o
                0x000000000000ba12                GPIO_SetBits
 .text.GPIO_ResetBits
                0x000000000000ba16        0x4 ./Peripheral/src/ch32v30x_gpio.o
                0x000000000000ba16                GPIO_ResetBits
 .text.GPIO_WriteBit
                0x000000000000ba1a        0xa ./Peripheral/src/ch32v30x_gpio.o
                0x000000000000ba1a                GPIO_WriteBit
 .text.GPIO_EXTILineConfig
                0x000000000000ba24       0x2c ./Peripheral/src/ch32v30x_gpio.o
                0x000000000000ba24                GPIO_EXTILineConfig
 .text.NVIC_Init
                0x000000000000ba50       0x5c ./Peripheral/src/ch32v30x_misc.o
                0x000000000000ba50                NVIC_Init
 .text.RCC_GetClocksFreq
                0x000000000000baac      0x176 ./Peripheral/src/ch32v30x_rcc.o
                0x000000000000baac                RCC_GetClocksFreq
 .text.RCC_AHBPeriphClockCmd
                0x000000000000bc22       0x1e ./Peripheral/src/ch32v30x_rcc.o
                0x000000000000bc22                RCC_AHBPeriphClockCmd
 .text.RCC_APB2PeriphClockCmd
                0x000000000000bc40       0x1e ./Peripheral/src/ch32v30x_rcc.o
                0x000000000000bc40                RCC_APB2PeriphClockCmd
 .text.RCC_APB1PeriphClockCmd
                0x000000000000bc5e       0x1e ./Peripheral/src/ch32v30x_rcc.o
                0x000000000000bc5e                RCC_APB1PeriphClockCmd
 .text.SDIO_DeInit
                0x000000000000bc7c       0x30 ./Peripheral/src/ch32v30x_sdio.o
                0x000000000000bc7c                SDIO_DeInit
 .text.SDIO_Init
                0x000000000000bcac       0x2a ./Peripheral/src/ch32v30x_sdio.o
                0x000000000000bcac                SDIO_Init
 .text.SDIO_ClockCmd
                0x000000000000bcd6       0x16 ./Peripheral/src/ch32v30x_sdio.o
                0x000000000000bcd6                SDIO_ClockCmd
 .text.SDIO_SetPowerState
                0x000000000000bcec       0x12 ./Peripheral/src/ch32v30x_sdio.o
                0x000000000000bcec                SDIO_SetPowerState
 .text.SDIO_GetPowerState
                0x000000000000bcfe        0xa ./Peripheral/src/ch32v30x_sdio.o
                0x000000000000bcfe                SDIO_GetPowerState
 .text.SDIO_DMACmd
                0x000000000000bd08       0x14 ./Peripheral/src/ch32v30x_sdio.o
                0x000000000000bd08                SDIO_DMACmd
 .text.SDIO_SendCommand
                0x000000000000bd1c       0x22 ./Peripheral/src/ch32v30x_sdio.o
                0x000000000000bd1c                SDIO_SendCommand
 .text.SDIO_DataConfig
                0x000000000000bd3e       0x26 ./Peripheral/src/ch32v30x_sdio.o
                0x000000000000bd3e                SDIO_DataConfig
 .text.SDIO_ReadData
                0x000000000000bd64        0xa ./Peripheral/src/ch32v30x_sdio.o
                0x000000000000bd64                SDIO_ReadData
 .text.SDIO_WriteData
                0x000000000000bd6e        0xa ./Peripheral/src/ch32v30x_sdio.o
                0x000000000000bd6e                SDIO_WriteData
 .text.SDIO_GetFlagStatus
                0x000000000000bd78        0xe ./Peripheral/src/ch32v30x_sdio.o
                0x000000000000bd78                SDIO_GetFlagStatus
 .text.SDIO_ClearFlag
                0x000000000000bd86        0x8 ./Peripheral/src/ch32v30x_sdio.o
                0x000000000000bd86                SDIO_ClearFlag
 .text.SPI_Init
                0x000000000000bd8e       0x3e ./Peripheral/src/ch32v30x_spi.o
                0x000000000000bd8e                SPI_Init
 .text.SPI_Cmd  0x000000000000bdcc       0x1a ./Peripheral/src/ch32v30x_spi.o
                0x000000000000bdcc                SPI_Cmd
 .text.SPI_I2S_SendData
                0x000000000000bde6        0x4 ./Peripheral/src/ch32v30x_spi.o
                0x000000000000bde6                SPI_I2S_SendData
 .text.SPI_I2S_ReceiveData
                0x000000000000bdea        0x4 ./Peripheral/src/ch32v30x_spi.o
                0x000000000000bdea                SPI_I2S_ReceiveData
 .text.SPI_I2S_GetFlagStatus
                0x000000000000bdee        0xa ./Peripheral/src/ch32v30x_spi.o
                0x000000000000bdee                SPI_I2S_GetFlagStatus
 .text.TIM_TimeBaseInit
                0x000000000000bdf8       0xaa ./Peripheral/src/ch32v30x_tim.o
                0x000000000000bdf8                TIM_TimeBaseInit
 .text.TIM_OC1Init
                0x000000000000bea2       0x82 ./Peripheral/src/ch32v30x_tim.o
                0x000000000000bea2                TIM_OC1Init
 .text.TIM_Cmd  0x000000000000bf24       0x18 ./Peripheral/src/ch32v30x_tim.o
                0x000000000000bf24                TIM_Cmd
 .text.TIM_CtrlPWMOutputs
                0x000000000000bf3c       0x16 ./Peripheral/src/ch32v30x_tim.o
                0x000000000000bf3c                TIM_CtrlPWMOutputs
 .text.TIM_ITConfig
                0x000000000000bf52       0x12 ./Peripheral/src/ch32v30x_tim.o
                0x000000000000bf52                TIM_ITConfig
 .text.TIM_DMACmd
                0x000000000000bf64        0xc ./Peripheral/src/ch32v30x_tim.o
                0x000000000000bf64                TIM_DMACmd
 .text.TIM_ARRPreloadConfig
                0x000000000000bf70       0x1a ./Peripheral/src/ch32v30x_tim.o
                0x000000000000bf70                TIM_ARRPreloadConfig
 .text.TIM_OC1PreloadConfig
                0x000000000000bf8a        0xe ./Peripheral/src/ch32v30x_tim.o
                0x000000000000bf8a                TIM_OC1PreloadConfig
 .text.TIM_SetCounter
                0x000000000000bf98        0x4 ./Peripheral/src/ch32v30x_tim.o
                0x000000000000bf98                TIM_SetCounter
 .text.TIM_SetAutoreload
                0x000000000000bf9c        0x4 ./Peripheral/src/ch32v30x_tim.o
                0x000000000000bf9c                TIM_SetAutoreload
 .text.TIM_SetCompare1
                0x000000000000bfa0        0x4 ./Peripheral/src/ch32v30x_tim.o
                0x000000000000bfa0                TIM_SetCompare1
 .text.TIM_GetCounter
                0x000000000000bfa4        0x4 ./Peripheral/src/ch32v30x_tim.o
                0x000000000000bfa4                TIM_GetCounter
 .text.TIM_GetFlagStatus
                0x000000000000bfa8        0xa ./Peripheral/src/ch32v30x_tim.o
                0x000000000000bfa8                TIM_GetFlagStatus
 .text.TIM_ClearFlag
                0x000000000000bfb2        0xc ./Peripheral/src/ch32v30x_tim.o
                0x000000000000bfb2                TIM_ClearFlag
 .text.TIM_GetITStatus
                0x000000000000bfbe       0x18 ./Peripheral/src/ch32v30x_tim.o
                0x000000000000bfbe                TIM_GetITStatus
 .text.TIM_ClearITPendingBit
                0x000000000000bfd6        0xc ./Peripheral/src/ch32v30x_tim.o
                0x000000000000bfd6                TIM_ClearITPendingBit
 .text.USART_Init
                0x000000000000bfe2       0x90 ./Peripheral/src/ch32v30x_usart.o
                0x000000000000bfe2                USART_Init
 .text.USART_Cmd
                0x000000000000c072       0x16 ./Peripheral/src/ch32v30x_usart.o
                0x000000000000c072                USART_Cmd
 .text.USART_ITConfig
                0x000000000000c088       0x36 ./Peripheral/src/ch32v30x_usart.o
                0x000000000000c088                USART_ITConfig
 .text.USART_SendData
                0x000000000000c0be        0x8 ./Peripheral/src/ch32v30x_usart.o
                0x000000000000c0be                USART_SendData
 .text.USART_GetFlagStatus
                0x000000000000c0c6        0xa ./Peripheral/src/ch32v30x_usart.o
                0x000000000000c0c6                USART_GetFlagStatus
 .text.USART_GetITStatus
                0x000000000000c0d0       0x3c ./Peripheral/src/ch32v30x_usart.o
                0x000000000000c0d0                USART_GetITStatus
 .text.USART_ClearITPendingBit
                0x000000000000c10c       0x14 ./Peripheral/src/ch32v30x_usart.o
                0x000000000000c10c                USART_ClearITPendingBit
 .text.usmart_sys_cmd_exe
                0x000000000000c120      0x2c8 ./Middlewares/USMART/usmart.o
                0x000000000000c120                usmart_sys_cmd_exe
 .text.usmart_init
                0x000000000000c3e8       0x26 ./Middlewares/USMART/usmart.o
                0x000000000000c3e8                usmart_init
 .text.usmart_cmd_rec
                0x000000000000c40e       0x7e ./Middlewares/USMART/usmart.o
                0x000000000000c40e                usmart_cmd_rec
 .text.usmart_exe
                0x000000000000c48c      0x26c ./Middlewares/USMART/usmart.o
                0x000000000000c48c                usmart_exe
 .text.usmart_scan
                0x000000000000c6f8       0x7a ./Middlewares/USMART/usmart.o
                0x000000000000c6f8                usmart_scan
 .text.read_addr
                0x000000000000c772        0x4 ./Middlewares/USMART/usmart.o
                0x000000000000c772                read_addr
 .text.write_addr
                0x000000000000c776        0x4 ./Middlewares/USMART/usmart.o
                0x000000000000c776                write_addr
 .text.usmart_get_input_string
                0x000000000000c77a       0x2c ./Middlewares/USMART/usmart_port.o
                0x000000000000c77a                usmart_get_input_string
 .text.usmart_timx_reset_time
                0x000000000000c7a6       0x34 ./Middlewares/USMART/usmart_port.o
                0x000000000000c7a6                usmart_timx_reset_time
 .text.usmart_timx_get_time
                0x000000000000c7da       0x48 ./Middlewares/USMART/usmart_port.o
                0x000000000000c7da                usmart_timx_get_time
 .text.usmart_timx_init
                0x000000000000c822       0x5c ./Middlewares/USMART/usmart_port.o
                0x000000000000c822                usmart_timx_init
 .text.TIM4_IRQHandler
                0x000000000000c87e       0x4e ./Middlewares/USMART/usmart_port.o
                0x000000000000c87e                TIM4_IRQHandler
 .text.usmart_strcmp
                0x000000000000c8cc       0x1c ./Middlewares/USMART/usmart_str.o
                0x000000000000c8cc                usmart_strcmp
 .text.usmart_strcopy
                0x000000000000c8e8       0x10 ./Middlewares/USMART/usmart_str.o
                0x000000000000c8e8                usmart_strcopy
 .text.usmart_strlen
                0x000000000000c8f8       0x16 ./Middlewares/USMART/usmart_str.o
                0x000000000000c8f8                usmart_strlen
 .text.usmart_str2num
                0x000000000000c90e      0x114 ./Middlewares/USMART/usmart_str.o
                0x000000000000c90e                usmart_str2num
 .text.usmart_get_cmdname
                0x000000000000ca22       0x2e ./Middlewares/USMART/usmart_str.o
                0x000000000000ca22                usmart_get_cmdname
 .text.usmart_search_nextc
                0x000000000000ca50       0x1a ./Middlewares/USMART/usmart_str.o
                0x000000000000ca50                usmart_search_nextc
 .text.usmart_get_fname
                0x000000000000ca6a      0x1b4 ./Middlewares/USMART/usmart_str.o
                0x000000000000ca6a                usmart_get_fname
 .text.usmart_get_aparm
                0x000000000000cc1e       0xfc ./Middlewares/USMART/usmart_str.o
                0x000000000000cc1e                usmart_get_aparm
 .text.usmart_get_parmpos
                0x000000000000cd1a       0x26 ./Middlewares/USMART/usmart_str.o
                0x000000000000cd1a                usmart_get_parmpos
 .text.usmart_get_fparam
                0x000000000000cd40      0x10c ./Middlewares/USMART/usmart_str.o
                0x000000000000cd40                usmart_get_fparam
 .text.fonts_init
                0x000000000000ce4c       0x48 ./Middlewares/TEXT/fonts.o
                0x000000000000ce4c                fonts_init
 .text.text_show_font
                0x000000000000ce94      0x18a ./Middlewares/TEXT/text.o
                0x000000000000ce94                text_show_font
 .text.text_show_string
                0x000000000000d01e       0xbc ./Middlewares/TEXT/text.o
                0x000000000000d01e                text_show_string
 .text.text_show_string_middle
                0x000000000000d0da       0x66 ./Middlewares/TEXT/text.o
                0x000000000000d0da                text_show_string_middle
 .text.stdbmp_decode
                0x000000000000d140      0x34c ./Middlewares/PICTURE/bmp.o
                0x000000000000d140                stdbmp_decode
 .text.gif_readcolortbl
                0x000000000000d48c       0x52 ./Middlewares/PICTURE/gif.o
 .text.gif_getdatablock
                0x000000000000d4de       0x42 ./Middlewares/PICTURE/gif.o
 .text.gif_getnextcode.isra.1
                0x000000000000d520       0xf4 ./Middlewares/PICTURE/gif.o
 .text.gif_getinfo
                0x000000000000d614       0x4c ./Middlewares/PICTURE/gif.o
                0x000000000000d614                gif_getinfo
 .text.gif_decode
                0x000000000000d660      0x848 ./Middlewares/PICTURE/gif.o
                0x000000000000d660                gif_decode
 .text.piclib_fill_color
                0x000000000000dea8       0x1c ./Middlewares/PICTURE/piclib.o
 .text.piclib_init
                0x000000000000dec4       0x7a ./Middlewares/PICTURE/piclib.o
                0x000000000000dec4                piclib_init
 .text.piclib_ai_draw_init
                0x000000000000df3e       0xe8 ./Middlewares/PICTURE/piclib.o
                0x000000000000df3e                piclib_ai_draw_init
 .text.piclib_is_element_ok
                0x000000000000e026       0x2e ./Middlewares/PICTURE/piclib.o
                0x000000000000e026                piclib_is_element_ok
 .text.piclib_ai_load_picfile
                0x000000000000e054       0xb0 ./Middlewares/PICTURE/piclib.o
                0x000000000000e054                piclib_ai_load_picfile
 .text.piclib_mem_malloc
                0x000000000000e104       0x10 ./Middlewares/PICTURE/piclib.o
                0x000000000000e104                piclib_mem_malloc
 .text.piclib_mem_free
                0x000000000000e114       0x10 ./Middlewares/PICTURE/piclib.o
                0x000000000000e114                piclib_mem_free
 .text.alloc_pool
                0x000000000000e124       0x24 ./Middlewares/PICTURE/tjpgd.o
 .text.huffext  0x000000000000e148      0x138 ./Middlewares/PICTURE/tjpgd.o
 .text.bitext   0x000000000000e280       0x8e ./Middlewares/PICTURE/tjpgd.o
 .text.jpeg_out_func_fill
                0x000000000000e30e       0x4a ./Middlewares/PICTURE/tjpgd.o
 .text.jpeg_in_func
                0x000000000000e358       0x34 ./Middlewares/PICTURE/tjpgd.o
 .text.jpeg_freeall
                0x000000000000e38c       0x20 ./Middlewares/PICTURE/tjpgd.o
 .text.jpeg_out_func_point
                0x000000000000e3ac       0xcc ./Middlewares/PICTURE/tjpgd.o
 .text.jpeg_mallocall
                0x000000000000e478       0x3a ./Middlewares/PICTURE/tjpgd.o
 .text.jd_prepare
                0x000000000000e4b2      0x510 ./Middlewares/PICTURE/tjpgd.o
                0x000000000000e4b2                jd_prepare
 .text.jd_decomp
                0x000000000000e9c2      0x7e4 ./Middlewares/PICTURE/tjpgd.o
                0x000000000000e9c2                jd_decomp
 .text.jpg_decode
                0x000000000000f1a6       0xe8 ./Middlewares/PICTURE/tjpgd.o
                0x000000000000f1a6                jpg_decode
 .text.my_mem_perused
                0x000000000000f28e       0x3c ./Middlewares/MALLOC/malloc.o
                0x000000000000f28e                my_mem_perused
 .text.my_mem_malloc
                0x000000000000f2ca       0x74 ./Middlewares/MALLOC/malloc.o
 .text.my_mem_set
                0x000000000000f33e       0x10 ./Middlewares/MALLOC/malloc.o
                0x000000000000f33e                my_mem_set
 .text.my_mem_init
                0x000000000000f34e       0x2a ./Middlewares/MALLOC/malloc.o
                0x000000000000f34e                my_mem_init
 .text.myfree   0x000000000000f378       0x50 ./Middlewares/MALLOC/malloc.o
                0x000000000000f378                myfree
 .text.mymalloc
                0x000000000000f3c8       0x28 ./Middlewares/MALLOC/malloc.o
                0x000000000000f3c8                mymalloc
 .text.disk_status
                0x000000000000f3f0        0x4 ./Middlewares/FATFS/source/diskio.o
                0x000000000000f3f0                disk_status
 .text.disk_initialize
                0x000000000000f3f4       0x28 ./Middlewares/FATFS/source/diskio.o
                0x000000000000f3f4                disk_initialize
 .text.disk_read
                0x000000000000f41c       0x54 ./Middlewares/FATFS/source/diskio.o
                0x000000000000f41c                disk_read
 .text.disk_write
                0x000000000000f470       0x54 ./Middlewares/FATFS/source/diskio.o
                0x000000000000f470                disk_write
 .text.disk_ioctl
                0x000000000000f4c4       0x80 ./Middlewares/FATFS/source/diskio.o
                0x000000000000f4c4                disk_ioctl
 .text.ld_dword
                0x000000000000f544       0x16 ./Middlewares/FATFS/source/ff.o
 .text.ld_qword
                0x000000000000f55a       0x4e ./Middlewares/FATFS/source/ff.o
 .text.st_dword
                0x000000000000f5a8       0x14 ./Middlewares/FATFS/source/ff.o
 .text.st_qword
                0x000000000000f5bc       0x26 ./Middlewares/FATFS/source/ff.o
 .text.clst2sect
                0x000000000000f5e2       0x1a ./Middlewares/FATFS/source/ff.o
 .text.clmt_clust
                0x000000000000f5fc       0x3a ./Middlewares/FATFS/source/ff.o
 .text.sum_sfn  0x000000000000f636       0x22 ./Middlewares/FATFS/source/ff.o
 .text.xdir_sum
                0x000000000000f658       0x34 ./Middlewares/FATFS/source/ff.o
 .text.get_ldnumber
                0x000000000000f68c       0x50 ./Middlewares/FATFS/source/ff.o
 .text.validate
                0x000000000000f6dc       0x40 ./Middlewares/FATFS/source/ff.o
 .text.xname_sum
                0x000000000000f71c       0x44 ./Middlewares/FATFS/source/ff.o
 .text.put_utf  0x000000000000f760       0x42 ./Middlewares/FATFS/source/ff.o
 .text.get_fileinfo
                0x000000000000f7a2      0x220 ./Middlewares/FATFS/source/ff.o
 .text.tchar2uni
                0x000000000000f9c2       0x72 ./Middlewares/FATFS/source/ff.o
 .text.ld_clust.isra.0
                0x000000000000fa34       0x1e ./Middlewares/FATFS/source/ff.o
 .text.st_clust.isra.1
                0x000000000000fa52       0x1e ./Middlewares/FATFS/source/ff.o
 .text.init_alloc_info.isra.2
                0x000000000000fa70       0x2e ./Middlewares/FATFS/source/ff.o
 .text.sync_window.part.3
                0x000000000000fa9e       0x48 ./Middlewares/FATFS/source/ff.o
 .text.move_window
                0x000000000000fae6       0x40 ./Middlewares/FATFS/source/ff.o
 .text.get_fat  0x000000000000fb26      0x162 ./Middlewares/FATFS/source/ff.o
 .text.change_bitmap
                0x000000000000fc88       0x8c ./Middlewares/FATFS/source/ff.o
 .text.check_fs
                0x000000000000fd14      0x110 ./Middlewares/FATFS/source/ff.o
 .text.put_fat  0x000000000000fe24      0x12a ./Middlewares/FATFS/source/ff.o
 .text.fill_last_frag
                0x000000000000ff4e       0x38 ./Middlewares/FATFS/source/ff.o
 .text.remove_chain
                0x000000000000ff86      0x118 ./Middlewares/FATFS/source/ff.o
 .text.fill_first_frag
                0x000000000001009e       0x38 ./Middlewares/FATFS/source/ff.o
 .text.mount_volume
                0x00000000000100d6      0x446 ./Middlewares/FATFS/source/ff.o
 .text.create_chain
                0x000000000001051c      0x1f0 ./Middlewares/FATFS/source/ff.o
 .text.sync_fs  0x000000000001070c       0xac ./Middlewares/FATFS/source/ff.o
 .text.dir_clear
                0x00000000000107b8       0xc0 ./Middlewares/FATFS/source/ff.o
 .text.dir_next
                0x0000000000010878       0xd0 ./Middlewares/FATFS/source/ff.o
 .text.load_xdir
                0x0000000000010948       0xfc ./Middlewares/FATFS/source/ff.o
 .text.dir_read
                0x0000000000010a44      0x18a ./Middlewares/FATFS/source/ff.o
 .text.dir_sdi  0x0000000000010bce       0xae ./Middlewares/FATFS/source/ff.o
                0x0000000000010bce                dir_sdi
 .text.dir_find
                0x0000000000010c7c      0x206 ./Middlewares/FATFS/source/ff.o
 .text.follow_path
                0x0000000000010e82      0x33e ./Middlewares/FATFS/source/ff.o
 .text.dir_alloc
                0x00000000000111c0       0x66 ./Middlewares/FATFS/source/ff.o
 .text.store_xdir
                0x0000000000011226       0x70 ./Middlewares/FATFS/source/ff.o
 .text.dir_register
                0x0000000000011296      0x3d8 ./Middlewares/FATFS/source/ff.o
 .text.f_mount  0x000000000001166e       0x52 ./Middlewares/FATFS/source/ff.o
                0x000000000001166e                f_mount
 .text.f_open   0x00000000000116c0      0x2dc ./Middlewares/FATFS/source/ff.o
                0x00000000000116c0                f_open
 .text.f_read   0x000000000001199c      0x1a2 ./Middlewares/FATFS/source/ff.o
                0x000000000001199c                f_read
 .text.f_sync   0x0000000000011b3e      0x1a2 ./Middlewares/FATFS/source/ff.o
                0x0000000000011b3e                f_sync
 .text.f_close  0x0000000000011ce0       0x22 ./Middlewares/FATFS/source/ff.o
                0x0000000000011ce0                f_close
 .text.f_lseek  0x0000000000011d02      0x32a ./Middlewares/FATFS/source/ff.o
                0x0000000000011d02                f_lseek
 .text.f_opendir
                0x000000000001202c       0xae ./Middlewares/FATFS/source/ff.o
                0x000000000001202c                f_opendir
 .text.f_readdir
                0x00000000000120da       0x70 ./Middlewares/FATFS/source/ff.o
                0x00000000000120da                f_readdir
 .text.get_fattime
                0x000000000001214a        0x4 ./Middlewares/FATFS/source/ffsystem.o
                0x000000000001214a                get_fattime
 .text.ff_memalloc
                0x000000000001214e       0x10 ./Middlewares/FATFS/source/ffsystem.o
                0x000000000001214e                ff_memalloc
 .text.ff_memfree
                0x000000000001215e       0x10 ./Middlewares/FATFS/source/ffsystem.o
                0x000000000001215e                ff_memfree
 .text.exfuns_init
                0x000000000001216e       0x3e ./Middlewares/FATFS/exfuns/exfuns.o
                0x000000000001216e                exfuns_init
 .text.exfuns_char_upper
                0x00000000000121ac       0x10 ./Middlewares/FATFS/exfuns/exfuns.o
                0x00000000000121ac                exfuns_char_upper
 .text.exfuns_file_type
                0x00000000000121bc       0xb4 ./Middlewares/FATFS/exfuns/exfuns.o
                0x00000000000121bc                exfuns_file_type
 .text.mf_free  0x0000000000012270       0x22 ./Middlewares/FATFS/exfuns/fattester.o
                0x0000000000012270                mf_free
 .text.mf_init  0x0000000000012292       0x3a ./Middlewares/FATFS/exfuns/fattester.o
                0x0000000000012292                mf_init
 .text.ff_uni2oem
                0x00000000000122cc       0x9a ./Middlewares/FATFS/exfuns/myffunicode.o
                0x00000000000122cc                ff_uni2oem
 .text.ff_oem2uni
                0x0000000000012366       0x9e ./Middlewares/FATFS/exfuns/myffunicode.o
                0x0000000000012366                ff_oem2uni
 .text.ff_wtoupper
                0x0000000000012404       0xa0 ./Middlewares/FATFS/exfuns/myffunicode.o
                0x0000000000012404                ff_wtoupper
 .text._sbrk    0x00000000000124a4       0x2a ./Debug/debug.o
                0x00000000000124a4                _sbrk
 .text.fmodf    0x00000000000124ce       0xca c:/mounriver/mounriver_studio2/resources/app/resources/win32/components/wch/toolchain/risc-v embedded gcc/bin/../lib/gcc/riscv-none-embed/8.2.0/../../../../riscv-none-embed/lib/rv32imacxw/ilp32\libm.a(lib_a-wf_fmod.o)
                0x00000000000124ce                fmodf
 .text.__ieee754_fmodf
                0x0000000000012598      0x13a c:/mounriver/mounriver_studio2/resources/app/resources/win32/components/wch/toolchain/risc-v embedded gcc/bin/../lib/gcc/riscv-none-embed/8.2.0/../../../../riscv-none-embed/lib/rv32imacxw/ilp32\libm.a(lib_a-ef_fmod.o)
                0x0000000000012598                __ieee754_fmodf
 .text.matherr  0x00000000000126d2        0x4 c:/mounriver/mounriver_studio2/resources/app/resources/win32/components/wch/toolchain/risc-v embedded gcc/bin/../lib/gcc/riscv-none-embed/8.2.0/../../../../riscv-none-embed/lib/rv32imacxw/ilp32\libm.a(lib_a-s_matherr.o)
                0x00000000000126d2                matherr
 .text.__udivdi3
                0x00000000000126d6      0x392 c:/mounriver/mounriver_studio2/resources/app/resources/win32/components/wch/toolchain/risc-v embedded gcc/bin/../lib/gcc/riscv-none-embed/8.2.0/rv32imacxw/ilp32\libgcc.a(_udivdi3.o)
                0x00000000000126d6                __udivdi3
 .text.__divdf3
                0x0000000000012a68      0x5b4 c:/mounriver/mounriver_studio2/resources/app/resources/win32/components/wch/toolchain/risc-v embedded gcc/bin/../lib/gcc/riscv-none-embed/8.2.0/rv32imacxw/ilp32\libgcc.a(divdf3.o)
                0x0000000000012a68                __divdf3
 .text.__muldf3
                0x000000000001301c      0x4b8 c:/mounriver/mounriver_studio2/resources/app/resources/win32/components/wch/toolchain/risc-v embedded gcc/bin/../lib/gcc/riscv-none-embed/8.2.0/rv32imacxw/ilp32\libgcc.a(muldf3.o)
                0x000000000001301c                __muldf3
 .text.__subdf3
                0x00000000000134d4      0x73e c:/mounriver/mounriver_studio2/resources/app/resources/win32/components/wch/toolchain/risc-v embedded gcc/bin/../lib/gcc/riscv-none-embed/8.2.0/rv32imacxw/ilp32\libgcc.a(subdf3.o)
                0x00000000000134d4                __subdf3
 .text.__fixunsdfsi
                0x0000000000013c12       0x5c c:/mounriver/mounriver_studio2/resources/app/resources/win32/components/wch/toolchain/risc-v embedded gcc/bin/../lib/gcc/riscv-none-embed/8.2.0/rv32imacxw/ilp32\libgcc.a(fixunsdfsi.o)
                0x0000000000013c12                __fixunsdfsi
 .text.__floatsidf
                0x0000000000013c6e       0x72 c:/mounriver/mounriver_studio2/resources/app/resources/win32/components/wch/toolchain/risc-v embedded gcc/bin/../lib/gcc/riscv-none-embed/8.2.0/rv32imacxw/ilp32\libgcc.a(floatsidf.o)
                0x0000000000013c6e                __floatsidf
 .text.__addsf3
                0x0000000000013ce0      0x36a c:/mounriver/mounriver_studio2/resources/app/resources/win32/components/wch/toolchain/risc-v embedded gcc/bin/../lib/gcc/riscv-none-embed/8.2.0/rv32imacxw/ilp32\libgcc.a(addsf3.o)
                0x0000000000013ce0                __addsf3
 .text.__divsf3
                0x000000000001404a      0x2b2 c:/mounriver/mounriver_studio2/resources/app/resources/win32/components/wch/toolchain/risc-v embedded gcc/bin/../lib/gcc/riscv-none-embed/8.2.0/rv32imacxw/ilp32\libgcc.a(divsf3.o)
                0x000000000001404a                __divsf3
 .text.__eqsf2  0x00000000000142fc       0x5c c:/mounriver/mounriver_studio2/resources/app/resources/win32/components/wch/toolchain/risc-v embedded gcc/bin/../lib/gcc/riscv-none-embed/8.2.0/rv32imacxw/ilp32\libgcc.a(eqsf2.o)
                0x00000000000142fc                __eqsf2
                0x00000000000142fc                __nesf2
 .text.__gesf2  0x0000000000014358       0x86 c:/mounriver/mounriver_studio2/resources/app/resources/win32/components/wch/toolchain/risc-v embedded gcc/bin/../lib/gcc/riscv-none-embed/8.2.0/rv32imacxw/ilp32\libgcc.a(gesf2.o)
                0x0000000000014358                __gesf2
                0x0000000000014358                __gtsf2
 .text.__lesf2  0x00000000000143de       0x8c c:/mounriver/mounriver_studio2/resources/app/resources/win32/components/wch/toolchain/risc-v embedded gcc/bin/../lib/gcc/riscv-none-embed/8.2.0/rv32imacxw/ilp32\libgcc.a(lesf2.o)
                0x00000000000143de                __ltsf2
                0x00000000000143de                __lesf2
 .text.__mulsf3
                0x000000000001446a      0x294 c:/mounriver/mounriver_studio2/resources/app/resources/win32/components/wch/toolchain/risc-v embedded gcc/bin/../lib/gcc/riscv-none-embed/8.2.0/rv32imacxw/ilp32\libgcc.a(mulsf3.o)
                0x000000000001446a                __mulsf3
 .text.__subsf3
                0x00000000000146fe      0x388 c:/mounriver/mounriver_studio2/resources/app/resources/win32/components/wch/toolchain/risc-v embedded gcc/bin/../lib/gcc/riscv-none-embed/8.2.0/rv32imacxw/ilp32\libgcc.a(subsf3.o)
                0x00000000000146fe                __subsf3
 .text.__unordsf2
                0x0000000000014a86       0x3c c:/mounriver/mounriver_studio2/resources/app/resources/win32/components/wch/toolchain/risc-v embedded gcc/bin/../lib/gcc/riscv-none-embed/8.2.0/rv32imacxw/ilp32\libgcc.a(unordsf2.o)
                0x0000000000014a86                __unordsf2
 .text.__fixsfsi
                0x0000000000014ac2       0x62 c:/mounriver/mounriver_studio2/resources/app/resources/win32/components/wch/toolchain/risc-v embedded gcc/bin/../lib/gcc/riscv-none-embed/8.2.0/rv32imacxw/ilp32\libgcc.a(fixsfsi.o)
                0x0000000000014ac2                __fixsfsi
 .text.__fixunssfsi
                0x0000000000014b24       0x56 c:/mounriver/mounriver_studio2/resources/app/resources/win32/components/wch/toolchain/risc-v embedded gcc/bin/../lib/gcc/riscv-none-embed/8.2.0/rv32imacxw/ilp32\libgcc.a(fixunssfsi.o)
                0x0000000000014b24                __fixunssfsi
 .text.__floatsisf
                0x0000000000014b7a       0xc6 c:/mounriver/mounriver_studio2/resources/app/resources/win32/components/wch/toolchain/risc-v embedded gcc/bin/../lib/gcc/riscv-none-embed/8.2.0/rv32imacxw/ilp32\libgcc.a(floatsisf.o)
                0x0000000000014b7a                __floatsisf
 .text.__floatunsisf
                0x0000000000014c40       0xce c:/mounriver/mounriver_studio2/resources/app/resources/win32/components/wch/toolchain/risc-v embedded gcc/bin/../lib/gcc/riscv-none-embed/8.2.0/rv32imacxw/ilp32\libgcc.a(floatunsisf.o)
                0x0000000000014c40                __floatunsisf
 .text.__extendsfdf2
                0x0000000000014d0e       0xac c:/mounriver/mounriver_studio2/resources/app/resources/win32/components/wch/toolchain/risc-v embedded gcc/bin/../lib/gcc/riscv-none-embed/8.2.0/rv32imacxw/ilp32\libgcc.a(extendsfdf2.o)
                0x0000000000014d0e                __extendsfdf2
 .text.__truncdfsf2
                0x0000000000014dba      0x16a c:/mounriver/mounriver_studio2/resources/app/resources/win32/components/wch/toolchain/risc-v embedded gcc/bin/../lib/gcc/riscv-none-embed/8.2.0/rv32imacxw/ilp32\libgcc.a(truncdfsf2.o)
                0x0000000000014dba                __truncdfsf2
 .text.__clzsi2
                0x0000000000014f24       0x6e c:/mounriver/mounriver_studio2/resources/app/resources/win32/components/wch/toolchain/risc-v embedded gcc/bin/../lib/gcc/riscv-none-embed/8.2.0/rv32imacxw/ilp32\libgcc.a(_clzsi2.o)
                0x0000000000014f24                __clzsi2
 .text.atof     0x0000000000014f92        0x6 c:/mounriver/mounriver_studio2/resources/app/resources/win32/components/wch/toolchain/risc-v embedded gcc/bin/../lib/gcc/riscv-none-embed/8.2.0/../../../../riscv-none-embed/lib/rv32imacxw/ilp32\libg_nano.a(lib_a-atof.o)
                0x0000000000014f92                atof
 .text.atoi     0x0000000000014f98        0x8 c:/mounriver/mounriver_studio2/resources/app/resources/win32/components/wch/toolchain/risc-v embedded gcc/bin/../lib/gcc/riscv-none-embed/8.2.0/../../../../riscv-none-embed/lib/rv32imacxw/ilp32\libg_nano.a(lib_a-atoi.o)
                0x0000000000014f98                atoi
 .text.__errno  0x0000000000014fa0        0x8 c:/mounriver/mounriver_studio2/resources/app/resources/win32/components/wch/toolchain/risc-v embedded gcc/bin/../lib/gcc/riscv-none-embed/8.2.0/../../../../riscv-none-embed/lib/rv32imacxw/ilp32\libg_nano.a(lib_a-errno.o)
                0x0000000000014fa0                __errno
 .text.memcmp   0x0000000000014fa8       0x24 c:/mounriver/mounriver_studio2/resources/app/resources/win32/components/wch/toolchain/risc-v embedded gcc/bin/../lib/gcc/riscv-none-embed/8.2.0/../../../../riscv-none-embed/lib/rv32imacxw/ilp32\libg_nano.a(lib_a-memcmp.o)
                0x0000000000014fa8                memcmp
 .text.memcpy   0x0000000000014fcc       0xb2 c:/mounriver/mounriver_studio2/resources/app/resources/win32/components/wch/toolchain/risc-v embedded gcc/bin/../lib/gcc/riscv-none-embed/8.2.0/../../../../riscv-none-embed/lib/rv32imacxw/ilp32\libg_nano.a(lib_a-memcpy.o)
                0x0000000000014fcc                memcpy
 .text.printf   0x000000000001507e       0x42 c:/mounriver/mounriver_studio2/resources/app/resources/win32/components/wch/toolchain/risc-v embedded gcc/bin/../lib/gcc/riscv-none-embed/8.2.0/../../../../riscv-none-embed/lib/rv32imacxw/ilp32\libg_nano.a(lib_a-printf.o)
                0x000000000001507e                iprintf
                0x000000000001507e                printf
 .text.putchar  0x00000000000150c0       0x2c c:/mounriver/mounriver_studio2/resources/app/resources/win32/components/wch/toolchain/risc-v embedded gcc/bin/../lib/gcc/riscv-none-embed/8.2.0/../../../../riscv-none-embed/lib/rv32imacxw/ilp32\libg_nano.a(lib_a-putchar.o)
                0x00000000000150c0                putchar
 .text._puts_r  0x00000000000150ec       0xde c:/mounriver/mounriver_studio2/resources/app/resources/win32/components/wch/toolchain/risc-v embedded gcc/bin/../lib/gcc/riscv-none-embed/8.2.0/../../../../riscv-none-embed/lib/rv32imacxw/ilp32\libg_nano.a(lib_a-puts.o)
                0x00000000000150ec                _puts_r
 .text.puts     0x00000000000151ca        0xc c:/mounriver/mounriver_studio2/resources/app/resources/win32/components/wch/toolchain/risc-v embedded gcc/bin/../lib/gcc/riscv-none-embed/8.2.0/../../../../riscv-none-embed/lib/rv32imacxw/ilp32\libg_nano.a(lib_a-puts.o)
                0x00000000000151ca                puts
 .text.sscanf   0x00000000000151d6       0x52 c:/mounriver/mounriver_studio2/resources/app/resources/win32/components/wch/toolchain/risc-v embedded gcc/bin/../lib/gcc/riscv-none-embed/8.2.0/../../../../riscv-none-embed/lib/rv32imacxw/ilp32\libg_nano.a(lib_a-sscanf.o)
                0x00000000000151d6                siscanf
                0x00000000000151d6                sscanf
 .text.__sread  0x0000000000015228       0x2e c:/mounriver/mounriver_studio2/resources/app/resources/win32/components/wch/toolchain/risc-v embedded gcc/bin/../lib/gcc/riscv-none-embed/8.2.0/../../../../riscv-none-embed/lib/rv32imacxw/ilp32\libg_nano.a(lib_a-stdio.o)
                0x0000000000015228                __sread
 .text.__seofread
                0x0000000000015256        0x4 c:/mounriver/mounriver_studio2/resources/app/resources/win32/components/wch/toolchain/risc-v embedded gcc/bin/../lib/gcc/riscv-none-embed/8.2.0/../../../../riscv-none-embed/lib/rv32imacxw/ilp32\libg_nano.a(lib_a-stdio.o)
                0x0000000000015256                __seofread
 .text.__swrite
                0x000000000001525a       0x4c c:/mounriver/mounriver_studio2/resources/app/resources/win32/components/wch/toolchain/risc-v embedded gcc/bin/../lib/gcc/riscv-none-embed/8.2.0/../../../../riscv-none-embed/lib/rv32imacxw/ilp32\libg_nano.a(lib_a-stdio.o)
                0x000000000001525a                __swrite
 .text.__sseek  0x00000000000152a6       0x32 c:/mounriver/mounriver_studio2/resources/app/resources/win32/components/wch/toolchain/risc-v embedded gcc/bin/../lib/gcc/riscv-none-embed/8.2.0/../../../../riscv-none-embed/lib/rv32imacxw/ilp32\libg_nano.a(lib_a-stdio.o)
                0x00000000000152a6                __sseek
 .text.__sclose
                0x00000000000152d8        0x8 c:/mounriver/mounriver_studio2/resources/app/resources/win32/components/wch/toolchain/risc-v embedded gcc/bin/../lib/gcc/riscv-none-embed/8.2.0/../../../../riscv-none-embed/lib/rv32imacxw/ilp32\libg_nano.a(lib_a-stdio.o)
                0x00000000000152d8                __sclose
 .text.strcat   0x00000000000152e0       0x1e c:/mounriver/mounriver_studio2/resources/app/resources/win32/components/wch/toolchain/risc-v embedded gcc/bin/../lib/gcc/riscv-none-embed/8.2.0/../../../../riscv-none-embed/lib/rv32imacxw/ilp32\libg_nano.a(lib_a-strcat.o)
                0x00000000000152e0                strcat
 .text.strchr   0x00000000000152fe       0x18 c:/mounriver/mounriver_studio2/resources/app/resources/win32/components/wch/toolchain/risc-v embedded gcc/bin/../lib/gcc/riscv-none-embed/8.2.0/../../../../riscv-none-embed/lib/rv32imacxw/ilp32\libg_nano.a(lib_a-strchr.o)
                0x00000000000152fe                strchr